Archive member included to satisfy reference by file (symbol)

c:/program files (x86)/gnu tools arm embedded/5.4 2016q3/bin/../lib/gcc/arm-none-eabi/5.4.1/../../../../arm-none-eabi/lib/armv7-m\libm.a(lib_a-w_pow.o)
                              ..\obj\adc.o (pow)
c:/program files (x86)/gnu tools arm embedded/5.4 2016q3/bin/../lib/gcc/arm-none-eabi/5.4.1/../../../../arm-none-eabi/lib/armv7-m\libm.a(lib_a-e_pow.o)
                              c:/program files (x86)/gnu tools arm embedded/5.4 2016q3/bin/../lib/gcc/arm-none-eabi/5.4.1/../../../../arm-none-eabi/lib/armv7-m\libm.a(lib_a-w_pow.o) (__ieee754_pow)
c:/program files (x86)/gnu tools arm embedded/5.4 2016q3/bin/../lib/gcc/arm-none-eabi/5.4.1/../../../../arm-none-eabi/lib/armv7-m\libm.a(lib_a-e_sqrt.o)
                              c:/program files (x86)/gnu tools arm embedded/5.4 2016q3/bin/../lib/gcc/arm-none-eabi/5.4.1/../../../../arm-none-eabi/lib/armv7-m\libm.a(lib_a-e_pow.o) (__ieee754_sqrt)
c:/program files (x86)/gnu tools arm embedded/5.4 2016q3/bin/../lib/gcc/arm-none-eabi/5.4.1/../../../../arm-none-eabi/lib/armv7-m\libm.a(lib_a-s_fabs.o)
                              c:/program files (x86)/gnu tools arm embedded/5.4 2016q3/bin/../lib/gcc/arm-none-eabi/5.4.1/../../../../arm-none-eabi/lib/armv7-m\libm.a(lib_a-e_pow.o) (fabs)
c:/program files (x86)/gnu tools arm embedded/5.4 2016q3/bin/../lib/gcc/arm-none-eabi/5.4.1/../../../../arm-none-eabi/lib/armv7-m\libm.a(lib_a-s_finite.o)
                              c:/program files (x86)/gnu tools arm embedded/5.4 2016q3/bin/../lib/gcc/arm-none-eabi/5.4.1/../../../../arm-none-eabi/lib/armv7-m\libm.a(lib_a-w_pow.o) (finite)
c:/program files (x86)/gnu tools arm embedded/5.4 2016q3/bin/../lib/gcc/arm-none-eabi/5.4.1/../../../../arm-none-eabi/lib/armv7-m\libm.a(lib_a-s_lib_ver.o)
                              c:/program files (x86)/gnu tools arm embedded/5.4 2016q3/bin/../lib/gcc/arm-none-eabi/5.4.1/../../../../arm-none-eabi/lib/armv7-m\libm.a(lib_a-w_pow.o) (__fdlib_version)
c:/program files (x86)/gnu tools arm embedded/5.4 2016q3/bin/../lib/gcc/arm-none-eabi/5.4.1/../../../../arm-none-eabi/lib/armv7-m\libm.a(lib_a-s_matherr.o)
                              c:/program files (x86)/gnu tools arm embedded/5.4 2016q3/bin/../lib/gcc/arm-none-eabi/5.4.1/../../../../arm-none-eabi/lib/armv7-m\libm.a(lib_a-w_pow.o) (matherr)
c:/program files (x86)/gnu tools arm embedded/5.4 2016q3/bin/../lib/gcc/arm-none-eabi/5.4.1/../../../../arm-none-eabi/lib/armv7-m\libm.a(lib_a-s_nan.o)
                              c:/program files (x86)/gnu tools arm embedded/5.4 2016q3/bin/../lib/gcc/arm-none-eabi/5.4.1/../../../../arm-none-eabi/lib/armv7-m\libm.a(lib_a-e_pow.o) (nan)
c:/program files (x86)/gnu tools arm embedded/5.4 2016q3/bin/../lib/gcc/arm-none-eabi/5.4.1/../../../../arm-none-eabi/lib/armv7-m\libm.a(lib_a-s_rint.o)
                              c:/program files (x86)/gnu tools arm embedded/5.4 2016q3/bin/../lib/gcc/arm-none-eabi/5.4.1/../../../../arm-none-eabi/lib/armv7-m\libm.a(lib_a-w_pow.o) (rint)
c:/program files (x86)/gnu tools arm embedded/5.4 2016q3/bin/../lib/gcc/arm-none-eabi/5.4.1/../../../../arm-none-eabi/lib/armv7-m\libm.a(lib_a-s_scalbn.o)
                              c:/program files (x86)/gnu tools arm embedded/5.4 2016q3/bin/../lib/gcc/arm-none-eabi/5.4.1/../../../../arm-none-eabi/lib/armv7-m\libm.a(lib_a-e_pow.o) (scalbn)
c:/program files (x86)/gnu tools arm embedded/5.4 2016q3/bin/../lib/gcc/arm-none-eabi/5.4.1/../../../../arm-none-eabi/lib/armv7-m\libm.a(lib_a-s_copysign.o)
                              c:/program files (x86)/gnu tools arm embedded/5.4 2016q3/bin/../lib/gcc/arm-none-eabi/5.4.1/../../../../arm-none-eabi/lib/armv7-m\libm.a(lib_a-s_scalbn.o) (copysign)
c:/program files (x86)/gnu tools arm embedded/5.4 2016q3/bin/../lib/gcc/arm-none-eabi/5.4.1/armv7-m\libgcc.a(_arm_addsubdf3.o)
                              ..\obj\adc.o (__aeabi_dsub)
c:/program files (x86)/gnu tools arm embedded/5.4 2016q3/bin/../lib/gcc/arm-none-eabi/5.4.1/armv7-m\libgcc.a(_arm_muldivdf3.o)
                              ..\obj\adc.o (__aeabi_dmul)
c:/program files (x86)/gnu tools arm embedded/5.4 2016q3/bin/../lib/gcc/arm-none-eabi/5.4.1/armv7-m\libgcc.a(_arm_cmpdf2.o)
                              c:/program files (x86)/gnu tools arm embedded/5.4 2016q3/bin/../lib/gcc/arm-none-eabi/5.4.1/../../../../arm-none-eabi/lib/armv7-m\libm.a(lib_a-w_pow.o) (__aeabi_dcmpeq)
c:/program files (x86)/gnu tools arm embedded/5.4 2016q3/bin/../lib/gcc/arm-none-eabi/5.4.1/armv7-m\libgcc.a(_arm_unorddf2.o)
                              c:/program files (x86)/gnu tools arm embedded/5.4 2016q3/bin/../lib/gcc/arm-none-eabi/5.4.1/../../../../arm-none-eabi/lib/armv7-m\libm.a(lib_a-w_pow.o) (__aeabi_dcmpun)
c:/program files (x86)/gnu tools arm embedded/5.4 2016q3/bin/../lib/gcc/arm-none-eabi/5.4.1/armv7-m\libgcc.a(_arm_truncdfsf2.o)
                              ..\obj\adc.o (__aeabi_d2f)
c:/program files (x86)/gnu tools arm embedded/5.4 2016q3/bin/../lib/gcc/arm-none-eabi/5.4.1/armv7-m\libgcc.a(_arm_addsubsf3.o)
                              ..\obj\main.o (__aeabi_fsub)
c:/program files (x86)/gnu tools arm embedded/5.4 2016q3/bin/../lib/gcc/arm-none-eabi/5.4.1/armv7-m\libgcc.a(_arm_muldivsf3.o)
                              ..\obj\pid.o (__aeabi_fmul)
c:/program files (x86)/gnu tools arm embedded/5.4 2016q3/bin/../lib/gcc/arm-none-eabi/5.4.1/armv7-m\libgcc.a(_arm_cmpsf2.o)
                              ..\obj\filter.o (__aeabi_fcmpgt)
c:/program files (x86)/gnu tools arm embedded/5.4 2016q3/bin/../lib/gcc/arm-none-eabi/5.4.1/armv7-m\libgcc.a(_arm_fixunssfsi.o)
                              ..\obj\main.o (__aeabi_f2uiz)
c:/program files (x86)/gnu tools arm embedded/5.4 2016q3/bin/../lib/gcc/arm-none-eabi/5.4.1/../../../../arm-none-eabi/lib/armv7-m\libg.a(lib_a-errno.o)
                              c:/program files (x86)/gnu tools arm embedded/5.4 2016q3/bin/../lib/gcc/arm-none-eabi/5.4.1/../../../../arm-none-eabi/lib/armv7-m\libm.a(lib_a-w_pow.o) (__errno)
c:/program files (x86)/gnu tools arm embedded/5.4 2016q3/bin/../lib/gcc/arm-none-eabi/5.4.1/../../../../arm-none-eabi/lib/armv7-m\libg.a(lib_a-impure.o)
                              ..\obj\printf.o (_impure_ptr)
c:/program files (x86)/gnu tools arm embedded/5.4 2016q3/bin/../lib/gcc/arm-none-eabi/5.4.1/../../../../arm-none-eabi/lib/armv7-m\libg.a(lib_a-memcpy.o)
                              ..\obj\startup_stm32f10x_hd.o (memcpy)
c:/program files (x86)/gnu tools arm embedded/5.4 2016q3/bin/../lib/gcc/arm-none-eabi/5.4.1/../../../../arm-none-eabi/lib/armv7-m\libg.a(lib_a-memset.o)
                              ..\obj\printf.o (memset)
c:/program files (x86)/gnu tools arm embedded/5.4 2016q3/bin/../lib/gcc/arm-none-eabi/5.4.1/../../../../arm-none-eabi/lib/armv7-m\libg.a(lib_a-strlen-stub.o)
                              ..\obj\usart.o (strlen)

Allocating common symbols
Common symbol       size              file

parser2             0x71              ..\obj\datalink.o
med_filter_tmp      0x58              ..\obj\filter.o
parser1             0x71              ..\obj\datalink.o
med_filter_out      0x8               ..\obj\filter.o
adc_converted_value
                    0x2               ..\obj\adc.o
med_fil_cnt         0x2               ..\obj\filter.o
task_1s             0x2               ..\obj\schedule.o
task_1ms            0x2               ..\obj\schedule.o

Discarded input sections

 .text          0x00000000        0x0 ..\obj\system_stm32f10x.o
 .data          0x00000000       0x14 ..\obj\system_stm32f10x.o
 .bss           0x00000000        0x0 ..\obj\system_stm32f10x.o
 .text.SystemCoreClockUpdate
                0x00000000       0x58 ..\obj\system_stm32f10x.o
 .text          0x00000000        0x0 ..\obj\startup_stm32f10x_hd.o
 .data          0x00000000        0x0 ..\obj\startup_stm32f10x_hd.o
 .bss           0x00000000        0x0 ..\obj\startup_stm32f10x_hd.o
 .text          0x00000000        0x0 ..\obj\stm32f10x_gpio.o
 .data          0x00000000        0x0 ..\obj\stm32f10x_gpio.o
 .bss           0x00000000        0x0 ..\obj\stm32f10x_gpio.o
 .text.GPIO_DeInit
                0x00000000       0xdc ..\obj\stm32f10x_gpio.o
 .text.GPIO_AFIODeInit
                0x00000000       0x18 ..\obj\stm32f10x_gpio.o
 .text.GPIO_StructInit
                0x00000000       0x10 ..\obj\stm32f10x_gpio.o
 .text.GPIO_ReadInputDataBit
                0x00000000        0xc ..\obj\stm32f10x_gpio.o
 .text.GPIO_ReadInputData
                0x00000000        0x8 ..\obj\stm32f10x_gpio.o
 .text.GPIO_ReadOutputDataBit
                0x00000000        0xc ..\obj\stm32f10x_gpio.o
 .text.GPIO_ReadOutputData
                0x00000000        0x8 ..\obj\stm32f10x_gpio.o
 .text.GPIO_SetBits
                0x00000000        0x4 ..\obj\stm32f10x_gpio.o
 .text.GPIO_ResetBits
                0x00000000        0x4 ..\obj\stm32f10x_gpio.o
 .text.GPIO_WriteBit
                0x00000000        0xc ..\obj\stm32f10x_gpio.o
 .text.GPIO_Write
                0x00000000        0x4 ..\obj\stm32f10x_gpio.o
 .text.GPIO_PinLockConfig
                0x00000000       0x10 ..\obj\stm32f10x_gpio.o
 .text.GPIO_EventOutputConfig
                0x00000000       0x1c ..\obj\stm32f10x_gpio.o
 .text.GPIO_EventOutputCmd
                0x00000000        0xc ..\obj\stm32f10x_gpio.o
 .text.GPIO_PinRemapConfig
                0x00000000       0x6c ..\obj\stm32f10x_gpio.o
 .text.GPIO_EXTILineConfig
                0x00000000       0x2c ..\obj\stm32f10x_gpio.o
 .text.GPIO_ETH_MediaInterfaceConfig
                0x00000000        0xc ..\obj\stm32f10x_gpio.o
 .text          0x00000000        0x0 ..\obj\main.o
 .data          0x00000000        0x0 ..\obj\main.o
 .text          0x00000000        0x0 ..\obj\init.o
 .data          0x00000000        0x0 ..\obj\init.o
 .bss           0x00000000        0x0 ..\obj\init.o
 .text          0x00000000        0x0 ..\obj\playvoice.o
 .data          0x00000000        0x0 ..\obj\playvoice.o
 .bss           0x00000000        0x0 ..\obj\playvoice.o
 .text          0x00000000        0x0 ..\obj\printf.o
 .data          0x00000000      0x428 ..\obj\printf.o
 .bss           0x00000000        0x0 ..\obj\printf.o
 .text.PrintChar
                0x00000000        0xc ..\obj\printf.o
 .text.PutChar  0x00000000        0x8 ..\obj\printf.o
 .text.PutString
                0x00000000       0x20 ..\obj\printf.o
 .text.PutUnsignedInt
                0x00000000       0xa4 ..\obj\printf.o
 .text.PutSignedInt
                0x00000000      0x174 ..\obj\printf.o
 .text.PutHexa  0x00000000       0xb4 ..\obj\printf.o
 .text.vsnprintf
                0x00000000      0x51c ..\obj\printf.o
 .text.snprintf
                0x00000000       0x20 ..\obj\printf.o
 .text.vsprintf
                0x00000000        0xc ..\obj\printf.o
 .text.vfprintf
                0x00000000       0xa0 ..\obj\printf.o
 .text.vprintf  0x00000000       0xa0 ..\obj\printf.o
 .text.fprintf  0x00000000       0xb0 ..\obj\printf.o
 .text.printf   0x00000000       0x28 ..\obj\printf.o
 .text.sprintf  0x00000000       0x20 ..\obj\printf.o
 .text.puts     0x00000000       0x44 ..\obj\printf.o
 .text.fputc    0x00000000       0x30 ..\obj\printf.o
 .text.fputs    0x00000000       0x44 ..\obj\printf.o
 .rodata.str1.4
                0x00000000       0x24 ..\obj\printf.o
 .debug_info    0x00000000     0x23d1 ..\obj\printf.o
 .debug_abbrev  0x00000000      0x3da ..\obj\printf.o
 .debug_loc     0x00000000     0x35f7 ..\obj\printf.o
 .debug_aranges
                0x00000000       0xa0 ..\obj\printf.o
 .debug_ranges  0x00000000      0x688 ..\obj\printf.o
 .debug_line    0x00000000      0x7ba ..\obj\printf.o
 .debug_str     0x00000000      0x728 ..\obj\printf.o
 .comment       0x00000000       0x6f ..\obj\printf.o
 .debug_frame   0x00000000      0x2b0 ..\obj\printf.o
 .ARM.attributes
                0x00000000       0x33 ..\obj\printf.o
 .text          0x00000000        0x0 ..\obj\stm32f10x_rcc.o
 .bss           0x00000000        0x0 ..\obj\stm32f10x_rcc.o
 .text.RCC_DeInit
                0x00000000       0x40 ..\obj\stm32f10x_rcc.o
 .text.RCC_HSEConfig
                0x00000000       0x38 ..\obj\stm32f10x_rcc.o
 .text.RCC_WaitForHSEStartUp
                0x00000000       0x34 ..\obj\stm32f10x_rcc.o
 .text.RCC_AdjustHSICalibrationValue
                0x00000000       0x14 ..\obj\stm32f10x_rcc.o
 .text.RCC_HSICmd
                0x00000000        0xc ..\obj\stm32f10x_rcc.o
 .text.RCC_PLLConfig
                0x00000000       0x14 ..\obj\stm32f10x_rcc.o
 .text.RCC_PLLCmd
                0x00000000        0xc ..\obj\stm32f10x_rcc.o
 .text.RCC_SYSCLKConfig
                0x00000000       0x14 ..\obj\stm32f10x_rcc.o
 .text.RCC_GetSYSCLKSource
                0x00000000       0x10 ..\obj\stm32f10x_rcc.o
 .text.RCC_HCLKConfig
                0x00000000       0x14 ..\obj\stm32f10x_rcc.o
 .text.RCC_PCLK1Config
                0x00000000       0x14 ..\obj\stm32f10x_rcc.o
 .text.RCC_PCLK2Config
                0x00000000       0x14 ..\obj\stm32f10x_rcc.o
 .text.RCC_ITConfig
                0x00000000       0x1c ..\obj\stm32f10x_rcc.o
 .text.RCC_USBCLKConfig
                0x00000000        0xc ..\obj\stm32f10x_rcc.o
 .text.RCC_LSEConfig
                0x00000000       0x20 ..\obj\stm32f10x_rcc.o
 .text.RCC_LSICmd
                0x00000000        0xc ..\obj\stm32f10x_rcc.o
 .text.RCC_RTCCLKConfig
                0x00000000       0x10 ..\obj\stm32f10x_rcc.o
 .text.RCC_RTCCLKCmd
                0x00000000        0xc ..\obj\stm32f10x_rcc.o
 .text.RCC_APB2PeriphResetCmd
                0x00000000       0x1c ..\obj\stm32f10x_rcc.o
 .text.RCC_APB1PeriphResetCmd
                0x00000000       0x1c ..\obj\stm32f10x_rcc.o
 .text.RCC_BackupResetCmd
                0x00000000        0xc ..\obj\stm32f10x_rcc.o
 .text.RCC_ClockSecuritySystemCmd
                0x00000000        0xc ..\obj\stm32f10x_rcc.o
 .text.RCC_MCOConfig
                0x00000000        0xc ..\obj\stm32f10x_rcc.o
 .text.RCC_GetFlagStatus
                0x00000000       0x34 ..\obj\stm32f10x_rcc.o
 .text.RCC_ClearFlag
                0x00000000       0x10 ..\obj\stm32f10x_rcc.o
 .text.RCC_GetITStatus
                0x00000000       0x14 ..\obj\stm32f10x_rcc.o
 .text.RCC_ClearITPendingBit
                0x00000000        0xc ..\obj\stm32f10x_rcc.o
 .text          0x00000000        0x0 ..\obj\StreamParser.o
 .data          0x00000000        0x0 ..\obj\StreamParser.o
 .bss           0x00000000        0x0 ..\obj\StreamParser.o
 .text.parsePacketPayload
                0x00000000       0x90 ..\obj\StreamParser.o
 .text          0x00000000        0x0 ..\obj\stm32f10x_adc.o
 .data          0x00000000        0x0 ..\obj\stm32f10x_adc.o
 .bss           0x00000000        0x0 ..\obj\stm32f10x_adc.o
 .text.ADC_DeInit
                0x00000000       0x6c ..\obj\stm32f10x_adc.o
 .text.ADC_StructInit
                0x00000000       0x14 ..\obj\stm32f10x_adc.o
 .text.ADC_ITConfig
                0x00000000       0x14 ..\obj\stm32f10x_adc.o
 .text.ADC_GetSoftwareStartConvStatus
                0x00000000        0x8 ..\obj\stm32f10x_adc.o
 .text.ADC_DiscModeChannelCountConfig
                0x00000000       0x10 ..\obj\stm32f10x_adc.o
 .text.ADC_DiscModeCmd
                0x00000000       0x14 ..\obj\stm32f10x_adc.o
 .text.ADC_ExternalTrigConvCmd
                0x00000000       0x14 ..\obj\stm32f10x_adc.o
 .text.ADC_GetConversionValue
                0x00000000        0x8 ..\obj\stm32f10x_adc.o
 .text.ADC_GetDualModeConversionValue
                0x00000000        0xc ..\obj\stm32f10x_adc.o
 .text.ADC_AutoInjectedConvCmd
                0x00000000       0x14 ..\obj\stm32f10x_adc.o
 .text.ADC_InjectedDiscModeCmd
                0x00000000       0x14 ..\obj\stm32f10x_adc.o
 .text.ADC_ExternalTrigInjectedConvConfig
                0x00000000        0xc ..\obj\stm32f10x_adc.o
 .text.ADC_ExternalTrigInjectedConvCmd
                0x00000000       0x14 ..\obj\stm32f10x_adc.o
 .text.ADC_SoftwareStartInjectedConvCmd
                0x00000000       0x14 ..\obj\stm32f10x_adc.o
 .text.ADC_GetSoftwareStartInjectedConvCmdStatus
                0x00000000        0x8 ..\obj\stm32f10x_adc.o
 .text.ADC_InjectedChannelConfig
                0x00000000       0x58 ..\obj\stm32f10x_adc.o
 .text.ADC_InjectedSequencerLengthConfig
                0x00000000       0x10 ..\obj\stm32f10x_adc.o
 .text.ADC_SetInjectedOffset
                0x00000000       0x18 ..\obj\stm32f10x_adc.o
 .text.ADC_GetInjectedConversionValue
                0x00000000       0x1c ..\obj\stm32f10x_adc.o
 .text.ADC_AnalogWatchdogCmd
                0x00000000       0x10 ..\obj\stm32f10x_adc.o
 .text.ADC_AnalogWatchdogThresholdsConfig
                0x00000000        0x8 ..\obj\stm32f10x_adc.o
 .text.ADC_AnalogWatchdogSingleChannelConfig
                0x00000000        0xc ..\obj\stm32f10x_adc.o
 .text.ADC_TempSensorVrefintCmd
                0x00000000       0x1c ..\obj\stm32f10x_adc.o
 .text.ADC_GetFlagStatus
                0x00000000        0xc ..\obj\stm32f10x_adc.o
 .text.ADC_ClearFlag
                0x00000000        0x8 ..\obj\stm32f10x_adc.o
 .text.ADC_GetITStatus
                0x00000000       0x18 ..\obj\stm32f10x_adc.o
 .text.ADC_ClearITPendingBit
                0x00000000        0x8 ..\obj\stm32f10x_adc.o
 .text          0x00000000        0x0 ..\obj\stm32f10x_usart.o
 .data          0x00000000        0x0 ..\obj\stm32f10x_usart.o
 .bss           0x00000000        0x0 ..\obj\stm32f10x_usart.o
 .text.USART_DeInit
                0x00000000       0xb0 ..\obj\stm32f10x_usart.o
 .text.USART_StructInit
                0x00000000       0x18 ..\obj\stm32f10x_usart.o
 .text.USART_ClockInit
                0x00000000       0x24 ..\obj\stm32f10x_usart.o
 .text.USART_ClockStructInit
                0x00000000        0xc ..\obj\stm32f10x_usart.o
 .text.USART_DMACmd
                0x00000000       0x14 ..\obj\stm32f10x_usart.o
 .text.USART_SetAddress
                0x00000000       0x18 ..\obj\stm32f10x_usart.o
 .text.USART_WakeUpConfig
                0x00000000       0x18 ..\obj\stm32f10x_usart.o
 .text.USART_ReceiverWakeUpCmd
                0x00000000       0x1c ..\obj\stm32f10x_usart.o
 .text.USART_LINBreakDetectLengthConfig
                0x00000000       0x18 ..\obj\stm32f10x_usart.o
 .text.USART_LINCmd
                0x00000000       0x1c ..\obj\stm32f10x_usart.o
 .text.USART_SendBreak
                0x00000000        0xc ..\obj\stm32f10x_usart.o
 .text.USART_SetGuardTime
                0x00000000       0x14 ..\obj\stm32f10x_usart.o
 .text.USART_SetPrescaler
                0x00000000       0x14 ..\obj\stm32f10x_usart.o
 .text.USART_SmartCardCmd
                0x00000000       0x1c ..\obj\stm32f10x_usart.o
 .text.USART_SmartCardNACKCmd
                0x00000000       0x1c ..\obj\stm32f10x_usart.o
 .text.USART_HalfDuplexCmd
                0x00000000       0x1c ..\obj\stm32f10x_usart.o
 .text.USART_OverSampling8Cmd
                0x00000000       0x1c ..\obj\stm32f10x_usart.o
 .text.USART_OneBitMethodCmd
                0x00000000       0x1c ..\obj\stm32f10x_usart.o
 .text.USART_IrDAConfig
                0x00000000       0x18 ..\obj\stm32f10x_usart.o
 .text.USART_IrDACmd
                0x00000000       0x1c ..\obj\stm32f10x_usart.o
 .text.USART_ClearITPendingBit
                0x00000000       0x10 ..\obj\stm32f10x_usart.o
 .text          0x00000000        0x0 ..\obj\schedule.o
 .data          0x00000000        0x0 ..\obj\schedule.o
 .text          0x00000000        0x0 ..\obj\datalink.o
 .data          0x00000000        0x0 ..\obj\datalink.o
 .bss           0x00000000        0x0 ..\obj\datalink.o
 .text          0x00000000        0x0 ..\obj\syscalls.o
 .data          0x00000000        0x0 ..\obj\syscalls.o
 .bss           0x00000000        0x4 ..\obj\syscalls.o
 .text._sbrk    0x00000000       0x1c ..\obj\syscalls.o
 .text.link     0x00000000        0x8 ..\obj\syscalls.o
 .text._close   0x00000000        0x8 ..\obj\syscalls.o
 .text._fstat   0x00000000        0xc ..\obj\syscalls.o
 .text._isatty  0x00000000        0x4 ..\obj\syscalls.o
 .text._lseek   0x00000000        0x4 ..\obj\syscalls.o
 .text._read    0x00000000        0x4 ..\obj\syscalls.o
 .text._write   0x00000000        0x4 ..\obj\syscalls.o
 .text.abort    0x00000000        0x4 ..\obj\syscalls.o
 .debug_info    0x00000000      0x432 ..\obj\syscalls.o
 .debug_abbrev  0x00000000      0x147 ..\obj\syscalls.o
 .debug_loc     0x00000000       0xe7 ..\obj\syscalls.o
 .debug_aranges
                0x00000000       0x58 ..\obj\syscalls.o
 .debug_ranges  0x00000000       0x48 ..\obj\syscalls.o
 .debug_line    0x00000000      0x1c6 ..\obj\syscalls.o
 .debug_str     0x00000000      0x319 ..\obj\syscalls.o
 .comment       0x00000000       0x6f ..\obj\syscalls.o
 .debug_frame   0x00000000       0xa0 ..\obj\syscalls.o
 .ARM.attributes
                0x00000000       0x33 ..\obj\syscalls.o
 .text          0x00000000        0x0 ..\obj\adc.o
 .data          0x00000000        0x0 ..\obj\adc.o
 .bss           0x00000000        0x0 ..\obj\adc.o
 .text          0x00000000        0x0 ..\obj\stm32f10x_dma.o
 .data          0x00000000        0x0 ..\obj\stm32f10x_dma.o
 .bss           0x00000000        0x0 ..\obj\stm32f10x_dma.o
 .text.DMA_StructInit
                0x00000000       0x1c ..\obj\stm32f10x_dma.o
 .text.DMA_ITConfig
                0x00000000       0x14 ..\obj\stm32f10x_dma.o
 .text.DMA_SetCurrDataCounter
                0x00000000        0x4 ..\obj\stm32f10x_dma.o
 .text.DMA_GetCurrDataCounter
                0x00000000        0x8 ..\obj\stm32f10x_dma.o
 .text.DMA_GetFlagStatus
                0x00000000       0x1c ..\obj\stm32f10x_dma.o
 .text.DMA_ClearFlag
                0x00000000       0x14 ..\obj\stm32f10x_dma.o
 .text.DMA_GetITStatus
                0x00000000       0x1c ..\obj\stm32f10x_dma.o
 .text.DMA_ClearITPendingBit
                0x00000000       0x14 ..\obj\stm32f10x_dma.o
 .text          0x00000000        0x0 ..\obj\nvic.o
 .data          0x00000000        0x0 ..\obj\nvic.o
 .bss           0x00000000        0x0 ..\obj\nvic.o
 .text.initialise_nvic_group
                0x00000000        0x8 ..\obj\nvic.o
 .debug_info    0x00000000       0xde ..\obj\nvic.o
 .debug_abbrev  0x00000000       0x92 ..\obj\nvic.o
 .debug_aranges
                0x00000000       0x20 ..\obj\nvic.o
 .debug_ranges  0x00000000       0x10 ..\obj\nvic.o
 .debug_line    0x00000000      0x18c ..\obj\nvic.o
 .debug_str     0x00000000      0x196 ..\obj\nvic.o
 .comment       0x00000000       0x6f ..\obj\nvic.o
 .debug_frame   0x00000000       0x20 ..\obj\nvic.o
 .ARM.attributes
                0x00000000       0x33 ..\obj\nvic.o
 .text          0x00000000        0x0 ..\obj\ano_protocol.o
 .data          0x00000000        0x0 ..\obj\ano_protocol.o
 .bss           0x00000000        0x0 ..\obj\ano_protocol.o
 .text          0x00000000        0x0 ..\obj\misc.o
 .data          0x00000000        0x0 ..\obj\misc.o
 .bss           0x00000000        0x0 ..\obj\misc.o
 .text.NVIC_SetVectorTable
                0x00000000       0x14 ..\obj\misc.o
 .text.NVIC_SystemLPConfig
                0x00000000       0x18 ..\obj\misc.o
 .text          0x00000000        0x0 ..\obj\filter.o
 .data          0x00000000        0x0 ..\obj\filter.o
 .bss           0x00000000        0x0 ..\obj\filter.o
 .text          0x00000000        0x0 ..\obj\systick.o
 .data          0x00000000        0x0 ..\obj\systick.o
 .text.get_systime_us
                0x00000000       0x2c ..\obj\systick.o
 .text          0x00000000        0x0 ..\obj\pid.o
 .data          0x00000000        0x0 ..\obj\pid.o
 .bss           0x00000000        0x0 ..\obj\pid.o
 .text          0x00000000        0x0 ..\obj\usart.o
 .data          0x00000000        0x0 ..\obj\usart.o
 .bss           0x00000000        0x0 ..\obj\usart.o
 .text.usart_send_byte
                0x00000000       0x18 ..\obj\usart.o
 .text.usart_send_string
                0x00000000       0x38 ..\obj\usart.o
 .text          0x00000000        0x0 c:/program files (x86)/gnu tools arm embedded/5.4 2016q3/bin/../lib/gcc/arm-none-eabi/5.4.1/../../../../arm-none-eabi/lib/armv7-m\libm.a(lib_a-w_pow.o)
 .data          0x00000000        0x0 c:/program files (x86)/gnu tools arm embedded/5.4 2016q3/bin/../lib/gcc/arm-none-eabi/5.4.1/../../../../arm-none-eabi/lib/armv7-m\libm.a(lib_a-w_pow.o)
 .bss           0x00000000        0x0 c:/program files (x86)/gnu tools arm embedded/5.4 2016q3/bin/../lib/gcc/arm-none-eabi/5.4.1/../../../../arm-none-eabi/lib/armv7-m\libm.a(lib_a-w_pow.o)
 .text          0x00000000        0x0 c:/program files (x86)/gnu tools arm embedded/5.4 2016q3/bin/../lib/gcc/arm-none-eabi/5.4.1/../../../../arm-none-eabi/lib/armv7-m\libm.a(lib_a-e_pow.o)
 .data          0x00000000        0x0 c:/program files (x86)/gnu tools arm embedded/5.4 2016q3/bin/../lib/gcc/arm-none-eabi/5.4.1/../../../../arm-none-eabi/lib/armv7-m\libm.a(lib_a-e_pow.o)
 .bss           0x00000000        0x0 c:/program files (x86)/gnu tools arm embedded/5.4 2016q3/bin/../lib/gcc/arm-none-eabi/5.4.1/../../../../arm-none-eabi/lib/armv7-m\libm.a(lib_a-e_pow.o)
 .text          0x00000000        0x0 c:/program files (x86)/gnu tools arm embedded/5.4 2016q3/bin/../lib/gcc/arm-none-eabi/5.4.1/../../../../arm-none-eabi/lib/armv7-m\libm.a(lib_a-e_sqrt.o)
 .data          0x00000000        0x0 c:/program files (x86)/gnu tools arm embedded/5.4 2016q3/bin/../lib/gcc/arm-none-eabi/5.4.1/../../../../arm-none-eabi/lib/armv7-m\libm.a(lib_a-e_sqrt.o)
 .bss           0x00000000        0x0 c:/program files (x86)/gnu tools arm embedded/5.4 2016q3/bin/../lib/gcc/arm-none-eabi/5.4.1/../../../../arm-none-eabi/lib/armv7-m\libm.a(lib_a-e_sqrt.o)
 .text          0x00000000        0x0 c:/program files (x86)/gnu tools arm embedded/5.4 2016q3/bin/../lib/gcc/arm-none-eabi/5.4.1/../../../../arm-none-eabi/lib/armv7-m\libm.a(lib_a-s_fabs.o)
 .data          0x00000000        0x0 c:/program files (x86)/gnu tools arm embedded/5.4 2016q3/bin/../lib/gcc/arm-none-eabi/5.4.1/../../../../arm-none-eabi/lib/armv7-m\libm.a(lib_a-s_fabs.o)
 .bss           0x00000000        0x0 c:/program files (x86)/gnu tools arm embedded/5.4 2016q3/bin/../lib/gcc/arm-none-eabi/5.4.1/../../../../arm-none-eabi/lib/armv7-m\libm.a(lib_a-s_fabs.o)
 .text          0x00000000        0x0 c:/program files (x86)/gnu tools arm embedded/5.4 2016q3/bin/../lib/gcc/arm-none-eabi/5.4.1/../../../../arm-none-eabi/lib/armv7-m\libm.a(lib_a-s_finite.o)
 .data          0x00000000        0x0 c:/program files (x86)/gnu tools arm embedded/5.4 2016q3/bin/../lib/gcc/arm-none-eabi/5.4.1/../../../../arm-none-eabi/lib/armv7-m\libm.a(lib_a-s_finite.o)
 .bss           0x00000000        0x0 c:/program files (x86)/gnu tools arm embedded/5.4 2016q3/bin/../lib/gcc/arm-none-eabi/5.4.1/../../../../arm-none-eabi/lib/armv7-m\libm.a(lib_a-s_finite.o)
 .text          0x00000000        0x0 c:/program files (x86)/gnu tools arm embedded/5.4 2016q3/bin/../lib/gcc/arm-none-eabi/5.4.1/../../../../arm-none-eabi/lib/armv7-m\libm.a(lib_a-s_lib_ver.o)
 .data          0x00000000        0x0 c:/program files (x86)/gnu tools arm embedded/5.4 2016q3/bin/../lib/gcc/arm-none-eabi/5.4.1/../../../../arm-none-eabi/lib/armv7-m\libm.a(lib_a-s_lib_ver.o)
 .bss           0x00000000        0x0 c:/program files (x86)/gnu tools arm embedded/5.4 2016q3/bin/../lib/gcc/arm-none-eabi/5.4.1/../../../../arm-none-eabi/lib/armv7-m\libm.a(lib_a-s_lib_ver.o)
 .text          0x00000000        0x0 c:/program files (x86)/gnu tools arm embedded/5.4 2016q3/bin/../lib/gcc/arm-none-eabi/5.4.1/../../../../arm-none-eabi/lib/armv7-m\libm.a(lib_a-s_matherr.o)
 .data          0x00000000        0x0 c:/program files (x86)/gnu tools arm embedded/5.4 2016q3/bin/../lib/gcc/arm-none-eabi/5.4.1/../../../../arm-none-eabi/lib/armv7-m\libm.a(lib_a-s_matherr.o)
 .bss           0x00000000        0x0 c:/program files (x86)/gnu tools arm embedded/5.4 2016q3/bin/../lib/gcc/arm-none-eabi/5.4.1/../../../../arm-none-eabi/lib/armv7-m\libm.a(lib_a-s_matherr.o)
 .text          0x00000000        0x0 c:/program files (x86)/gnu tools arm embedded/5.4 2016q3/bin/../lib/gcc/arm-none-eabi/5.4.1/../../../../arm-none-eabi/lib/armv7-m\libm.a(lib_a-s_nan.o)
 .data          0x00000000        0x0 c:/program files (x86)/gnu tools arm embedded/5.4 2016q3/bin/../lib/gcc/arm-none-eabi/5.4.1/../../../../arm-none-eabi/lib/armv7-m\libm.a(lib_a-s_nan.o)
 .bss           0x00000000        0x0 c:/program files (x86)/gnu tools arm embedded/5.4 2016q3/bin/../lib/gcc/arm-none-eabi/5.4.1/../../../../arm-none-eabi/lib/armv7-m\libm.a(lib_a-s_nan.o)
 .text          0x00000000        0x0 c:/program files (x86)/gnu tools arm embedded/5.4 2016q3/bin/../lib/gcc/arm-none-eabi/5.4.1/../../../../arm-none-eabi/lib/armv7-m\libm.a(lib_a-s_rint.o)
 .data          0x00000000        0x0 c:/program files (x86)/gnu tools arm embedded/5.4 2016q3/bin/../lib/gcc/arm-none-eabi/5.4.1/../../../../arm-none-eabi/lib/armv7-m\libm.a(lib_a-s_rint.o)
 .bss           0x00000000        0x0 c:/program files (x86)/gnu tools arm embedded/5.4 2016q3/bin/../lib/gcc/arm-none-eabi/5.4.1/../../../../arm-none-eabi/lib/armv7-m\libm.a(lib_a-s_rint.o)
 .text          0x00000000        0x0 c:/program files (x86)/gnu tools arm embedded/5.4 2016q3/bin/../lib/gcc/arm-none-eabi/5.4.1/../../../../arm-none-eabi/lib/armv7-m\libm.a(lib_a-s_scalbn.o)
 .data          0x00000000        0x0 c:/program files (x86)/gnu tools arm embedded/5.4 2016q3/bin/../lib/gcc/arm-none-eabi/5.4.1/../../../../arm-none-eabi/lib/armv7-m\libm.a(lib_a-s_scalbn.o)
 .bss           0x00000000        0x0 c:/program files (x86)/gnu tools arm embedded/5.4 2016q3/bin/../lib/gcc/arm-none-eabi/5.4.1/../../../../arm-none-eabi/lib/armv7-m\libm.a(lib_a-s_scalbn.o)
 .text          0x00000000        0x0 c:/program files (x86)/gnu tools arm embedded/5.4 2016q3/bin/../lib/gcc/arm-none-eabi/5.4.1/../../../../arm-none-eabi/lib/armv7-m\libm.a(lib_a-s_copysign.o)
 .data          0x00000000        0x0 c:/program files (x86)/gnu tools arm embedded/5.4 2016q3/bin/../lib/gcc/arm-none-eabi/5.4.1/../../../../arm-none-eabi/lib/armv7-m\libm.a(lib_a-s_copysign.o)
 .bss           0x00000000        0x0 c:/program files (x86)/gnu tools arm embedded/5.4 2016q3/bin/../lib/gcc/arm-none-eabi/5.4.1/../../../../arm-none-eabi/lib/armv7-m\libm.a(lib_a-s_copysign.o)
 .data          0x00000000        0x0 c:/program files (x86)/gnu tools arm embedded/5.4 2016q3/bin/../lib/gcc/arm-none-eabi/5.4.1/armv7-m\libgcc.a(_arm_addsubdf3.o)
 .bss           0x00000000        0x0 c:/program files (x86)/gnu tools arm embedded/5.4 2016q3/bin/../lib/gcc/arm-none-eabi/5.4.1/armv7-m\libgcc.a(_arm_addsubdf3.o)
 .data          0x00000000        0x0 c:/program files (x86)/gnu tools arm embedded/5.4 2016q3/bin/../lib/gcc/arm-none-eabi/5.4.1/armv7-m\libgcc.a(_arm_muldivdf3.o)
 .bss           0x00000000        0x0 c:/program files (x86)/gnu tools arm embedded/5.4 2016q3/bin/../lib/gcc/arm-none-eabi/5.4.1/armv7-m\libgcc.a(_arm_muldivdf3.o)
 .data          0x00000000        0x0 c:/program files (x86)/gnu tools arm embedded/5.4 2016q3/bin/../lib/gcc/arm-none-eabi/5.4.1/armv7-m\libgcc.a(_arm_cmpdf2.o)
 .bss           0x00000000        0x0 c:/program files (x86)/gnu tools arm embedded/5.4 2016q3/bin/../lib/gcc/arm-none-eabi/5.4.1/armv7-m\libgcc.a(_arm_cmpdf2.o)
 .data          0x00000000        0x0 c:/program files (x86)/gnu tools arm embedded/5.4 2016q3/bin/../lib/gcc/arm-none-eabi/5.4.1/armv7-m\libgcc.a(_arm_unorddf2.o)
 .bss           0x00000000        0x0 c:/program files (x86)/gnu tools arm embedded/5.4 2016q3/bin/../lib/gcc/arm-none-eabi/5.4.1/armv7-m\libgcc.a(_arm_unorddf2.o)
 .data          0x00000000        0x0 c:/program files (x86)/gnu tools arm embedded/5.4 2016q3/bin/../lib/gcc/arm-none-eabi/5.4.1/armv7-m\libgcc.a(_arm_truncdfsf2.o)
 .bss           0x00000000        0x0 c:/program files (x86)/gnu tools arm embedded/5.4 2016q3/bin/../lib/gcc/arm-none-eabi/5.4.1/armv7-m\libgcc.a(_arm_truncdfsf2.o)
 .data          0x00000000        0x0 c:/program files (x86)/gnu tools arm embedded/5.4 2016q3/bin/../lib/gcc/arm-none-eabi/5.4.1/armv7-m\libgcc.a(_arm_addsubsf3.o)
 .bss           0x00000000        0x0 c:/program files (x86)/gnu tools arm embedded/5.4 2016q3/bin/../lib/gcc/arm-none-eabi/5.4.1/armv7-m\libgcc.a(_arm_addsubsf3.o)
 .data          0x00000000        0x0 c:/program files (x86)/gnu tools arm embedded/5.4 2016q3/bin/../lib/gcc/arm-none-eabi/5.4.1/armv7-m\libgcc.a(_arm_muldivsf3.o)
 .bss           0x00000000        0x0 c:/program files (x86)/gnu tools arm embedded/5.4 2016q3/bin/../lib/gcc/arm-none-eabi/5.4.1/armv7-m\libgcc.a(_arm_muldivsf3.o)
 .data          0x00000000        0x0 c:/program files (x86)/gnu tools arm embedded/5.4 2016q3/bin/../lib/gcc/arm-none-eabi/5.4.1/armv7-m\libgcc.a(_arm_cmpsf2.o)
 .bss           0x00000000        0x0 c:/program files (x86)/gnu tools arm embedded/5.4 2016q3/bin/../lib/gcc/arm-none-eabi/5.4.1/armv7-m\libgcc.a(_arm_cmpsf2.o)
 .data          0x00000000        0x0 c:/program files (x86)/gnu tools arm embedded/5.4 2016q3/bin/../lib/gcc/arm-none-eabi/5.4.1/armv7-m\libgcc.a(_arm_fixunssfsi.o)
 .bss           0x00000000        0x0 c:/program files (x86)/gnu tools arm embedded/5.4 2016q3/bin/../lib/gcc/arm-none-eabi/5.4.1/armv7-m\libgcc.a(_arm_fixunssfsi.o)
 .text          0x00000000        0x0 c:/program files (x86)/gnu tools arm embedded/5.4 2016q3/bin/../lib/gcc/arm-none-eabi/5.4.1/../../../../arm-none-eabi/lib/armv7-m\libg.a(lib_a-errno.o)
 .data          0x00000000        0x0 c:/program files (x86)/gnu tools arm embedded/5.4 2016q3/bin/../lib/gcc/arm-none-eabi/5.4.1/../../../../arm-none-eabi/lib/armv7-m\libg.a(lib_a-errno.o)
 .bss           0x00000000        0x0 c:/program files (x86)/gnu tools arm embedded/5.4 2016q3/bin/../lib/gcc/arm-none-eabi/5.4.1/../../../../arm-none-eabi/lib/armv7-m\libg.a(lib_a-errno.o)
 .text          0x00000000        0x0 c:/program files (x86)/gnu tools arm embedded/5.4 2016q3/bin/../lib/gcc/arm-none-eabi/5.4.1/../../../../arm-none-eabi/lib/armv7-m\libg.a(lib_a-impure.o)
 .data          0x00000000        0x0 c:/program files (x86)/gnu tools arm embedded/5.4 2016q3/bin/../lib/gcc/arm-none-eabi/5.4.1/../../../../arm-none-eabi/lib/armv7-m\libg.a(lib_a-impure.o)
 .bss           0x00000000        0x0 c:/program files (x86)/gnu tools arm embedded/5.4 2016q3/bin/../lib/gcc/arm-none-eabi/5.4.1/../../../../arm-none-eabi/lib/armv7-m\libg.a(lib_a-impure.o)
 .rodata._global_impure_ptr
                0x00000000        0x4 c:/program files (x86)/gnu tools arm embedded/5.4 2016q3/bin/../lib/gcc/arm-none-eabi/5.4.1/../../../../arm-none-eabi/lib/armv7-m\libg.a(lib_a-impure.o)
 .data          0x00000000        0x0 c:/program files (x86)/gnu tools arm embedded/5.4 2016q3/bin/../lib/gcc/arm-none-eabi/5.4.1/../../../../arm-none-eabi/lib/armv7-m\libg.a(lib_a-memcpy.o)
 .bss           0x00000000        0x0 c:/program files (x86)/gnu tools arm embedded/5.4 2016q3/bin/../lib/gcc/arm-none-eabi/5.4.1/../../../../arm-none-eabi/lib/armv7-m\libg.a(lib_a-memcpy.o)
 .text          0x00000000        0x0 c:/program files (x86)/gnu tools arm embedded/5.4 2016q3/bin/../lib/gcc/arm-none-eabi/5.4.1/../../../../arm-none-eabi/lib/armv7-m\libg.a(lib_a-memset.o)
 .data          0x00000000        0x0 c:/program files (x86)/gnu tools arm embedded/5.4 2016q3/bin/../lib/gcc/arm-none-eabi/5.4.1/../../../../arm-none-eabi/lib/armv7-m\libg.a(lib_a-memset.o)
 .bss           0x00000000        0x0 c:/program files (x86)/gnu tools arm embedded/5.4 2016q3/bin/../lib/gcc/arm-none-eabi/5.4.1/../../../../arm-none-eabi/lib/armv7-m\libg.a(lib_a-memset.o)
 .text.memset   0x00000000       0x9c c:/program files (x86)/gnu tools arm embedded/5.4 2016q3/bin/../lib/gcc/arm-none-eabi/5.4.1/../../../../arm-none-eabi/lib/armv7-m\libg.a(lib_a-memset.o)
 .debug_frame   0x00000000       0x34 c:/program files (x86)/gnu tools arm embedded/5.4 2016q3/bin/../lib/gcc/arm-none-eabi/5.4.1/../../../../arm-none-eabi/lib/armv7-m\libg.a(lib_a-memset.o)
 .ARM.attributes
                0x00000000       0x2d c:/program files (x86)/gnu tools arm embedded/5.4 2016q3/bin/../lib/gcc/arm-none-eabi/5.4.1/../../../../arm-none-eabi/lib/armv7-m\libg.a(lib_a-memset.o)
 .text          0x00000000        0x0 c:/program files (x86)/gnu tools arm embedded/5.4 2016q3/bin/../lib/gcc/arm-none-eabi/5.4.1/../../../../arm-none-eabi/lib/armv7-m\libg.a(lib_a-strlen-stub.o)
 .data          0x00000000        0x0 c:/program files (x86)/gnu tools arm embedded/5.4 2016q3/bin/../lib/gcc/arm-none-eabi/5.4.1/../../../../arm-none-eabi/lib/armv7-m\libg.a(lib_a-strlen-stub.o)
 .bss           0x00000000        0x0 c:/program files (x86)/gnu tools arm embedded/5.4 2016q3/bin/../lib/gcc/arm-none-eabi/5.4.1/../../../../arm-none-eabi/lib/armv7-m\libg.a(lib_a-strlen-stub.o)
 .text.strlen   0x00000000       0x5c c:/program files (x86)/gnu tools arm embedded/5.4 2016q3/bin/../lib/gcc/arm-none-eabi/5.4.1/../../../../arm-none-eabi/lib/armv7-m\libg.a(lib_a-strlen-stub.o)
 .debug_frame   0x00000000       0x20 c:/program files (x86)/gnu tools arm embedded/5.4 2016q3/bin/../lib/gcc/arm-none-eabi/5.4.1/../../../../arm-none-eabi/lib/armv7-m\libg.a(lib_a-strlen-stub.o)
 .ARM.attributes
                0x00000000       0x2d c:/program files (x86)/gnu tools arm embedded/5.4 2016q3/bin/../lib/gcc/arm-none-eabi/5.4.1/../../../../arm-none-eabi/lib/armv7-m\libg.a(lib_a-strlen-stub.o)

Memory Configuration

Name             Origin             Length             Attributes
rom              0x08000000         0x00040000         xr
ram              0x20000000         0x0000c000         xrw
*default*        0x00000000         0xffffffff

Linker script and memory map

                0x2000c000                _eram = 0x2000c000

.text           0x08000000     0x3a40
 *(.isr_vector)
 .isr_vector    0x08000000      0x134 ..\obj\startup_stm32f10x_hd.o
                0x08000000                g_pfnVectors
 *(.text*)
 .text.SystemInit
                0x08000134      0x104 ..\obj\system_stm32f10x.o
                0x08000134                SystemInit
 .text.Default_Handler
                0x08000238        0x4 ..\obj\startup_stm32f10x_hd.o
                0x08000238                EXTI2_IRQHandler
                0x08000238                TIM8_TRG_COM_IRQHandler
                0x08000238                TIM8_CC_IRQHandler
                0x08000238                DebugMon_Handler
                0x08000238                TIM1_CC_IRQHandler
                0x08000238                HardFault_Handler
                0x08000238                TIM6_IRQHandler
                0x08000238                PVD_IRQHandler
                0x08000238                SDIO_IRQHandler
                0x08000238                PendSV_Handler
                0x08000238                NMI_Handler
                0x08000238                EXTI3_IRQHandler
                0x08000238                EXTI0_IRQHandler
                0x08000238                I2C2_EV_IRQHandler
                0x08000238                UsageFault_Handler
                0x08000238                ADC1_2_IRQHandler
                0x08000238                SPI1_IRQHandler
                0x08000238                TAMPER_IRQHandler
                0x08000238                TIM8_UP_IRQHandler
                0x08000238                DMA2_Channel2_IRQHandler
                0x08000238                DMA1_Channel4_IRQHandler
                0x08000238                RTC_IRQHandler
                0x08000238                DMA1_Channel7_IRQHandler
                0x08000238                CAN1_RX1_IRQHandler
                0x08000238                UART5_IRQHandler
                0x08000238                ADC3_IRQHandler
                0x08000238                TIM4_IRQHandler
                0x08000238                DMA2_Channel1_IRQHandler
                0x08000238                I2C1_EV_IRQHandler
                0x08000238                DMA1_Channel6_IRQHandler
                0x08000238                TIM3_IRQHandler
                0x08000238                RCC_IRQHandler
                0x08000238                TIM1_TRG_COM_IRQHandler
                0x08000238                DMA1_Channel1_IRQHandler
                0x08000238                EXTI15_10_IRQHandler
                0x08000238                TIM7_IRQHandler
                0x08000238                TIM5_IRQHandler
                0x08000238                EXTI9_5_IRQHandler
                0x08000238                SPI2_IRQHandler
                0x08000238                MemManage_Handler
                0x08000238                SVC_Handler
                0x08000238                DMA1_Channel5_IRQHandler
                0x08000238                EXTI4_IRQHandler
                0x08000238                USB_LP_CAN1_RX0_IRQHandler
                0x08000238                USB_HP_CAN1_TX_IRQHandler
                0x08000238                DMA1_Channel3_IRQHandler
                0x08000238                FSMC_IRQHandler
                0x08000238                TIM1_UP_IRQHandler
                0x08000238                WWDG_IRQHandler
                0x08000238                TIM2_IRQHandler
                0x08000238                TIM1_BRK_IRQHandler
                0x08000238                EXTI1_IRQHandler
                0x08000238                RTCAlarm_IRQHandler
                0x08000238                DMA2_Channel4_5_IRQHandler
                0x08000238                I2C2_ER_IRQHandler
                0x08000238                DMA1_Channel2_IRQHandler
                0x08000238                TIM8_BRK_IRQHandler
                0x08000238                CAN1_SCE_IRQHandler
                0x08000238                FLASH_IRQHandler
                0x08000238                BusFault_Handler
                0x08000238                USART1_IRQHandler
                0x08000238                SPI3_IRQHandler
                0x08000238                I2C1_ER_IRQHandler
                0x08000238                USBWakeUp_IRQHandler
                0x08000238                DMA2_Channel3_IRQHandler
 .text.Default_Reset_Handler
                0x0800023c       0x4c ..\obj\startup_stm32f10x_hd.o
                0x0800023c                Default_Reset_Handler
                0x0800023c                Reset_Handler
 .text.GPIO_Init
                0x08000288      0x3cc ..\obj\stm32f10x_gpio.o
                0x08000288                GPIO_Init
 .text.startup.main
                0x08000654       0xf4 ..\obj\main.o
                0x08000654                main
 .text.initialise_board
                0x08000748       0x44 ..\obj\init.o
                0x08000748                initialise_board
 .text.play_voice
                0x0800078c       0x38 ..\obj\playvoice.o
                0x0800078c                play_voice
 .text.RCC_ADCCLKConfig
                0x080007c4       0x14 ..\obj\stm32f10x_rcc.o
                0x080007c4                RCC_ADCCLKConfig
 .text.RCC_GetClocksFreq
                0x080007d8       0x98 ..\obj\stm32f10x_rcc.o
                0x080007d8                RCC_GetClocksFreq
 .text.RCC_AHBPeriphClockCmd
                0x08000870       0x1c ..\obj\stm32f10x_rcc.o
                0x08000870                RCC_AHBPeriphClockCmd
 .text.RCC_APB2PeriphClockCmd
                0x0800088c       0x1c ..\obj\stm32f10x_rcc.o
                0x0800088c                RCC_APB2PeriphClockCmd
 .text.RCC_APB1PeriphClockCmd
                0x080008a8       0x1c ..\obj\stm32f10x_rcc.o
                0x080008a8                RCC_APB1PeriphClockCmd
 .text.THINKGEAR_initParser
                0x080008c4       0x20 ..\obj\StreamParser.o
                0x080008c4                THINKGEAR_initParser
 .text.THINKGEAR_parseByte
                0x080008e4      0x144 ..\obj\StreamParser.o
                0x080008e4                THINKGEAR_parseByte
 .text.ADC_Init
                0x08000a28       0x48 ..\obj\stm32f10x_adc.o
                0x08000a28                ADC_Init
 .text.ADC_Cmd  0x08000a70       0x14 ..\obj\stm32f10x_adc.o
                0x08000a70                ADC_Cmd
 .text.ADC_DMACmd
                0x08000a84       0x14 ..\obj\stm32f10x_adc.o
                0x08000a84                ADC_DMACmd
 .text.ADC_ResetCalibration
                0x08000a98        0xc ..\obj\stm32f10x_adc.o
                0x08000a98                ADC_ResetCalibration
 .text.ADC_GetResetCalibrationStatus
                0x08000aa4        0x8 ..\obj\stm32f10x_adc.o
                0x08000aa4                ADC_GetResetCalibrationStatus
 .text.ADC_StartCalibration
                0x08000aac        0xc ..\obj\stm32f10x_adc.o
                0x08000aac                ADC_StartCalibration
 .text.ADC_GetCalibrationStatus
                0x08000ab8        0x8 ..\obj\stm32f10x_adc.o
                0x08000ab8                ADC_GetCalibrationStatus
 .text.ADC_SoftwareStartConvCmd
                0x08000ac0       0x14 ..\obj\stm32f10x_adc.o
                0x08000ac0                ADC_SoftwareStartConvCmd
 .text.ADC_RegularChannelConfig
                0x08000ad4       0x94 ..\obj\stm32f10x_adc.o
                0x08000ad4                ADC_RegularChannelConfig
 .text.USART_Init
                0x08000b68       0xbc ..\obj\stm32f10x_usart.o
                0x08000b68                USART_Init
 .text.USART_Cmd
                0x08000c24       0x1c ..\obj\stm32f10x_usart.o
                0x08000c24                USART_Cmd
 .text.USART_ITConfig
                0x08000c40       0x38 ..\obj\stm32f10x_usart.o
                0x08000c40                USART_ITConfig
 .text.USART_SendData
                0x08000c78        0x8 ..\obj\stm32f10x_usart.o
                0x08000c78                USART_SendData
 .text.USART_ReceiveData
                0x08000c80        0x8 ..\obj\stm32f10x_usart.o
                0x08000c80                USART_ReceiveData
 .text.USART_GetFlagStatus
                0x08000c88        0xc ..\obj\stm32f10x_usart.o
                0x08000c88                USART_GetFlagStatus
 .text.USART_ClearFlag
                0x08000c94        0x8 ..\obj\stm32f10x_usart.o
                0x08000c94                USART_ClearFlag
 .text.USART_GetITStatus
                0x08000c9c       0x48 ..\obj\stm32f10x_usart.o
                0x08000c9c                USART_GetITStatus
 .text.systime_updata
                0x08000ce4       0x44 ..\obj\schedule.o
                0x08000ce4                systime_updata
 .text.should_task_run
                0x08000d28       0x34 ..\obj\schedule.o
                0x08000d28                should_task_run
 .text.initialise_think_data
                0x08000d5c       0x20 ..\obj\datalink.o
                0x08000d5c                initialise_think_data
 .text.get_data
                0x08000d7c       0x6c ..\obj\datalink.o
                0x08000d7c                get_data
 .text.send_value
                0x08000de8       0x30 ..\obj\datalink.o
                0x08000de8                send_value
 .text.USART2_IRQHandler
                0x08000e18       0x2c ..\obj\datalink.o
                0x08000e18                USART2_IRQHandler
 .text.USART3_IRQHandler
                0x08000e44       0x2c ..\obj\datalink.o
                0x08000e44                USART3_IRQHandler
 .text.UART4_IRQHandler
                0x08000e70       0x20 ..\obj\datalink.o
                0x08000e70                UART4_IRQHandler
 .text.initialise_adc
                0x08000e90       0xf4 ..\obj\adc.o
                0x08000e90                initialise_adc
 *fill*         0x08000f84        0x4 
 .text.get_distance
                0x08000f88       0xb0 ..\obj\adc.o
                0x08000f88                get_distance
 .text.DMA_DeInit
                0x08001038      0x128 ..\obj\stm32f10x_dma.o
                0x08001038                DMA_DeInit
 .text.DMA_Init
                0x08001160       0x40 ..\obj\stm32f10x_dma.o
                0x08001160                DMA_Init
 .text.DMA_Cmd  0x080011a0       0x18 ..\obj\stm32f10x_dma.o
                0x080011a0                DMA_Cmd
 .text.send_data_to_ano
                0x080011b8       0xe4 ..\obj\ano_protocol.o
                0x080011b8                send_data_to_ano
 .text.NVIC_PriorityGroupConfig
                0x0800129c       0x14 ..\obj\misc.o
                0x0800129c                NVIC_PriorityGroupConfig
 .text.NVIC_Init
                0x080012b0       0x6c ..\obj\misc.o
                0x080012b0                NVIC_Init
 .text.SysTick_CLKSourceConfig
                0x0800131c       0x18 ..\obj\misc.o
                0x0800131c                SysTick_CLKSourceConfig
 .text.moving_median
                0x08001334       0xd4 ..\obj\filter.o
                0x08001334                moving_median
 .text.initialise_systick
                0x08001408       0x44 ..\obj\systick.o
                0x08001408                initialise_systick
 .text.SysTick_Handler
                0x0800144c       0x10 ..\obj\systick.o
                0x0800144c                SysTick_Handler
 .text.pid_cal  0x0800145c       0x4c ..\obj\pid.o
                0x0800145c                pid_cal
 .text.initialise_usart1
                0x080014a8       0x84 ..\obj\usart.o
                0x080014a8                initialise_usart1
 .text.initialise_usart2
                0x0800152c       0xb4 ..\obj\usart.o
                0x0800152c                initialise_usart2
 .text.initialise_usart3
                0x080015e0       0xbc ..\obj\usart.o
                0x080015e0                initialise_usart3
 .text.initialise_uart4
                0x0800169c       0xbc ..\obj\usart.o
                0x0800169c                initialise_uart4
 .text.initialise_uart5
                0x08001758       0x8c ..\obj\usart.o
                0x08001758                initialise_uart5
 .text.usart_send_array
                0x080017e4       0x2c ..\obj\usart.o
                0x080017e4                usart_send_array
 .text.pow      0x08001810      0x330 c:/program files (x86)/gnu tools arm embedded/5.4 2016q3/bin/../lib/gcc/arm-none-eabi/5.4.1/../../../../arm-none-eabi/lib/armv7-m\libm.a(lib_a-w_pow.o)
                0x08001810                pow
 .text.__ieee754_pow
                0x08001b40      0xac4 c:/program files (x86)/gnu tools arm embedded/5.4 2016q3/bin/../lib/gcc/arm-none-eabi/5.4.1/../../../../arm-none-eabi/lib/armv7-m\libm.a(lib_a-e_pow.o)
                0x08001b40                __ieee754_pow
 .text.__ieee754_sqrt
                0x08002604      0x188 c:/program files (x86)/gnu tools arm embedded/5.4 2016q3/bin/../lib/gcc/arm-none-eabi/5.4.1/../../../../arm-none-eabi/lib/armv7-m\libm.a(lib_a-e_sqrt.o)
                0x08002604                __ieee754_sqrt
 .text.fabs     0x0800278c        0x8 c:/program files (x86)/gnu tools arm embedded/5.4 2016q3/bin/../lib/gcc/arm-none-eabi/5.4.1/../../../../arm-none-eabi/lib/armv7-m\libm.a(lib_a-s_fabs.o)
                0x0800278c                fabs
 .text.finite   0x08002794        0xc c:/program files (x86)/gnu tools arm embedded/5.4 2016q3/bin/../lib/gcc/arm-none-eabi/5.4.1/../../../../arm-none-eabi/lib/armv7-m\libm.a(lib_a-s_finite.o)
                0x08002794                finite
 .text.matherr  0x080027a0        0x4 c:/program files (x86)/gnu tools arm embedded/5.4 2016q3/bin/../lib/gcc/arm-none-eabi/5.4.1/../../../../arm-none-eabi/lib/armv7-m\libm.a(lib_a-s_matherr.o)
                0x080027a0                matherr
 .text.nan      0x080027a4        0xc c:/program files (x86)/gnu tools arm embedded/5.4 2016q3/bin/../lib/gcc/arm-none-eabi/5.4.1/../../../../arm-none-eabi/lib/armv7-m\libm.a(lib_a-s_nan.o)
                0x080027a4                nan
 .text.rint     0x080027b0      0x120 c:/program files (x86)/gnu tools arm embedded/5.4 2016q3/bin/../lib/gcc/arm-none-eabi/5.4.1/../../../../arm-none-eabi/lib/armv7-m\libm.a(lib_a-s_rint.o)
                0x080027b0                rint
 .text.scalbn   0x080028d0       0xe4 c:/program files (x86)/gnu tools arm embedded/5.4 2016q3/bin/../lib/gcc/arm-none-eabi/5.4.1/../../../../arm-none-eabi/lib/armv7-m\libm.a(lib_a-s_scalbn.o)
                0x080028d0                scalbn
 .text.copysign
                0x080029b4       0x10 c:/program files (x86)/gnu tools arm embedded/5.4 2016q3/bin/../lib/gcc/arm-none-eabi/5.4.1/../../../../arm-none-eabi/lib/armv7-m\libm.a(lib_a-s_copysign.o)
                0x080029b4                copysign
 .text          0x080029c4      0x370 c:/program files (x86)/gnu tools arm embedded/5.4 2016q3/bin/../lib/gcc/arm-none-eabi/5.4.1/armv7-m\libgcc.a(_arm_addsubdf3.o)
                0x080029c4                __aeabi_drsub
                0x080029cc                __aeabi_dsub
                0x080029cc                __subdf3
                0x080029d0                __aeabi_dadd
                0x080029d0                __adddf3
                0x08002c48                __floatunsidf
                0x08002c48                __aeabi_ui2d
                0x08002c68                __floatsidf
                0x08002c68                __aeabi_i2d
                0x08002c8c                __aeabi_f2d
                0x08002c8c                __extendsfdf2
                0x08002cc8                __floatundidf
                0x08002cc8                __aeabi_ul2d
                0x08002cd8                __floatdidf
                0x08002cd8                __aeabi_l2d
 .text          0x08002d34      0x424 c:/program files (x86)/gnu tools arm embedded/5.4 2016q3/bin/../lib/gcc/arm-none-eabi/5.4.1/armv7-m\libgcc.a(_arm_muldivdf3.o)
                0x08002d34                __aeabi_dmul
                0x08002d34                __muldf3
                0x08002f88                __divdf3
                0x08002f88                __aeabi_ddiv
 .text          0x08003158      0x110 c:/program files (x86)/gnu tools arm embedded/5.4 2016q3/bin/../lib/gcc/arm-none-eabi/5.4.1/armv7-m\libgcc.a(_arm_cmpdf2.o)
                0x08003158                __gtdf2
                0x08003158                __gedf2
                0x08003160                __ltdf2
                0x08003160                __ledf2
                0x08003168                __nedf2
                0x08003168                __eqdf2
                0x08003168                __cmpdf2
                0x080031e4                __aeabi_cdrcmple
                0x080031f4                __aeabi_cdcmpeq
                0x080031f4                __aeabi_cdcmple
                0x08003204                __aeabi_dcmpeq
                0x08003218                __aeabi_dcmplt
                0x0800322c                __aeabi_dcmple
                0x08003240                __aeabi_dcmpge
                0x08003254                __aeabi_dcmpgt
 .text          0x08003268       0x2c c:/program files (x86)/gnu tools arm embedded/5.4 2016q3/bin/../lib/gcc/arm-none-eabi/5.4.1/armv7-m\libgcc.a(_arm_unorddf2.o)
                0x08003268                __unorddf2
                0x08003268                __aeabi_dcmpun
 .text          0x08003294       0xa0 c:/program files (x86)/gnu tools arm embedded/5.4 2016q3/bin/../lib/gcc/arm-none-eabi/5.4.1/armv7-m\libgcc.a(_arm_truncdfsf2.o)
                0x08003294                __truncdfsf2
                0x08003294                __aeabi_d2f
 .text          0x08003334      0x21c c:/program files (x86)/gnu tools arm embedded/5.4 2016q3/bin/../lib/gcc/arm-none-eabi/5.4.1/armv7-m\libgcc.a(_arm_addsubsf3.o)
                0x08003334                __aeabi_frsub
                0x0800333c                __subsf3
                0x0800333c                __aeabi_fsub
                0x08003340                __aeabi_fadd
                0x08003340                __addsf3
                0x080034a0                __aeabi_ui2f
                0x080034a0                __floatunsisf
                0x080034a8                __aeabi_i2f
                0x080034a8                __floatsisf
                0x080034c4                __aeabi_ul2f
                0x080034c4                __floatundisf
                0x080034d4                __aeabi_l2f
                0x080034d4                __floatdisf
 .text          0x08003550      0x2a0 c:/program files (x86)/gnu tools arm embedded/5.4 2016q3/bin/../lib/gcc/arm-none-eabi/5.4.1/armv7-m\libgcc.a(_arm_muldivsf3.o)
                0x08003550                __mulsf3
                0x08003550                __aeabi_fmul
                0x080036b8                __aeabi_fdiv
                0x080036b8                __divsf3
 .text          0x080037f0       0xec c:/program files (x86)/gnu tools arm embedded/5.4 2016q3/bin/../lib/gcc/arm-none-eabi/5.4.1/armv7-m\libgcc.a(_arm_cmpsf2.o)
                0x080037f0                __gesf2
                0x080037f0                __gtsf2
                0x080037f8                __lesf2
                0x080037f8                __ltsf2
                0x08003800                __nesf2
                0x08003800                __eqsf2
                0x08003800                __cmpsf2
                0x08003860                __aeabi_cfrcmple
                0x08003868                __aeabi_cfcmpeq
                0x08003868                __aeabi_cfcmple
                0x08003878                __aeabi_fcmpeq
                0x0800388c                __aeabi_fcmplt
                0x080038a0                __aeabi_fcmple
                0x080038b4                __aeabi_fcmpge
                0x080038c8                __aeabi_fcmpgt
 .text          0x080038dc       0x40 c:/program files (x86)/gnu tools arm embedded/5.4 2016q3/bin/../lib/gcc/arm-none-eabi/5.4.1/armv7-m\libgcc.a(_arm_fixunssfsi.o)
                0x080038dc                __fixunssfsi
                0x080038dc                __aeabi_f2uiz
 .text.__errno  0x0800391c        0xc c:/program files (x86)/gnu tools arm embedded/5.4 2016q3/bin/../lib/gcc/arm-none-eabi/5.4.1/../../../../arm-none-eabi/lib/armv7-m\libg.a(lib_a-errno.o)
                0x0800391c                __errno
 .text          0x08003928       0xec c:/program files (x86)/gnu tools arm embedded/5.4 2016q3/bin/../lib/gcc/arm-none-eabi/5.4.1/../../../../arm-none-eabi/lib/armv7-m\libg.a(lib_a-memcpy.o)
                0x08003928                memcpy
 *(.init)
 *(.fini)
 *crtbegin.o(.ctors)
 *crtbegin?.o(.ctors)
 *(EXCLUDE_FILE(*crtend.o *crtend?.o) .ctors)
 *(SORT(.ctors.*))
 *(.ctors)
 *crtbegin.o(.dtors)
 *crtbegin?.o(.dtors)
 *(EXCLUDE_FILE(*crtend.o *crtend?.o) .dtors)
 *(SORT(.dtors.*))
 *(.dtors)
 *(.rodata*)
 .rodata        0x08003a14        0x9 ..\obj\playvoice.o
 *fill*         0x08003a1d        0x3 
 .rodata        0x08003a20        0x5 ..\obj\datalink.o
 *fill*         0x08003a25        0x3 
 .rodata.str1.4
                0x08003a28        0x4 c:/program files (x86)/gnu tools arm embedded/5.4 2016q3/bin/../lib/gcc/arm-none-eabi/5.4.1/../../../../arm-none-eabi/lib/armv7-m\libm.a(lib_a-w_pow.o)
 .rodata.str1.4
                0x08003a2c        0x4 c:/program files (x86)/gnu tools arm embedded/5.4 2016q3/bin/../lib/gcc/arm-none-eabi/5.4.1/../../../../arm-none-eabi/lib/armv7-m\libm.a(lib_a-e_pow.o)
                                  0x1 (size before relaxing)
 .rodata.TWO52  0x08003a30       0x10 c:/program files (x86)/gnu tools arm embedded/5.4 2016q3/bin/../lib/gcc/arm-none-eabi/5.4.1/../../../../arm-none-eabi/lib/armv7-m\libm.a(lib_a-s_rint.o)
 *(.eh_fram e*)

.glue_7         0x08003a40        0x0
 .glue_7        0x08003a40        0x0 linker stubs

.glue_7t        0x08003a40        0x0
 .glue_7t       0x08003a40        0x0 linker stubs

.vfp11_veneer   0x08003a40        0x0
 .vfp11_veneer  0x08003a40        0x0 linker stubs

.v4_bx          0x08003a40        0x0
 .v4_bx         0x08003a40        0x0 linker stubs

.iplt           0x08003a40        0x0
 .iplt          0x08003a40        0x0 ..\obj\system_stm32f10x.o

.rel.dyn        0x08003a40        0x0
 .rel.iplt      0x08003a40        0x0 ..\obj\system_stm32f10x.o

.ARM.extab
 *(.ARM.extab* .gnu.linkonce.armextab.*)
                0x08003a40                __exidx_start = .

.ARM.exidx
 *(.ARM.exidx* .gnu.linkonce.armexidx.*)
                0x08003a40                __exidx_end = .
                0x08003a40                __etext = .
                0x08003a40                _sidata = __etext

.data           0x20000000      0x444 load address 0x08003a40
                0x20000000                __data_start__ = .
                0x20000000                _sdata = __data_start__
 *(vtable)
 *(.data*)
 .data          0x20000000       0x14 ..\obj\stm32f10x_rcc.o
 .data.__fdlib_version
                0x20000014        0x1 c:/program files (x86)/gnu tools arm embedded/5.4 2016q3/bin/../lib/gcc/arm-none-eabi/5.4.1/../../../../arm-none-eabi/lib/armv7-m\libm.a(lib_a-s_lib_ver.o)
                0x20000014                __fdlib_version
 *fill*         0x20000015        0x3 
 .data.impure_data
                0x20000018      0x428 c:/program files (x86)/gnu tools arm embedded/5.4 2016q3/bin/../lib/gcc/arm-none-eabi/5.4.1/../../../../arm-none-eabi/lib/armv7-m\libg.a(lib_a-impure.o)
 .data._impure_ptr
                0x20000440        0x4 c:/program files (x86)/gnu tools arm embedded/5.4 2016q3/bin/../lib/gcc/arm-none-eabi/5.4.1/../../../../arm-none-eabi/lib/armv7-m\libg.a(lib_a-impure.o)
                0x20000440                _impure_ptr
                0x20000444                . = ALIGN (0x4)
                [!provide]                PROVIDE (__preinit_array_start, .)
 *(.preinit_array)
                [!provide]                PROVIDE (__preinit_array_end, .)
                0x20000444                . = ALIGN (0x4)
                [!provide]                PROVIDE (__init_array_start, .)
 *(SORT(.init_array.*))
 *(.init_array)
                [!provide]                PROVIDE (__init_array_end, .)
                0x20000444                . = ALIGN (0x4)
                [!provide]                PROVIDE (__fini_array_start, .)
 *(SORT(.fini_array.*))
 *(.fini_array)
                [!provide]                PROVIDE (__fini_array_end, .)
 *(.jcr*)
                0x20000444                . = ALIGN (0x4)
                0x20000444                __data_end__ = .
                0x20000444                _edata = __data_end__

.igot.plt       0x20000444        0x0 load address 0x08003e84
 .igot.plt      0x20000444        0x0 ..\obj\system_stm32f10x.o

.bss            0x20000444      0x158 load address 0x08003e84
                0x20000444                . = ALIGN (0x4)
                0x20000444                __bss_start__ = .
                0x20000444                _sbss = __bss_start__
 *(.bss*)
 .bss           0x20000444        0x1 ..\obj\main.o
 *fill*         0x20000445        0x1 
 .bss           0x20000446        0x4 ..\obj\schedule.o
                0x20000446                cnt_1ms
                0x20000448                cnt_1s
 .bss           0x2000044a        0x1 ..\obj\systick.o
                0x2000044a                systime_cnt
 *(COMMON)
 *fill*         0x2000044b        0x1 
 COMMON         0x2000044c        0x4 ..\obj\schedule.o
                0x2000044c                task_1s
                0x2000044e                task_1ms
 COMMON         0x20000450       0xe5 ..\obj\datalink.o
                0x20000450                parser2
                0x200004c4                parser1
 *fill*         0x20000535        0x1 
 COMMON         0x20000536        0x2 ..\obj\adc.o
                0x20000536                adc_converted_value
 COMMON         0x20000538       0x62 ..\obj\filter.o
                0x20000538                med_filter_tmp
                0x20000590                med_filter_out
                0x20000598                med_fil_cnt
                0x2000059c                . = ALIGN (0x4)
 *fill*         0x2000059a        0x2 
                0x2000059c                __bss_end__ = .
                0x2000059c                _ebss = __bss_end__

.heap           0x2000059c        0x0
                0x2000059c                __end__ = .
                0x2000059c                _end = __end__
                0x2000059c                end = __end__
 *(.heap*)
                0x2000059c                __HeapLimit = .

.co_stack       0x2000059c      0x404 load address 0x08003fdc
                0x200005a0                . = ALIGN (0x8)
 *fill*         0x2000059c        0x4 
 *(.co_stack .co_stack.*)
 .co_stack      0x200005a0      0x400 ..\obj\startup_stm32f10x_hd.o
                0x200005a0                pulStack
                0x2000c000                __StackTop = (ORIGIN (ram) + LENGTH (ram))
                0x2000bbfc                __StackLimit = (__StackTop - SIZEOF (.co_stack))
                [!provide]                PROVIDE (__stack, __StackTop)
                0x00000001                ASSERT ((__StackLimit >= __HeapLimit), region ram  overflowed with stack)
LOAD ..\obj\system_stm32f10x.o
LOAD ..\obj\startup_stm32f10x_hd.o
LOAD ..\obj\stm32f10x_gpio.o
LOAD ..\obj\main.o
LOAD ..\obj\init.o
LOAD ..\obj\playvoice.o
LOAD ..\obj\printf.o
LOAD ..\obj\stm32f10x_rcc.o
LOAD ..\obj\StreamParser.o
LOAD ..\obj\stm32f10x_adc.o
LOAD ..\obj\stm32f10x_usart.o
LOAD ..\obj\schedule.o
LOAD ..\obj\datalink.o
LOAD ..\obj\syscalls.o
LOAD ..\obj\adc.o
LOAD ..\obj\stm32f10x_dma.o
LOAD ..\obj\nvic.o
LOAD ..\obj\ano_protocol.o
LOAD ..\obj\misc.o
LOAD ..\obj\filter.o
LOAD ..\obj\systick.o
LOAD ..\obj\pid.o
LOAD ..\obj\usart.o
LOAD c:/program files (x86)/gnu tools arm embedded/5.4 2016q3/bin/../lib/gcc/arm-none-eabi/5.4.1/../../../../arm-none-eabi/lib/armv7-m\libm.a
START GROUP
LOAD c:/program files (x86)/gnu tools arm embedded/5.4 2016q3/bin/../lib/gcc/arm-none-eabi/5.4.1/armv7-m\libgcc.a
LOAD c:/program files (x86)/gnu tools arm embedded/5.4 2016q3/bin/../lib/gcc/arm-none-eabi/5.4.1/../../../../arm-none-eabi/lib/armv7-m\libg.a
LOAD c:/program files (x86)/gnu tools arm embedded/5.4 2016q3/bin/../lib/gcc/arm-none-eabi/5.4.1/../../../../arm-none-eabi/lib/armv7-m\libc.a
END GROUP
OUTPUT(ht.elf elf32-littlearm)

.debug_info     0x00000000     0x6e34
 .debug_info    0x00000000      0x4c4 ..\obj\system_stm32f10x.o
 .debug_info    0x000004c4      0x122 ..\obj\startup_stm32f10x_hd.o
 .debug_info    0x000005e6      0x88f ..\obj\stm32f10x_gpio.o
 .debug_info    0x00000e75      0x3e6 ..\obj\main.o
 .debug_info    0x0000125b      0x1c0 ..\obj\init.o
 .debug_info    0x0000141b      0x261 ..\obj\playvoice.o
 .debug_info    0x0000167c      0x942 ..\obj\stm32f10x_rcc.o
 .debug_info    0x00001fbe      0x30d ..\obj\StreamParser.o
 .debug_info    0x000022cb      0xc27 ..\obj\stm32f10x_adc.o
 .debug_info    0x00002ef2      0xb26 ..\obj\stm32f10x_usart.o
 .debug_info    0x00003a18      0x181 ..\obj\schedule.o
 .debug_info    0x00003b99      0x58a ..\obj\datalink.o
 .debug_info    0x00004123      0x805 ..\obj\adc.o
 .debug_info    0x00004928      0x426 ..\obj\stm32f10x_dma.o
 .debug_info    0x00004d4e      0x27a ..\obj\ano_protocol.o
 .debug_info    0x00004fc8      0x55c ..\obj\misc.o
 .debug_info    0x00005524      0x1fc ..\obj\filter.o
 .debug_info    0x00005720      0x768 ..\obj\systick.o
 .debug_info    0x00005e88      0x193 ..\obj\pid.o
 .debug_info    0x0000601b      0xe19 ..\obj\usart.o

.debug_abbrev   0x00000000     0x1df6
 .debug_abbrev  0x00000000      0x16e ..\obj\system_stm32f10x.o
 .debug_abbrev  0x0000016e       0xdf ..\obj\startup_stm32f10x_hd.o
 .debug_abbrev  0x0000024d      0x200 ..\obj\stm32f10x_gpio.o
 .debug_abbrev  0x0000044d      0x125 ..\obj\main.o
 .debug_abbrev  0x00000572       0xa8 ..\obj\init.o
 .debug_abbrev  0x0000061a      0x11c ..\obj\playvoice.o
 .debug_abbrev  0x00000736      0x26e ..\obj\stm32f10x_rcc.o
 .debug_abbrev  0x000009a4      0x162 ..\obj\StreamParser.o
 .debug_abbrev  0x00000b06      0x1e6 ..\obj\stm32f10x_adc.o
 .debug_abbrev  0x00000cec      0x1e4 ..\obj\stm32f10x_usart.o
 .debug_abbrev  0x00000ed0       0xc6 ..\obj\schedule.o
 .debug_abbrev  0x00000f96      0x1c7 ..\obj\datalink.o
 .debug_abbrev  0x0000115d      0x1c4 ..\obj\adc.o
 .debug_abbrev  0x00001321      0x1c6 ..\obj\stm32f10x_dma.o
 .debug_abbrev  0x000014e7      0x149 ..\obj\ano_protocol.o
 .debug_abbrev  0x00001630      0x156 ..\obj\misc.o
 .debug_abbrev  0x00001786       0xf9 ..\obj\filter.o
 .debug_abbrev  0x0000187f      0x24d ..\obj\systick.o
 .debug_abbrev  0x00001acc       0xd5 ..\obj\pid.o
 .debug_abbrev  0x00001ba1      0x255 ..\obj\usart.o

.debug_loc      0x00000000     0x3e15
 .debug_loc     0x00000000       0xbc ..\obj\system_stm32f10x.o
 .debug_loc     0x000000bc     0x1532 ..\obj\stm32f10x_gpio.o
 .debug_loc     0x000015ee      0x114 ..\obj\main.o
 .debug_loc     0x00001702       0x21 ..\obj\playvoice.o
 .debug_loc     0x00001723      0x739 ..\obj\stm32f10x_rcc.o
 .debug_loc     0x00001e5c      0x351 ..\obj\StreamParser.o
 .debug_loc     0x000021ad      0x9cd ..\obj\stm32f10x_adc.o
 .debug_loc     0x00002b7a      0x84f ..\obj\stm32f10x_usart.o
 .debug_loc     0x000033c9       0x6c ..\obj\schedule.o
 .debug_loc     0x00003435      0x10f ..\obj\datalink.o
 .debug_loc     0x00003544       0xfe ..\obj\stm32f10x_dma.o
 .debug_loc     0x00003642      0x11b ..\obj\ano_protocol.o
 .debug_loc     0x0000375d      0x193 ..\obj\misc.o
 .debug_loc     0x000038f0      0x120 ..\obj\filter.o
 .debug_loc     0x00003a10       0x86 ..\obj\systick.o
 .debug_loc     0x00003a96       0xb7 ..\obj\pid.o
 .debug_loc     0x00003b4d      0x2c8 ..\obj\usart.o

.debug_aranges  0x00000000      0x6f8
 .debug_aranges
                0x00000000       0x28 ..\obj\system_stm32f10x.o
 .debug_aranges
                0x00000028       0x28 ..\obj\startup_stm32f10x_hd.o
 .debug_aranges
                0x00000050       0xa8 ..\obj\stm32f10x_gpio.o
 .debug_aranges
                0x000000f8       0x20 ..\obj\main.o
 .debug_aranges
                0x00000118       0x20 ..\obj\init.o
 .debug_aranges
                0x00000138       0x20 ..\obj\playvoice.o
 .debug_aranges
                0x00000158      0x118 ..\obj\stm32f10x_rcc.o
 .debug_aranges
                0x00000270       0x30 ..\obj\StreamParser.o
 .debug_aranges
                0x000002a0      0x138 ..\obj\stm32f10x_adc.o
 .debug_aranges
                0x000003d8      0x100 ..\obj\stm32f10x_usart.o
 .debug_aranges
                0x000004d8       0x28 ..\obj\schedule.o
 .debug_aranges
                0x00000500       0x48 ..\obj\datalink.o
 .debug_aranges
                0x00000548       0x28 ..\obj\adc.o
 .debug_aranges
                0x00000570       0x60 ..\obj\stm32f10x_dma.o
 .debug_aranges
                0x000005d0       0x20 ..\obj\ano_protocol.o
 .debug_aranges
                0x000005f0       0x40 ..\obj\misc.o
 .debug_aranges
                0x00000630       0x20 ..\obj\filter.o
 .debug_aranges
                0x00000650       0x30 ..\obj\systick.o
 .debug_aranges
                0x00000680       0x20 ..\obj\pid.o
 .debug_aranges
                0x000006a0       0x58 ..\obj\usart.o

.debug_ranges   0x00000000      0x680
 .debug_ranges  0x00000000       0x40 ..\obj\system_stm32f10x.o
 .debug_ranges  0x00000040       0x18 ..\obj\startup_stm32f10x_hd.o
 .debug_ranges  0x00000058       0x98 ..\obj\stm32f10x_gpio.o
 .debug_ranges  0x000000f0       0x28 ..\obj\main.o
 .debug_ranges  0x00000118       0x10 ..\obj\init.o
 .debug_ranges  0x00000128       0x10 ..\obj\playvoice.o
 .debug_ranges  0x00000138      0x128 ..\obj\stm32f10x_rcc.o
 .debug_ranges  0x00000260       0x38 ..\obj\StreamParser.o
 .debug_ranges  0x00000298      0x128 ..\obj\stm32f10x_adc.o
 .debug_ranges  0x000003c0       0xf0 ..\obj\stm32f10x_usart.o
 .debug_ranges  0x000004b0       0x18 ..\obj\schedule.o
 .debug_ranges  0x000004c8       0x38 ..\obj\datalink.o
 .debug_ranges  0x00000500       0x30 ..\obj\adc.o
 .debug_ranges  0x00000530       0x50 ..\obj\stm32f10x_dma.o
 .debug_ranges  0x00000580       0x10 ..\obj\ano_protocol.o
 .debug_ranges  0x00000590       0x30 ..\obj\misc.o
 .debug_ranges  0x000005c0       0x10 ..\obj\filter.o
 .debug_ranges  0x000005d0       0x58 ..\obj\systick.o
 .debug_ranges  0x00000628       0x10 ..\obj\pid.o
 .debug_ranges  0x00000638       0x48 ..\obj\usart.o

.debug_line     0x00000000     0x383d
 .debug_line    0x00000000      0x1fc ..\obj\system_stm32f10x.o
 .debug_line    0x000001fc       0x91 ..\obj\startup_stm32f10x_hd.o
 .debug_line    0x0000028d      0x4b6 ..\obj\stm32f10x_gpio.o
 .debug_line    0x00000743      0x2ea ..\obj\main.o
 .debug_line    0x00000a2d      0x25d ..\obj\init.o
 .debug_line    0x00000c8a      0x1e4 ..\obj\playvoice.o
 .debug_line    0x00000e6e      0x4c1 ..\obj\stm32f10x_rcc.o
 .debug_line    0x0000132f      0x2b4 ..\obj\StreamParser.o
 .debug_line    0x000015e3      0x53d ..\obj\stm32f10x_adc.o
 .debug_line    0x00001b20      0x4b2 ..\obj\stm32f10x_usart.o
 .debug_line    0x00001fd2      0x1d9 ..\obj\schedule.o
 .debug_line    0x000021ab      0x2da ..\obj\datalink.o
 .debug_line    0x00002485      0x2cc ..\obj\adc.o
 .debug_line    0x00002751      0x2db ..\obj\stm32f10x_dma.o
 .debug_line    0x00002a2c      0x204 ..\obj\ano_protocol.o
 .debug_line    0x00002c30      0x241 ..\obj\misc.o
 .debug_line    0x00002e71      0x1cf ..\obj\filter.o
 .debug_line    0x00003040      0x26c ..\obj\systick.o
 .debug_line    0x000032ac      0x19c ..\obj\pid.o
 .debug_line    0x00003448      0x3f5 ..\obj\usart.o

.debug_str      0x00000000     0x23c9
 .debug_str     0x00000000      0x282 ..\obj\system_stm32f10x.o
                                0x2f1 (size before relaxing)
 .debug_str     0x00000282       0xb6 ..\obj\startup_stm32f10x_hd.o
                                0x158 (size before relaxing)
 .debug_str     0x00000338      0x3c6 ..\obj\stm32f10x_gpio.o
                                0x532 (size before relaxing)
 .debug_str     0x000006fe      0x19b ..\obj\main.o
                                0x2f6 (size before relaxing)
 .debug_str     0x00000899       0xd4 ..\obj\init.o
                                0x221 (size before relaxing)
 .debug_str     0x0000096d       0xc3 ..\obj\playvoice.o
                                0x261 (size before relaxing)
 .debug_str     0x00000a30      0x3cb ..\obj\stm32f10x_rcc.o
                                0x61c (size before relaxing)
 .debug_str     0x00000dfb      0x165 ..\obj\StreamParser.o
                                0x2fc (size before relaxing)
 .debug_str     0x00000f60      0x533 ..\obj\stm32f10x_adc.o
                                0x714 (size before relaxing)
 .debug_str     0x00001493      0x408 ..\obj\stm32f10x_usart.o
                                0x6d2 (size before relaxing)
 .debug_str     0x0000189b       0x77 ..\obj\schedule.o
                                0x1e6 (size before relaxing)
 .debug_str     0x00001912       0x9d ..\obj\datalink.o
                                0x3ed (size before relaxing)
 .debug_str     0x000019af      0x18d ..\obj\adc.o
                                0x629 (size before relaxing)
 .debug_str     0x00001b3c       0xf3 ..\obj\stm32f10x_dma.o
                                0x384 (size before relaxing)
 .debug_str     0x00001c2f       0x3b ..\obj\ano_protocol.o
                                0x233 (size before relaxing)
 .debug_str     0x00001c6a      0x1a4 ..\obj\misc.o
                                0x3c0 (size before relaxing)
 .debug_str     0x00001e0e       0x61 ..\obj\filter.o
                                0x1ca (size before relaxing)
 .debug_str     0x00001e6f      0x445 ..\obj\systick.o
                                0x72a (size before relaxing)
 .debug_str     0x000022b4       0x3b ..\obj\pid.o
                                0x1ae (size before relaxing)
 .debug_str     0x000022ef       0xda ..\obj\usart.o
                                0x9e6 (size before relaxing)

.comment        0x00000000       0x6e
 .comment       0x00000000       0x6e ..\obj\system_stm32f10x.o
                                 0x6f (size before relaxing)
 .comment       0x0000006e       0x6f ..\obj\startup_stm32f10x_hd.o
 .comment       0x0000006e       0x6f ..\obj\stm32f10x_gpio.o
 .comment       0x0000006e       0x6f ..\obj\main.o
 .comment       0x0000006e       0x6f ..\obj\init.o
 .comment       0x0000006e       0x6f ..\obj\playvoice.o
 .comment       0x0000006e       0x6f ..\obj\stm32f10x_rcc.o
 .comment       0x0000006e       0x6f ..\obj\StreamParser.o
 .comment       0x0000006e       0x6f ..\obj\stm32f10x_adc.o
 .comment       0x0000006e       0x6f ..\obj\stm32f10x_usart.o
 .comment       0x0000006e       0x6f ..\obj\schedule.o
 .comment       0x0000006e       0x6f ..\obj\datalink.o
 .comment       0x0000006e       0x6f ..\obj\adc.o
 .comment       0x0000006e       0x6f ..\obj\stm32f10x_dma.o
 .comment       0x0000006e       0x6f ..\obj\ano_protocol.o
 .comment       0x0000006e       0x6f ..\obj\misc.o
 .comment       0x0000006e       0x6f ..\obj\filter.o
 .comment       0x0000006e       0x6f ..\obj\systick.o
 .comment       0x0000006e       0x6f ..\obj\pid.o
 .comment       0x0000006e       0x6f ..\obj\usart.o

.ARM.attributes
                0x00000000       0x31
 .ARM.attributes
                0x00000000       0x33 ..\obj\system_stm32f10x.o
 .ARM.attributes
                0x00000033       0x33 ..\obj\startup_stm32f10x_hd.o
 .ARM.attributes
                0x00000066       0x33 ..\obj\stm32f10x_gpio.o
 .ARM.attributes
                0x00000099       0x33 ..\obj\main.o
 .ARM.attributes
                0x000000cc       0x33 ..\obj\init.o
 .ARM.attributes
                0x000000ff       0x33 ..\obj\playvoice.o
 .ARM.attributes
                0x00000132       0x33 ..\obj\stm32f10x_rcc.o
 .ARM.attributes
                0x00000165       0x33 ..\obj\StreamParser.o
 .ARM.attributes
                0x00000198       0x33 ..\obj\stm32f10x_adc.o
 .ARM.attributes
                0x000001cb       0x33 ..\obj\stm32f10x_usart.o
 .ARM.attributes
                0x000001fe       0x33 ..\obj\schedule.o
 .ARM.attributes
                0x00000231       0x33 ..\obj\datalink.o
 .ARM.attributes
                0x00000264       0x33 ..\obj\adc.o
 .ARM.attributes
                0x00000297       0x33 ..\obj\stm32f10x_dma.o
 .ARM.attributes
                0x000002ca       0x33 ..\obj\ano_protocol.o
 .ARM.attributes
                0x000002fd       0x33 ..\obj\misc.o
 .ARM.attributes
                0x00000330       0x33 ..\obj\filter.o
 .ARM.attributes
                0x00000363       0x33 ..\obj\systick.o
 .ARM.attributes
                0x00000396       0x33 ..\obj\pid.o
 .ARM.attributes
                0x000003c9       0x33 ..\obj\usart.o
 .ARM.attributes
                0x000003fc       0x2d c:/program files (x86)/gnu tools arm embedded/5.4 2016q3/bin/../lib/gcc/arm-none-eabi/5.4.1/../../../../arm-none-eabi/lib/armv7-m\libm.a(lib_a-w_pow.o)
 .ARM.attributes
                0x00000429       0x2d c:/program files (x86)/gnu tools arm embedded/5.4 2016q3/bin/../lib/gcc/arm-none-eabi/5.4.1/../../../../arm-none-eabi/lib/armv7-m\libm.a(lib_a-e_pow.o)
 .ARM.attributes
                0x00000456       0x2d c:/program files (x86)/gnu tools arm embedded/5.4 2016q3/bin/../lib/gcc/arm-none-eabi/5.4.1/../../../../arm-none-eabi/lib/armv7-m\libm.a(lib_a-e_sqrt.o)
 .ARM.attributes
                0x00000483       0x2d c:/program files (x86)/gnu tools arm embedded/5.4 2016q3/bin/../lib/gcc/arm-none-eabi/5.4.1/../../../../arm-none-eabi/lib/armv7-m\libm.a(lib_a-s_fabs.o)
 .ARM.attributes
                0x000004b0       0x2d c:/program files (x86)/gnu tools arm embedded/5.4 2016q3/bin/../lib/gcc/arm-none-eabi/5.4.1/../../../../arm-none-eabi/lib/armv7-m\libm.a(lib_a-s_finite.o)
 .ARM.attributes
                0x000004dd       0x2d c:/program files (x86)/gnu tools arm embedded/5.4 2016q3/bin/../lib/gcc/arm-none-eabi/5.4.1/../../../../arm-none-eabi/lib/armv7-m\libm.a(lib_a-s_lib_ver.o)
 .ARM.attributes
                0x0000050a       0x2d c:/program files (x86)/gnu tools arm embedded/5.4 2016q3/bin/../lib/gcc/arm-none-eabi/5.4.1/../../../../arm-none-eabi/lib/armv7-m\libm.a(lib_a-s_matherr.o)
 .ARM.attributes
                0x00000537       0x2d c:/program files (x86)/gnu tools arm embedded/5.4 2016q3/bin/../lib/gcc/arm-none-eabi/5.4.1/../../../../arm-none-eabi/lib/armv7-m\libm.a(lib_a-s_nan.o)
 .ARM.attributes
                0x00000564       0x2d c:/program files (x86)/gnu tools arm embedded/5.4 2016q3/bin/../lib/gcc/arm-none-eabi/5.4.1/../../../../arm-none-eabi/lib/armv7-m\libm.a(lib_a-s_rint.o)
 .ARM.attributes
                0x00000591       0x2d c:/program files (x86)/gnu tools arm embedded/5.4 2016q3/bin/../lib/gcc/arm-none-eabi/5.4.1/../../../../arm-none-eabi/lib/armv7-m\libm.a(lib_a-s_scalbn.o)
 .ARM.attributes
                0x000005be       0x2d c:/program files (x86)/gnu tools arm embedded/5.4 2016q3/bin/../lib/gcc/arm-none-eabi/5.4.1/../../../../arm-none-eabi/lib/armv7-m\libm.a(lib_a-s_copysign.o)
 .ARM.attributes
                0x000005eb       0x1d c:/program files (x86)/gnu tools arm embedded/5.4 2016q3/bin/../lib/gcc/arm-none-eabi/5.4.1/armv7-m\libgcc.a(_arm_addsubdf3.o)
 .ARM.attributes
                0x00000608       0x1d c:/program files (x86)/gnu tools arm embedded/5.4 2016q3/bin/../lib/gcc/arm-none-eabi/5.4.1/armv7-m\libgcc.a(_arm_muldivdf3.o)
 .ARM.attributes
                0x00000625       0x1d c:/program files (x86)/gnu tools arm embedded/5.4 2016q3/bin/../lib/gcc/arm-none-eabi/5.4.1/armv7-m\libgcc.a(_arm_cmpdf2.o)
 .ARM.attributes
                0x00000642       0x1d c:/program files (x86)/gnu tools arm embedded/5.4 2016q3/bin/../lib/gcc/arm-none-eabi/5.4.1/armv7-m\libgcc.a(_arm_unorddf2.o)
 .ARM.attributes
                0x0000065f       0x1d c:/program files (x86)/gnu tools arm embedded/5.4 2016q3/bin/../lib/gcc/arm-none-eabi/5.4.1/armv7-m\libgcc.a(_arm_truncdfsf2.o)
 .ARM.attributes
                0x0000067c       0x1d c:/program files (x86)/gnu tools arm embedded/5.4 2016q3/bin/../lib/gcc/arm-none-eabi/5.4.1/armv7-m\libgcc.a(_arm_addsubsf3.o)
 .ARM.attributes
                0x00000699       0x1d c:/program files (x86)/gnu tools arm embedded/5.4 2016q3/bin/../lib/gcc/arm-none-eabi/5.4.1/armv7-m\libgcc.a(_arm_muldivsf3.o)
 .ARM.attributes
                0x000006b6       0x1d c:/program files (x86)/gnu tools arm embedded/5.4 2016q3/bin/../lib/gcc/arm-none-eabi/5.4.1/armv7-m\libgcc.a(_arm_cmpsf2.o)
 .ARM.attributes
                0x000006d3       0x1d c:/program files (x86)/gnu tools arm embedded/5.4 2016q3/bin/../lib/gcc/arm-none-eabi/5.4.1/armv7-m\libgcc.a(_arm_fixunssfsi.o)
 .ARM.attributes
                0x000006f0       0x2d c:/program files (x86)/gnu tools arm embedded/5.4 2016q3/bin/../lib/gcc/arm-none-eabi/5.4.1/../../../../arm-none-eabi/lib/armv7-m\libg.a(lib_a-errno.o)
 .ARM.attributes
                0x0000071d       0x2d c:/program files (x86)/gnu tools arm embedded/5.4 2016q3/bin/../lib/gcc/arm-none-eabi/5.4.1/../../../../arm-none-eabi/lib/armv7-m\libg.a(lib_a-impure.o)
 .ARM.attributes
                0x0000074a       0x1b c:/program files (x86)/gnu tools arm embedded/5.4 2016q3/bin/../lib/gcc/arm-none-eabi/5.4.1/../../../../arm-none-eabi/lib/armv7-m\libg.a(lib_a-memcpy.o)

.debug_frame    0x00000000     0x1104
 .debug_frame   0x00000000       0x48 ..\obj\system_stm32f10x.o
 .debug_frame   0x00000048       0x3c ..\obj\startup_stm32f10x_hd.o
 .debug_frame   0x00000084      0x1b0 ..\obj\stm32f10x_gpio.o
 .debug_frame   0x00000234       0x34 ..\obj\main.o
 .debug_frame   0x00000268       0x2c ..\obj\init.o
 .debug_frame   0x00000294       0x30 ..\obj\playvoice.o
 .debug_frame   0x000002c4      0x224 ..\obj\stm32f10x_rcc.o
 .debug_frame   0x000004e8       0x60 ..\obj\StreamParser.o
 .debug_frame   0x00000548      0x2c0 ..\obj\stm32f10x_adc.o
 .debug_frame   0x00000808      0x258 ..\obj\stm32f10x_usart.o
 .debug_frame   0x00000a60       0x30 ..\obj\schedule.o
 .debug_frame   0x00000a90       0xb0 ..\obj\datalink.o
 .debug_frame   0x00000b40       0x54 ..\obj\adc.o
 .debug_frame   0x00000b94       0xd0 ..\obj\stm32f10x_dma.o
 .debug_frame   0x00000c64       0x34 ..\obj\ano_protocol.o
 .debug_frame   0x00000c98       0x6c ..\obj\misc.o
 .debug_frame   0x00000d04       0x40 ..\obj\filter.o
 .debug_frame   0x00000d44       0x60 ..\obj\systick.o
 .debug_frame   0x00000da4       0x30 ..\obj\pid.o
 .debug_frame   0x00000dd4      0x120 ..\obj\usart.o
 .debug_frame   0x00000ef4       0x4c c:/program files (x86)/gnu tools arm embedded/5.4 2016q3/bin/../lib/gcc/arm-none-eabi/5.4.1/../../../../arm-none-eabi/lib/armv7-m\libm.a(lib_a-w_pow.o)
 .debug_frame   0x00000f40       0x68 c:/program files (x86)/gnu tools arm embedded/5.4 2016q3/bin/../lib/gcc/arm-none-eabi/5.4.1/../../../../arm-none-eabi/lib/armv7-m\libm.a(lib_a-e_pow.o)
 .debug_frame   0x00000fa8       0x30 c:/program files (x86)/gnu tools arm embedded/5.4 2016q3/bin/../lib/gcc/arm-none-eabi/5.4.1/../../../../arm-none-eabi/lib/armv7-m\libm.a(lib_a-e_sqrt.o)
 .debug_frame   0x00000fd8       0x20 c:/program files (x86)/gnu tools arm embedded/5.4 2016q3/bin/../lib/gcc/arm-none-eabi/5.4.1/../../../../arm-none-eabi/lib/armv7-m\libm.a(lib_a-s_fabs.o)
 .debug_frame   0x00000ff8       0x20 c:/program files (x86)/gnu tools arm embedded/5.4 2016q3/bin/../lib/gcc/arm-none-eabi/5.4.1/../../../../arm-none-eabi/lib/armv7-m\libm.a(lib_a-s_finite.o)
 .debug_frame   0x00001018       0x20 c:/program files (x86)/gnu tools arm embedded/5.4 2016q3/bin/../lib/gcc/arm-none-eabi/5.4.1/../../../../arm-none-eabi/lib/armv7-m\libm.a(lib_a-s_matherr.o)
 .debug_frame   0x00001038       0x20 c:/program files (x86)/gnu tools arm embedded/5.4 2016q3/bin/../lib/gcc/arm-none-eabi/5.4.1/../../../../arm-none-eabi/lib/armv7-m\libm.a(lib_a-s_nan.o)
 .debug_frame   0x00001058       0x3c c:/program files (x86)/gnu tools arm embedded/5.4 2016q3/bin/../lib/gcc/arm-none-eabi/5.4.1/../../../../arm-none-eabi/lib/armv7-m\libm.a(lib_a-s_rint.o)
 .debug_frame   0x00001094       0x30 c:/program files (x86)/gnu tools arm embedded/5.4 2016q3/bin/../lib/gcc/arm-none-eabi/5.4.1/../../../../arm-none-eabi/lib/armv7-m\libm.a(lib_a-s_scalbn.o)
 .debug_frame   0x000010c4       0x20 c:/program files (x86)/gnu tools arm embedded/5.4 2016q3/bin/../lib/gcc/arm-none-eabi/5.4.1/../../../../arm-none-eabi/lib/armv7-m\libm.a(lib_a-s_copysign.o)
 .debug_frame   0x000010e4       0x20 c:/program files (x86)/gnu tools arm embedded/5.4 2016q3/bin/../lib/gcc/arm-none-eabi/5.4.1/../../../../arm-none-eabi/lib/armv7-m\libg.a(lib_a-errno.o)
