Archive member included to satisfy reference by file (symbol)

c:/program files (x86)/gnu tools arm embedded/5.4 2016q3/bin/../lib/gcc/arm-none-eabi/5.4.1/../../../../arm-none-eabi/lib/armv7-m\libm.a(lib_a-w_pow.o)
                              ..\obj\adc.o (pow)
c:/program files (x86)/gnu tools arm embedded/5.4 2016q3/bin/../lib/gcc/arm-none-eabi/5.4.1/../../../../arm-none-eabi/lib/armv7-m\libm.a(lib_a-e_pow.o)
                              c:/program files (x86)/gnu tools arm embedded/5.4 2016q3/bin/../lib/gcc/arm-none-eabi/5.4.1/../../../../arm-none-eabi/lib/armv7-m\libm.a(lib_a-w_pow.o) (__ieee754_pow)
c:/program files (x86)/gnu tools arm embedded/5.4 2016q3/bin/../lib/gcc/arm-none-eabi/5.4.1/../../../../arm-none-eabi/lib/armv7-m\libm.a(lib_a-e_sqrt.o)
                              c:/program files (x86)/gnu tools arm embedded/5.4 2016q3/bin/../lib/gcc/arm-none-eabi/5.4.1/../../../../arm-none-eabi/lib/armv7-m\libm.a(lib_a-e_pow.o) (__ieee754_sqrt)
c:/program files (x86)/gnu tools arm embedded/5.4 2016q3/bin/../lib/gcc/arm-none-eabi/5.4.1/../../../../arm-none-eabi/lib/armv7-m\libm.a(lib_a-s_fabs.o)
                              c:/program files (x86)/gnu tools arm embedded/5.4 2016q3/bin/../lib/gcc/arm-none-eabi/5.4.1/../../../../arm-none-eabi/lib/armv7-m\libm.a(lib_a-e_pow.o) (fabs)
c:/program files (x86)/gnu tools arm embedded/5.4 2016q3/bin/../lib/gcc/arm-none-eabi/5.4.1/../../../../arm-none-eabi/lib/armv7-m\libm.a(lib_a-s_finite.o)
                              c:/program files (x86)/gnu tools arm embedded/5.4 2016q3/bin/../lib/gcc/arm-none-eabi/5.4.1/../../../../arm-none-eabi/lib/armv7-m\libm.a(lib_a-w_pow.o) (finite)
c:/program files (x86)/gnu tools arm embedded/5.4 2016q3/bin/../lib/gcc/arm-none-eabi/5.4.1/../../../../arm-none-eabi/lib/armv7-m\libm.a(lib_a-s_lib_ver.o)
                              c:/program files (x86)/gnu tools arm embedded/5.4 2016q3/bin/../lib/gcc/arm-none-eabi/5.4.1/../../../../arm-none-eabi/lib/armv7-m\libm.a(lib_a-w_pow.o) (__fdlib_version)
c:/program files (x86)/gnu tools arm embedded/5.4 2016q3/bin/../lib/gcc/arm-none-eabi/5.4.1/../../../../arm-none-eabi/lib/armv7-m\libm.a(lib_a-s_matherr.o)
                              c:/program files (x86)/gnu tools arm embedded/5.4 2016q3/bin/../lib/gcc/arm-none-eabi/5.4.1/../../../../arm-none-eabi/lib/armv7-m\libm.a(lib_a-w_pow.o) (matherr)
c:/program files (x86)/gnu tools arm embedded/5.4 2016q3/bin/../lib/gcc/arm-none-eabi/5.4.1/../../../../arm-none-eabi/lib/armv7-m\libm.a(lib_a-s_nan.o)
                              c:/program files (x86)/gnu tools arm embedded/5.4 2016q3/bin/../lib/gcc/arm-none-eabi/5.4.1/../../../../arm-none-eabi/lib/armv7-m\libm.a(lib_a-e_pow.o) (nan)
c:/program files (x86)/gnu tools arm embedded/5.4 2016q3/bin/../lib/gcc/arm-none-eabi/5.4.1/../../../../arm-none-eabi/lib/armv7-m\libm.a(lib_a-s_rint.o)
                              c:/program files (x86)/gnu tools arm embedded/5.4 2016q3/bin/../lib/gcc/arm-none-eabi/5.4.1/../../../../arm-none-eabi/lib/armv7-m\libm.a(lib_a-w_pow.o) (rint)
c:/program files (x86)/gnu tools arm embedded/5.4 2016q3/bin/../lib/gcc/arm-none-eabi/5.4.1/../../../../arm-none-eabi/lib/armv7-m\libm.a(lib_a-s_scalbn.o)
                              c:/program files (x86)/gnu tools arm embedded/5.4 2016q3/bin/../lib/gcc/arm-none-eabi/5.4.1/../../../../arm-none-eabi/lib/armv7-m\libm.a(lib_a-e_pow.o) (scalbn)
c:/program files (x86)/gnu tools arm embedded/5.4 2016q3/bin/../lib/gcc/arm-none-eabi/5.4.1/../../../../arm-none-eabi/lib/armv7-m\libm.a(lib_a-s_copysign.o)
                              c:/program files (x86)/gnu tools arm embedded/5.4 2016q3/bin/../lib/gcc/arm-none-eabi/5.4.1/../../../../arm-none-eabi/lib/armv7-m\libm.a(lib_a-s_scalbn.o) (copysign)
c:/program files (x86)/gnu tools arm embedded/5.4 2016q3/bin/../lib/gcc/arm-none-eabi/5.4.1/armv7-m\libgcc.a(_arm_addsubdf3.o)
                              ..\obj\adc.o (__aeabi_dsub)
c:/program files (x86)/gnu tools arm embedded/5.4 2016q3/bin/../lib/gcc/arm-none-eabi/5.4.1/armv7-m\libgcc.a(_arm_muldivdf3.o)
                              ..\obj\adc.o (__aeabi_dmul)
c:/program files (x86)/gnu tools arm embedded/5.4 2016q3/bin/../lib/gcc/arm-none-eabi/5.4.1/armv7-m\libgcc.a(_arm_cmpdf2.o)
                              c:/program files (x86)/gnu tools arm embedded/5.4 2016q3/bin/../lib/gcc/arm-none-eabi/5.4.1/../../../../arm-none-eabi/lib/armv7-m\libm.a(lib_a-w_pow.o) (__aeabi_dcmpeq)
c:/program files (x86)/gnu tools arm embedded/5.4 2016q3/bin/../lib/gcc/arm-none-eabi/5.4.1/armv7-m\libgcc.a(_arm_unorddf2.o)
                              c:/program files (x86)/gnu tools arm embedded/5.4 2016q3/bin/../lib/gcc/arm-none-eabi/5.4.1/../../../../arm-none-eabi/lib/armv7-m\libm.a(lib_a-w_pow.o) (__aeabi_dcmpun)
c:/program files (x86)/gnu tools arm embedded/5.4 2016q3/bin/../lib/gcc/arm-none-eabi/5.4.1/armv7-m\libgcc.a(_arm_truncdfsf2.o)
                              ..\obj\adc.o (__aeabi_d2f)
c:/program files (x86)/gnu tools arm embedded/5.4 2016q3/bin/../lib/gcc/arm-none-eabi/5.4.1/armv7-m\libgcc.a(_arm_addsubsf3.o)
                              ..\obj\pid.o (__aeabi_fsub)
c:/program files (x86)/gnu tools arm embedded/5.4 2016q3/bin/../lib/gcc/arm-none-eabi/5.4.1/armv7-m\libgcc.a(_arm_muldivsf3.o)
                              ..\obj\pid.o (__aeabi_fmul)
c:/program files (x86)/gnu tools arm embedded/5.4 2016q3/bin/../lib/gcc/arm-none-eabi/5.4.1/armv7-m\libgcc.a(_arm_cmpsf2.o)
                              ..\obj\filter.o (__aeabi_fcmpgt)
c:/program files (x86)/gnu tools arm embedded/5.4 2016q3/bin/../lib/gcc/arm-none-eabi/5.4.1/../../../../arm-none-eabi/lib/armv7-m\libg.a(lib_a-errno.o)
                              c:/program files (x86)/gnu tools arm embedded/5.4 2016q3/bin/../lib/gcc/arm-none-eabi/5.4.1/../../../../arm-none-eabi/lib/armv7-m\libm.a(lib_a-w_pow.o) (__errno)
c:/program files (x86)/gnu tools arm embedded/5.4 2016q3/bin/../lib/gcc/arm-none-eabi/5.4.1/../../../../arm-none-eabi/lib/armv7-m\libg.a(lib_a-impure.o)
                              ..\obj\printf.o (_impure_ptr)
c:/program files (x86)/gnu tools arm embedded/5.4 2016q3/bin/../lib/gcc/arm-none-eabi/5.4.1/../../../../arm-none-eabi/lib/armv7-m\libg.a(lib_a-memcpy.o)
                              ..\obj\startup_stm32f10x_hd.o (memcpy)
c:/program files (x86)/gnu tools arm embedded/5.4 2016q3/bin/../lib/gcc/arm-none-eabi/5.4.1/../../../../arm-none-eabi/lib/armv7-m\libg.a(lib_a-memset.o)
                              ..\obj\printf.o (memset)
c:/program files (x86)/gnu tools arm embedded/5.4 2016q3/bin/../lib/gcc/arm-none-eabi/5.4.1/../../../../arm-none-eabi/lib/armv7-m\libg.a(lib_a-strlen-stub.o)
                              ..\obj\usart.o (strlen)

Allocating common symbols
Common symbol       size              file

parser2             0x71              ..\obj\datalink.o
med_filter_tmp      0x58              ..\obj\filter.o
parser1             0x71              ..\obj\datalink.o
med_filter_out      0x8               ..\obj\filter.o
task_100ms          0x2               ..\obj\schedule.o
adc_converted_value
                    0x2               ..\obj\adc.o
med_fil_cnt         0x2               ..\obj\filter.o
task_30s            0x2               ..\obj\schedule.o
task_1s             0x2               ..\obj\schedule.o
task_10ms           0x2               ..\obj\schedule.o
task_1ms            0x2               ..\obj\schedule.o

Discarded input sections

 .text          0x00000000        0x0 ..\obj\system_stm32f10x.o
 .data          0x00000000       0x14 ..\obj\system_stm32f10x.o
 .bss           0x00000000        0x0 ..\obj\system_stm32f10x.o
 .text.SystemCoreClockUpdate
                0x00000000       0x58 ..\obj\system_stm32f10x.o
 .text          0x00000000        0x0 ..\obj\led.o
 .data          0x00000000        0x0 ..\obj\led.o
 .bss           0x00000000        0x0 ..\obj\led.o
 .text          0x00000000        0x0 ..\obj\startup_stm32f10x_hd.o
 .data          0x00000000        0x0 ..\obj\startup_stm32f10x_hd.o
 .bss           0x00000000        0x0 ..\obj\startup_stm32f10x_hd.o
 .text          0x00000000        0x0 ..\obj\stm32f10x_gpio.o
 .data          0x00000000        0x0 ..\obj\stm32f10x_gpio.o
 .bss           0x00000000        0x0 ..\obj\stm32f10x_gpio.o
 .text.GPIO_DeInit
                0x00000000       0xdc ..\obj\stm32f10x_gpio.o
 .text.GPIO_AFIODeInit
                0x00000000       0x18 ..\obj\stm32f10x_gpio.o
 .text.GPIO_StructInit
                0x00000000       0x10 ..\obj\stm32f10x_gpio.o
 .text.GPIO_ReadInputData
                0x00000000        0x8 ..\obj\stm32f10x_gpio.o
 .text.GPIO_ReadOutputDataBit
                0x00000000        0xc ..\obj\stm32f10x_gpio.o
 .text.GPIO_ReadOutputData
                0x00000000        0x8 ..\obj\stm32f10x_gpio.o
 .text.GPIO_WriteBit
                0x00000000        0xc ..\obj\stm32f10x_gpio.o
 .text.GPIO_Write
                0x00000000        0x4 ..\obj\stm32f10x_gpio.o
 .text.GPIO_PinLockConfig
                0x00000000       0x10 ..\obj\stm32f10x_gpio.o
 .text.GPIO_EventOutputConfig
                0x00000000       0x1c ..\obj\stm32f10x_gpio.o
 .text.GPIO_EventOutputCmd
                0x00000000        0xc ..\obj\stm32f10x_gpio.o
 .text.GPIO_PinRemapConfig
                0x00000000       0x6c ..\obj\stm32f10x_gpio.o
 .text.GPIO_EXTILineConfig
                0x00000000       0x2c ..\obj\stm32f10x_gpio.o
 .text.GPIO_ETH_MediaInterfaceConfig
                0x00000000        0xc ..\obj\stm32f10x_gpio.o
 .text          0x00000000        0x0 ..\obj\main.o
 .data          0x00000000        0x0 ..\obj\main.o
 .bss           0x00000000        0x0 ..\obj\main.o
 .text          0x00000000        0x0 ..\obj\init.o
 .data          0x00000000        0x0 ..\obj\init.o
 .bss           0x00000000        0x0 ..\obj\init.o
 .text          0x00000000        0x0 ..\obj\playvoice.o
 .data          0x00000000        0x0 ..\obj\playvoice.o
 .bss           0x00000000        0x0 ..\obj\playvoice.o
 .text          0x00000000        0x0 ..\obj\printf.o
 .data          0x00000000      0x428 ..\obj\printf.o
 .bss           0x00000000        0x0 ..\obj\printf.o
 .text.PrintChar
                0x00000000        0xc ..\obj\printf.o
 .text.PutChar  0x00000000        0x8 ..\obj\printf.o
 .text.PutString
                0x00000000       0x20 ..\obj\printf.o
 .text.PutUnsignedInt
                0x00000000       0xa4 ..\obj\printf.o
 .text.PutSignedInt
                0x00000000      0x174 ..\obj\printf.o
 .text.PutHexa  0x00000000       0xb4 ..\obj\printf.o
 .text.vsnprintf
                0x00000000      0x51c ..\obj\printf.o
 .text.snprintf
                0x00000000       0x20 ..\obj\printf.o
 .text.vsprintf
                0x00000000        0xc ..\obj\printf.o
 .text.vfprintf
                0x00000000       0xa0 ..\obj\printf.o
 .text.vprintf  0x00000000       0xa0 ..\obj\printf.o
 .text.fprintf  0x00000000       0xb0 ..\obj\printf.o
 .text.printf   0x00000000       0x28 ..\obj\printf.o
 .text.sprintf  0x00000000       0x20 ..\obj\printf.o
 .text.puts     0x00000000       0x44 ..\obj\printf.o
 .text.fputc    0x00000000       0x30 ..\obj\printf.o
 .text.fputs    0x00000000       0x44 ..\obj\printf.o
 .rodata.str1.4
                0x00000000       0x24 ..\obj\printf.o
 .debug_info    0x00000000     0x23d1 ..\obj\printf.o
 .debug_abbrev  0x00000000      0x3da ..\obj\printf.o
 .debug_loc     0x00000000     0x35f7 ..\obj\printf.o
 .debug_aranges
                0x00000000       0xa0 ..\obj\printf.o
 .debug_ranges  0x00000000      0x688 ..\obj\printf.o
 .debug_line    0x00000000      0x7ba ..\obj\printf.o
 .debug_str     0x00000000      0x728 ..\obj\printf.o
 .comment       0x00000000       0x6f ..\obj\printf.o
 .debug_frame   0x00000000      0x2b0 ..\obj\printf.o
 .ARM.attributes
                0x00000000       0x33 ..\obj\printf.o
 .text          0x00000000        0x0 ..\obj\stm32f10x_rcc.o
 .bss           0x00000000        0x0 ..\obj\stm32f10x_rcc.o
 .text.RCC_DeInit
                0x00000000       0x40 ..\obj\stm32f10x_rcc.o
 .text.RCC_HSEConfig
                0x00000000       0x38 ..\obj\stm32f10x_rcc.o
 .text.RCC_WaitForHSEStartUp
                0x00000000       0x34 ..\obj\stm32f10x_rcc.o
 .text.RCC_AdjustHSICalibrationValue
                0x00000000       0x14 ..\obj\stm32f10x_rcc.o
 .text.RCC_HSICmd
                0x00000000        0xc ..\obj\stm32f10x_rcc.o
 .text.RCC_PLLConfig
                0x00000000       0x14 ..\obj\stm32f10x_rcc.o
 .text.RCC_PLLCmd
                0x00000000        0xc ..\obj\stm32f10x_rcc.o
 .text.RCC_SYSCLKConfig
                0x00000000       0x14 ..\obj\stm32f10x_rcc.o
 .text.RCC_GetSYSCLKSource
                0x00000000       0x10 ..\obj\stm32f10x_rcc.o
 .text.RCC_HCLKConfig
                0x00000000       0x14 ..\obj\stm32f10x_rcc.o
 .text.RCC_PCLK1Config
                0x00000000       0x14 ..\obj\stm32f10x_rcc.o
 .text.RCC_PCLK2Config
                0x00000000       0x14 ..\obj\stm32f10x_rcc.o
 .text.RCC_ITConfig
                0x00000000       0x1c ..\obj\stm32f10x_rcc.o
 .text.RCC_USBCLKConfig
                0x00000000        0xc ..\obj\stm32f10x_rcc.o
 .text.RCC_LSEConfig
                0x00000000       0x20 ..\obj\stm32f10x_rcc.o
 .text.RCC_LSICmd
                0x00000000        0xc ..\obj\stm32f10x_rcc.o
 .text.RCC_RTCCLKConfig
                0x00000000       0x10 ..\obj\stm32f10x_rcc.o
 .text.RCC_RTCCLKCmd
                0x00000000        0xc ..\obj\stm32f10x_rcc.o
 .text.RCC_APB2PeriphResetCmd
                0x00000000       0x1c ..\obj\stm32f10x_rcc.o
 .text.RCC_APB1PeriphResetCmd
                0x00000000       0x1c ..\obj\stm32f10x_rcc.o
 .text.RCC_BackupResetCmd
                0x00000000        0xc ..\obj\stm32f10x_rcc.o
 .text.RCC_ClockSecuritySystemCmd
                0x00000000        0xc ..\obj\stm32f10x_rcc.o
 .text.RCC_MCOConfig
                0x00000000        0xc ..\obj\stm32f10x_rcc.o
 .text.RCC_GetFlagStatus
                0x00000000       0x34 ..\obj\stm32f10x_rcc.o
 .text.RCC_ClearFlag
                0x00000000       0x10 ..\obj\stm32f10x_rcc.o
 .text.RCC_GetITStatus
                0x00000000       0x14 ..\obj\stm32f10x_rcc.o
 .text.RCC_ClearITPendingBit
                0x00000000        0xc ..\obj\stm32f10x_rcc.o
 .text          0x00000000        0x0 ..\obj\StreamParser.o
 .data          0x00000000        0x0 ..\obj\StreamParser.o
 .bss           0x00000000        0x0 ..\obj\StreamParser.o
 .text.parsePacketPayload
                0x00000000       0x90 ..\obj\StreamParser.o
 .text          0x00000000        0x0 ..\obj\stm32f10x_adc.o
 .data          0x00000000        0x0 ..\obj\stm32f10x_adc.o
 .bss           0x00000000        0x0 ..\obj\stm32f10x_adc.o
 .text.ADC_DeInit
                0x00000000       0x6c ..\obj\stm32f10x_adc.o
 .text.ADC_StructInit
                0x00000000       0x14 ..\obj\stm32f10x_adc.o
 .text.ADC_ITConfig
                0x00000000       0x14 ..\obj\stm32f10x_adc.o
 .text.ADC_GetSoftwareStartConvStatus
                0x00000000        0x8 ..\obj\stm32f10x_adc.o
 .text.ADC_DiscModeChannelCountConfig
                0x00000000       0x10 ..\obj\stm32f10x_adc.o
 .text.ADC_DiscModeCmd
                0x00000000       0x14 ..\obj\stm32f10x_adc.o
 .text.ADC_ExternalTrigConvCmd
                0x00000000       0x14 ..\obj\stm32f10x_adc.o
 .text.ADC_GetConversionValue
                0x00000000        0x8 ..\obj\stm32f10x_adc.o
 .text.ADC_GetDualModeConversionValue
                0x00000000        0xc ..\obj\stm32f10x_adc.o
 .text.ADC_AutoInjectedConvCmd
                0x00000000       0x14 ..\obj\stm32f10x_adc.o
 .text.ADC_InjectedDiscModeCmd
                0x00000000       0x14 ..\obj\stm32f10x_adc.o
 .text.ADC_ExternalTrigInjectedConvConfig
                0x00000000        0xc ..\obj\stm32f10x_adc.o
 .text.ADC_ExternalTrigInjectedConvCmd
                0x00000000       0x14 ..\obj\stm32f10x_adc.o
 .text.ADC_SoftwareStartInjectedConvCmd
                0x00000000       0x14 ..\obj\stm32f10x_adc.o
 .text.ADC_GetSoftwareStartInjectedConvCmdStatus
                0x00000000        0x8 ..\obj\stm32f10x_adc.o
 .text.ADC_InjectedChannelConfig
                0x00000000       0x58 ..\obj\stm32f10x_adc.o
 .text.ADC_InjectedSequencerLengthConfig
                0x00000000       0x10 ..\obj\stm32f10x_adc.o
 .text.ADC_SetInjectedOffset
                0x00000000       0x18 ..\obj\stm32f10x_adc.o
 .text.ADC_GetInjectedConversionValue
                0x00000000       0x1c ..\obj\stm32f10x_adc.o
 .text.ADC_AnalogWatchdogCmd
                0x00000000       0x10 ..\obj\stm32f10x_adc.o
 .text.ADC_AnalogWatchdogThresholdsConfig
                0x00000000        0x8 ..\obj\stm32f10x_adc.o
 .text.ADC_AnalogWatchdogSingleChannelConfig
                0x00000000        0xc ..\obj\stm32f10x_adc.o
 .text.ADC_TempSensorVrefintCmd
                0x00000000       0x1c ..\obj\stm32f10x_adc.o
 .text.ADC_GetFlagStatus
                0x00000000        0xc ..\obj\stm32f10x_adc.o
 .text.ADC_ClearFlag
                0x00000000        0x8 ..\obj\stm32f10x_adc.o
 .text.ADC_GetITStatus
                0x00000000       0x18 ..\obj\stm32f10x_adc.o
 .text.ADC_ClearITPendingBit
                0x00000000        0x8 ..\obj\stm32f10x_adc.o
 .text          0x00000000        0x0 ..\obj\key.o
 .data          0x00000000        0x0 ..\obj\key.o
 .bss           0x00000000        0x0 ..\obj\key.o
 .text          0x00000000        0x0 ..\obj\stm32f10x_usart.o
 .data          0x00000000        0x0 ..\obj\stm32f10x_usart.o
 .bss           0x00000000        0x0 ..\obj\stm32f10x_usart.o
 .text.USART_DeInit
                0x00000000       0xb0 ..\obj\stm32f10x_usart.o
 .text.USART_StructInit
                0x00000000       0x18 ..\obj\stm32f10x_usart.o
 .text.USART_ClockInit
                0x00000000       0x24 ..\obj\stm32f10x_usart.o
 .text.USART_ClockStructInit
                0x00000000        0xc ..\obj\stm32f10x_usart.o
 .text.USART_DMACmd
                0x00000000       0x14 ..\obj\stm32f10x_usart.o
 .text.USART_SetAddress
                0x00000000       0x18 ..\obj\stm32f10x_usart.o
 .text.USART_WakeUpConfig
                0x00000000       0x18 ..\obj\stm32f10x_usart.o
 .text.USART_ReceiverWakeUpCmd
                0x00000000       0x1c ..\obj\stm32f10x_usart.o
 .text.USART_LINBreakDetectLengthConfig
                0x00000000       0x18 ..\obj\stm32f10x_usart.o
 .text.USART_LINCmd
                0x00000000       0x1c ..\obj\stm32f10x_usart.o
 .text.USART_SendBreak
                0x00000000        0xc ..\obj\stm32f10x_usart.o
 .text.USART_SetGuardTime
                0x00000000       0x14 ..\obj\stm32f10x_usart.o
 .text.USART_SetPrescaler
                0x00000000       0x14 ..\obj\stm32f10x_usart.o
 .text.USART_SmartCardCmd
                0x00000000       0x1c ..\obj\stm32f10x_usart.o
 .text.USART_SmartCardNACKCmd
                0x00000000       0x1c ..\obj\stm32f10x_usart.o
 .text.USART_HalfDuplexCmd
                0x00000000       0x1c ..\obj\stm32f10x_usart.o
 .text.USART_OverSampling8Cmd
                0x00000000       0x1c ..\obj\stm32f10x_usart.o
 .text.USART_OneBitMethodCmd
                0x00000000       0x1c ..\obj\stm32f10x_usart.o
 .text.USART_IrDAConfig
                0x00000000       0x18 ..\obj\stm32f10x_usart.o
 .text.USART_IrDACmd
                0x00000000       0x1c ..\obj\stm32f10x_usart.o
 .text.USART_ClearITPendingBit
                0x00000000       0x10 ..\obj\stm32f10x_usart.o
 .text          0x00000000        0x0 ..\obj\schedule.o
 .data          0x00000000        0x0 ..\obj\schedule.o
 .text          0x00000000        0x0 ..\obj\datalink.o
 .data          0x00000000        0x0 ..\obj\datalink.o
 .bss           0x00000000        0x0 ..\obj\datalink.o
 .text          0x00000000        0x0 ..\obj\syscalls.o
 .data          0x00000000        0x0 ..\obj\syscalls.o
 .bss           0x00000000        0x4 ..\obj\syscalls.o
 .text._sbrk    0x00000000       0x1c ..\obj\syscalls.o
 .text.link     0x00000000        0x8 ..\obj\syscalls.o
 .text._close   0x00000000        0x8 ..\obj\syscalls.o
 .text._fstat   0x00000000        0xc ..\obj\syscalls.o
 .text._isatty  0x00000000        0x4 ..\obj\syscalls.o
 .text._lseek   0x00000000        0x4 ..\obj\syscalls.o
 .text._read    0x00000000        0x4 ..\obj\syscalls.o
 .text._write   0x00000000        0x4 ..\obj\syscalls.o
 .text.abort    0x00000000        0x4 ..\obj\syscalls.o
 .debug_info    0x00000000      0x432 ..\obj\syscalls.o
 .debug_abbrev  0x00000000      0x147 ..\obj\syscalls.o
 .debug_loc     0x00000000       0xe7 ..\obj\syscalls.o
 .debug_aranges
                0x00000000       0x58 ..\obj\syscalls.o
 .debug_ranges  0x00000000       0x48 ..\obj\syscalls.o
 .debug_line    0x00000000      0x1c6 ..\obj\syscalls.o
 .debug_str     0x00000000      0x319 ..\obj\syscalls.o
 .comment       0x00000000       0x6f ..\obj\syscalls.o
 .debug_frame   0x00000000       0xa0 ..\obj\syscalls.o
 .ARM.attributes
                0x00000000       0x33 ..\obj\syscalls.o
 .text          0x00000000        0x0 ..\obj\adc.o
 .data          0x00000000        0x0 ..\obj\adc.o
 .bss           0x00000000        0x0 ..\obj\adc.o
 .text.get_distance
                0x00000000       0xb0 ..\obj\adc.o
 .text.get_adc_raw_data
                0x00000000        0xc ..\obj\adc.o
 .text          0x00000000        0x0 ..\obj\stm32f10x_dma.o
 .data          0x00000000        0x0 ..\obj\stm32f10x_dma.o
 .bss           0x00000000        0x0 ..\obj\stm32f10x_dma.o
 .text.DMA_StructInit
                0x00000000       0x1c ..\obj\stm32f10x_dma.o
 .text.DMA_ITConfig
                0x00000000       0x14 ..\obj\stm32f10x_dma.o
 .text.DMA_SetCurrDataCounter
                0x00000000        0x4 ..\obj\stm32f10x_dma.o
 .text.DMA_GetCurrDataCounter
                0x00000000        0x8 ..\obj\stm32f10x_dma.o
 .text.DMA_GetFlagStatus
                0x00000000       0x1c ..\obj\stm32f10x_dma.o
 .text.DMA_ClearFlag
                0x00000000       0x14 ..\obj\stm32f10x_dma.o
 .text.DMA_GetITStatus
                0x00000000       0x1c ..\obj\stm32f10x_dma.o
 .text.DMA_ClearITPendingBit
                0x00000000       0x14 ..\obj\stm32f10x_dma.o
 .text          0x00000000        0x0 ..\obj\nvic.o
 .data          0x00000000        0x0 ..\obj\nvic.o
 .bss           0x00000000        0x0 ..\obj\nvic.o
 .text.initialise_nvic_group
                0x00000000        0x8 ..\obj\nvic.o
 .debug_info    0x00000000       0xde ..\obj\nvic.o
 .debug_abbrev  0x00000000       0x92 ..\obj\nvic.o
 .debug_aranges
                0x00000000       0x20 ..\obj\nvic.o
 .debug_ranges  0x00000000       0x10 ..\obj\nvic.o
 .debug_line    0x00000000      0x18c ..\obj\nvic.o
 .debug_str     0x00000000      0x196 ..\obj\nvic.o
 .comment       0x00000000       0x6f ..\obj\nvic.o
 .debug_frame   0x00000000       0x20 ..\obj\nvic.o
 .ARM.attributes
                0x00000000       0x33 ..\obj\nvic.o
 .text          0x00000000        0x0 ..\obj\ano_protocol.o
 .data          0x00000000        0x0 ..\obj\ano_protocol.o
 .bss           0x00000000        0x0 ..\obj\ano_protocol.o
 .text.send_data_to_ano
                0x00000000       0xe4 ..\obj\ano_protocol.o
 .debug_info    0x00000000      0x27a ..\obj\ano_protocol.o
 .debug_abbrev  0x00000000      0x149 ..\obj\ano_protocol.o
 .debug_loc     0x00000000      0x11b ..\obj\ano_protocol.o
 .debug_aranges
                0x00000000       0x20 ..\obj\ano_protocol.o
 .debug_ranges  0x00000000       0x10 ..\obj\ano_protocol.o
 .debug_line    0x00000000      0x204 ..\obj\ano_protocol.o
 .debug_str     0x00000000      0x233 ..\obj\ano_protocol.o
 .comment       0x00000000       0x6f ..\obj\ano_protocol.o
 .debug_frame   0x00000000       0x34 ..\obj\ano_protocol.o
 .ARM.attributes
                0x00000000       0x33 ..\obj\ano_protocol.o
 .text          0x00000000        0x0 ..\obj\misc.o
 .data          0x00000000        0x0 ..\obj\misc.o
 .bss           0x00000000        0x0 ..\obj\misc.o
 .text.NVIC_SetVectorTable
                0x00000000       0x14 ..\obj\misc.o
 .text.NVIC_SystemLPConfig
                0x00000000       0x18 ..\obj\misc.o
 .text          0x00000000        0x0 ..\obj\ir.o
 .data          0x00000000        0x0 ..\obj\ir.o
 .bss           0x00000000        0x0 ..\obj\ir.o
 .text          0x00000000        0x0 ..\obj\filter.o
 .data          0x00000000        0x0 ..\obj\filter.o
 .bss           0x00000000        0x0 ..\obj\filter.o
 .text.moving_median
                0x00000000       0xd4 ..\obj\filter.o
 .debug_info    0x00000000      0x1fc ..\obj\filter.o
 .debug_abbrev  0x00000000       0xf9 ..\obj\filter.o
 .debug_loc     0x00000000      0x120 ..\obj\filter.o
 .debug_aranges
                0x00000000       0x20 ..\obj\filter.o
 .debug_ranges  0x00000000       0x10 ..\obj\filter.o
 .debug_line    0x00000000      0x1cf ..\obj\filter.o
 .debug_str     0x00000000      0x1ca ..\obj\filter.o
 .comment       0x00000000       0x6f ..\obj\filter.o
 .debug_frame   0x00000000       0x40 ..\obj\filter.o
 .ARM.attributes
                0x00000000       0x33 ..\obj\filter.o
 COMMON         0x00000000       0x62 ..\obj\filter.o
 .text          0x00000000        0x0 ..\obj\systick.o
 .data          0x00000000        0x0 ..\obj\systick.o
 .text.get_systime_us
                0x00000000       0x2c ..\obj\systick.o
 .text          0x00000000        0x0 ..\obj\pid.o
 .data          0x00000000        0x0 ..\obj\pid.o
 .bss           0x00000000        0x0 ..\obj\pid.o
 .text.pid_cal  0x00000000       0x4c ..\obj\pid.o
 .debug_info    0x00000000      0x193 ..\obj\pid.o
 .debug_abbrev  0x00000000       0xd5 ..\obj\pid.o
 .debug_loc     0x00000000       0xb7 ..\obj\pid.o
 .debug_aranges
                0x00000000       0x20 ..\obj\pid.o
 .debug_ranges  0x00000000       0x10 ..\obj\pid.o
 .debug_line    0x00000000      0x19c ..\obj\pid.o
 .debug_str     0x00000000      0x1ae ..\obj\pid.o
 .comment       0x00000000       0x6f ..\obj\pid.o
 .debug_frame   0x00000000       0x30 ..\obj\pid.o
 .ARM.attributes
                0x00000000       0x33 ..\obj\pid.o
 .text          0x00000000        0x0 ..\obj\usart.o
 .data          0x00000000        0x0 ..\obj\usart.o
 .bss           0x00000000        0x0 ..\obj\usart.o
 .text.usart_send_byte
                0x00000000       0x18 ..\obj\usart.o
 .text.usart_send_string
                0x00000000       0x38 ..\obj\usart.o
 .text          0x00000000        0x0 c:/program files (x86)/gnu tools arm embedded/5.4 2016q3/bin/../lib/gcc/arm-none-eabi/5.4.1/../../../../arm-none-eabi/lib/armv7-m\libm.a(lib_a-w_pow.o)
 .data          0x00000000        0x0 c:/program files (x86)/gnu tools arm embedded/5.4 2016q3/bin/../lib/gcc/arm-none-eabi/5.4.1/../../../../arm-none-eabi/lib/armv7-m\libm.a(lib_a-w_pow.o)
 .bss           0x00000000        0x0 c:/program files (x86)/gnu tools arm embedded/5.4 2016q3/bin/../lib/gcc/arm-none-eabi/5.4.1/../../../../arm-none-eabi/lib/armv7-m\libm.a(lib_a-w_pow.o)
 .text.pow      0x00000000      0x330 c:/program files (x86)/gnu tools arm embedded/5.4 2016q3/bin/../lib/gcc/arm-none-eabi/5.4.1/../../../../arm-none-eabi/lib/armv7-m\libm.a(lib_a-w_pow.o)
 .rodata.str1.4
                0x00000000        0x4 c:/program files (x86)/gnu tools arm embedded/5.4 2016q3/bin/../lib/gcc/arm-none-eabi/5.4.1/../../../../arm-none-eabi/lib/armv7-m\libm.a(lib_a-w_pow.o)
 .debug_frame   0x00000000       0x4c c:/program files (x86)/gnu tools arm embedded/5.4 2016q3/bin/../lib/gcc/arm-none-eabi/5.4.1/../../../../arm-none-eabi/lib/armv7-m\libm.a(lib_a-w_pow.o)
 .ARM.attributes
                0x00000000       0x2d c:/program files (x86)/gnu tools arm embedded/5.4 2016q3/bin/../lib/gcc/arm-none-eabi/5.4.1/../../../../arm-none-eabi/lib/armv7-m\libm.a(lib_a-w_pow.o)
 .text          0x00000000        0x0 c:/program files (x86)/gnu tools arm embedded/5.4 2016q3/bin/../lib/gcc/arm-none-eabi/5.4.1/../../../../arm-none-eabi/lib/armv7-m\libm.a(lib_a-e_pow.o)
 .data          0x00000000        0x0 c:/program files (x86)/gnu tools arm embedded/5.4 2016q3/bin/../lib/gcc/arm-none-eabi/5.4.1/../../../../arm-none-eabi/lib/armv7-m\libm.a(lib_a-e_pow.o)
 .bss           0x00000000        0x0 c:/program files (x86)/gnu tools arm embedded/5.4 2016q3/bin/../lib/gcc/arm-none-eabi/5.4.1/../../../../arm-none-eabi/lib/armv7-m\libm.a(lib_a-e_pow.o)
 .text.__ieee754_pow
                0x00000000      0xac4 c:/program files (x86)/gnu tools arm embedded/5.4 2016q3/bin/../lib/gcc/arm-none-eabi/5.4.1/../../../../arm-none-eabi/lib/armv7-m\libm.a(lib_a-e_pow.o)
 .rodata.str1.4
                0x00000000        0x1 c:/program files (x86)/gnu tools arm embedded/5.4 2016q3/bin/../lib/gcc/arm-none-eabi/5.4.1/../../../../arm-none-eabi/lib/armv7-m\libm.a(lib_a-e_pow.o)
 .debug_frame   0x00000000       0x68 c:/program files (x86)/gnu tools arm embedded/5.4 2016q3/bin/../lib/gcc/arm-none-eabi/5.4.1/../../../../arm-none-eabi/lib/armv7-m\libm.a(lib_a-e_pow.o)
 .ARM.attributes
                0x00000000       0x2d c:/program files (x86)/gnu tools arm embedded/5.4 2016q3/bin/../lib/gcc/arm-none-eabi/5.4.1/../../../../arm-none-eabi/lib/armv7-m\libm.a(lib_a-e_pow.o)
 .text          0x00000000        0x0 c:/program files (x86)/gnu tools arm embedded/5.4 2016q3/bin/../lib/gcc/arm-none-eabi/5.4.1/../../../../arm-none-eabi/lib/armv7-m\libm.a(lib_a-e_sqrt.o)
 .data          0x00000000        0x0 c:/program files (x86)/gnu tools arm embedded/5.4 2016q3/bin/../lib/gcc/arm-none-eabi/5.4.1/../../../../arm-none-eabi/lib/armv7-m\libm.a(lib_a-e_sqrt.o)
 .bss           0x00000000        0x0 c:/program files (x86)/gnu tools arm embedded/5.4 2016q3/bin/../lib/gcc/arm-none-eabi/5.4.1/../../../../arm-none-eabi/lib/armv7-m\libm.a(lib_a-e_sqrt.o)
 .text.__ieee754_sqrt
                0x00000000      0x188 c:/program files (x86)/gnu tools arm embedded/5.4 2016q3/bin/../lib/gcc/arm-none-eabi/5.4.1/../../../../arm-none-eabi/lib/armv7-m\libm.a(lib_a-e_sqrt.o)
 .debug_frame   0x00000000       0x30 c:/program files (x86)/gnu tools arm embedded/5.4 2016q3/bin/../lib/gcc/arm-none-eabi/5.4.1/../../../../arm-none-eabi/lib/armv7-m\libm.a(lib_a-e_sqrt.o)
 .ARM.attributes
                0x00000000       0x2d c:/program files (x86)/gnu tools arm embedded/5.4 2016q3/bin/../lib/gcc/arm-none-eabi/5.4.1/../../../../arm-none-eabi/lib/armv7-m\libm.a(lib_a-e_sqrt.o)
 .text          0x00000000        0x0 c:/program files (x86)/gnu tools arm embedded/5.4 2016q3/bin/../lib/gcc/arm-none-eabi/5.4.1/../../../../arm-none-eabi/lib/armv7-m\libm.a(lib_a-s_fabs.o)
 .data          0x00000000        0x0 c:/program files (x86)/gnu tools arm embedded/5.4 2016q3/bin/../lib/gcc/arm-none-eabi/5.4.1/../../../../arm-none-eabi/lib/armv7-m\libm.a(lib_a-s_fabs.o)
 .bss           0x00000000        0x0 c:/program files (x86)/gnu tools arm embedded/5.4 2016q3/bin/../lib/gcc/arm-none-eabi/5.4.1/../../../../arm-none-eabi/lib/armv7-m\libm.a(lib_a-s_fabs.o)
 .text.fabs     0x00000000        0x8 c:/program files (x86)/gnu tools arm embedded/5.4 2016q3/bin/../lib/gcc/arm-none-eabi/5.4.1/../../../../arm-none-eabi/lib/armv7-m\libm.a(lib_a-s_fabs.o)
 .debug_frame   0x00000000       0x20 c:/program files (x86)/gnu tools arm embedded/5.4 2016q3/bin/../lib/gcc/arm-none-eabi/5.4.1/../../../../arm-none-eabi/lib/armv7-m\libm.a(lib_a-s_fabs.o)
 .ARM.attributes
                0x00000000       0x2d c:/program files (x86)/gnu tools arm embedded/5.4 2016q3/bin/../lib/gcc/arm-none-eabi/5.4.1/../../../../arm-none-eabi/lib/armv7-m\libm.a(lib_a-s_fabs.o)
 .text          0x00000000        0x0 c:/program files (x86)/gnu tools arm embedded/5.4 2016q3/bin/../lib/gcc/arm-none-eabi/5.4.1/../../../../arm-none-eabi/lib/armv7-m\libm.a(lib_a-s_finite.o)
 .data          0x00000000        0x0 c:/program files (x86)/gnu tools arm embedded/5.4 2016q3/bin/../lib/gcc/arm-none-eabi/5.4.1/../../../../arm-none-eabi/lib/armv7-m\libm.a(lib_a-s_finite.o)
 .bss           0x00000000        0x0 c:/program files (x86)/gnu tools arm embedded/5.4 2016q3/bin/../lib/gcc/arm-none-eabi/5.4.1/../../../../arm-none-eabi/lib/armv7-m\libm.a(lib_a-s_finite.o)
 .text.finite   0x00000000        0xc c:/program files (x86)/gnu tools arm embedded/5.4 2016q3/bin/../lib/gcc/arm-none-eabi/5.4.1/../../../../arm-none-eabi/lib/armv7-m\libm.a(lib_a-s_finite.o)
 .debug_frame   0x00000000       0x20 c:/program files (x86)/gnu tools arm embedded/5.4 2016q3/bin/../lib/gcc/arm-none-eabi/5.4.1/../../../../arm-none-eabi/lib/armv7-m\libm.a(lib_a-s_finite.o)
 .ARM.attributes
                0x00000000       0x2d c:/program files (x86)/gnu tools arm embedded/5.4 2016q3/bin/../lib/gcc/arm-none-eabi/5.4.1/../../../../arm-none-eabi/lib/armv7-m\libm.a(lib_a-s_finite.o)
 .text          0x00000000        0x0 c:/program files (x86)/gnu tools arm embedded/5.4 2016q3/bin/../lib/gcc/arm-none-eabi/5.4.1/../../../../arm-none-eabi/lib/armv7-m\libm.a(lib_a-s_lib_ver.o)
 .data          0x00000000        0x0 c:/program files (x86)/gnu tools arm embedded/5.4 2016q3/bin/../lib/gcc/arm-none-eabi/5.4.1/../../../../arm-none-eabi/lib/armv7-m\libm.a(lib_a-s_lib_ver.o)
 .bss           0x00000000        0x0 c:/program files (x86)/gnu tools arm embedded/5.4 2016q3/bin/../lib/gcc/arm-none-eabi/5.4.1/../../../../arm-none-eabi/lib/armv7-m\libm.a(lib_a-s_lib_ver.o)
 .data.__fdlib_version
                0x00000000        0x1 c:/program files (x86)/gnu tools arm embedded/5.4 2016q3/bin/../lib/gcc/arm-none-eabi/5.4.1/../../../../arm-none-eabi/lib/armv7-m\libm.a(lib_a-s_lib_ver.o)
 .ARM.attributes
                0x00000000       0x2d c:/program files (x86)/gnu tools arm embedded/5.4 2016q3/bin/../lib/gcc/arm-none-eabi/5.4.1/../../../../arm-none-eabi/lib/armv7-m\libm.a(lib_a-s_lib_ver.o)
 .text          0x00000000        0x0 c:/program files (x86)/gnu tools arm embedded/5.4 2016q3/bin/../lib/gcc/arm-none-eabi/5.4.1/../../../../arm-none-eabi/lib/armv7-m\libm.a(lib_a-s_matherr.o)
 .data          0x00000000        0x0 c:/program files (x86)/gnu tools arm embedded/5.4 2016q3/bin/../lib/gcc/arm-none-eabi/5.4.1/../../../../arm-none-eabi/lib/armv7-m\libm.a(lib_a-s_matherr.o)
 .bss           0x00000000        0x0 c:/program files (x86)/gnu tools arm embedded/5.4 2016q3/bin/../lib/gcc/arm-none-eabi/5.4.1/../../../../arm-none-eabi/lib/armv7-m\libm.a(lib_a-s_matherr.o)
 .text.matherr  0x00000000        0x4 c:/program files (x86)/gnu tools arm embedded/5.4 2016q3/bin/../lib/gcc/arm-none-eabi/5.4.1/../../../../arm-none-eabi/lib/armv7-m\libm.a(lib_a-s_matherr.o)
 .debug_frame   0x00000000       0x20 c:/program files (x86)/gnu tools arm embedded/5.4 2016q3/bin/../lib/gcc/arm-none-eabi/5.4.1/../../../../arm-none-eabi/lib/armv7-m\libm.a(lib_a-s_matherr.o)
 .ARM.attributes
                0x00000000       0x2d c:/program files (x86)/gnu tools arm embedded/5.4 2016q3/bin/../lib/gcc/arm-none-eabi/5.4.1/../../../../arm-none-eabi/lib/armv7-m\libm.a(lib_a-s_matherr.o)
 .text          0x00000000        0x0 c:/program files (x86)/gnu tools arm embedded/5.4 2016q3/bin/../lib/gcc/arm-none-eabi/5.4.1/../../../../arm-none-eabi/lib/armv7-m\libm.a(lib_a-s_nan.o)
 .data          0x00000000        0x0 c:/program files (x86)/gnu tools arm embedded/5.4 2016q3/bin/../lib/gcc/arm-none-eabi/5.4.1/../../../../arm-none-eabi/lib/armv7-m\libm.a(lib_a-s_nan.o)
 .bss           0x00000000        0x0 c:/program files (x86)/gnu tools arm embedded/5.4 2016q3/bin/../lib/gcc/arm-none-eabi/5.4.1/../../../../arm-none-eabi/lib/armv7-m\libm.a(lib_a-s_nan.o)
 .text.nan      0x00000000        0xc c:/program files (x86)/gnu tools arm embedded/5.4 2016q3/bin/../lib/gcc/arm-none-eabi/5.4.1/../../../../arm-none-eabi/lib/armv7-m\libm.a(lib_a-s_nan.o)
 .debug_frame   0x00000000       0x20 c:/program files (x86)/gnu tools arm embedded/5.4 2016q3/bin/../lib/gcc/arm-none-eabi/5.4.1/../../../../arm-none-eabi/lib/armv7-m\libm.a(lib_a-s_nan.o)
 .ARM.attributes
                0x00000000       0x2d c:/program files (x86)/gnu tools arm embedded/5.4 2016q3/bin/../lib/gcc/arm-none-eabi/5.4.1/../../../../arm-none-eabi/lib/armv7-m\libm.a(lib_a-s_nan.o)
 .text          0x00000000        0x0 c:/program files (x86)/gnu tools arm embedded/5.4 2016q3/bin/../lib/gcc/arm-none-eabi/5.4.1/../../../../arm-none-eabi/lib/armv7-m\libm.a(lib_a-s_rint.o)
 .data          0x00000000        0x0 c:/program files (x86)/gnu tools arm embedded/5.4 2016q3/bin/../lib/gcc/arm-none-eabi/5.4.1/../../../../arm-none-eabi/lib/armv7-m\libm.a(lib_a-s_rint.o)
 .bss           0x00000000        0x0 c:/program files (x86)/gnu tools arm embedded/5.4 2016q3/bin/../lib/gcc/arm-none-eabi/5.4.1/../../../../arm-none-eabi/lib/armv7-m\libm.a(lib_a-s_rint.o)
 .text.rint     0x00000000      0x120 c:/program files (x86)/gnu tools arm embedded/5.4 2016q3/bin/../lib/gcc/arm-none-eabi/5.4.1/../../../../arm-none-eabi/lib/armv7-m\libm.a(lib_a-s_rint.o)
 .rodata.TWO52  0x00000000       0x10 c:/program files (x86)/gnu tools arm embedded/5.4 2016q3/bin/../lib/gcc/arm-none-eabi/5.4.1/../../../../arm-none-eabi/lib/armv7-m\libm.a(lib_a-s_rint.o)
 .debug_frame   0x00000000       0x3c c:/program files (x86)/gnu tools arm embedded/5.4 2016q3/bin/../lib/gcc/arm-none-eabi/5.4.1/../../../../arm-none-eabi/lib/armv7-m\libm.a(lib_a-s_rint.o)
 .ARM.attributes
                0x00000000       0x2d c:/program files (x86)/gnu tools arm embedded/5.4 2016q3/bin/../lib/gcc/arm-none-eabi/5.4.1/../../../../arm-none-eabi/lib/armv7-m\libm.a(lib_a-s_rint.o)
 .text          0x00000000        0x0 c:/program files (x86)/gnu tools arm embedded/5.4 2016q3/bin/../lib/gcc/arm-none-eabi/5.4.1/../../../../arm-none-eabi/lib/armv7-m\libm.a(lib_a-s_scalbn.o)
 .data          0x00000000        0x0 c:/program files (x86)/gnu tools arm embedded/5.4 2016q3/bin/../lib/gcc/arm-none-eabi/5.4.1/../../../../arm-none-eabi/lib/armv7-m\libm.a(lib_a-s_scalbn.o)
 .bss           0x00000000        0x0 c:/program files (x86)/gnu tools arm embedded/5.4 2016q3/bin/../lib/gcc/arm-none-eabi/5.4.1/../../../../arm-none-eabi/lib/armv7-m\libm.a(lib_a-s_scalbn.o)
 .text.scalbn   0x00000000       0xe4 c:/program files (x86)/gnu tools arm embedded/5.4 2016q3/bin/../lib/gcc/arm-none-eabi/5.4.1/../../../../arm-none-eabi/lib/armv7-m\libm.a(lib_a-s_scalbn.o)
 .debug_frame   0x00000000       0x30 c:/program files (x86)/gnu tools arm embedded/5.4 2016q3/bin/../lib/gcc/arm-none-eabi/5.4.1/../../../../arm-none-eabi/lib/armv7-m\libm.a(lib_a-s_scalbn.o)
 .ARM.attributes
                0x00000000       0x2d c:/program files (x86)/gnu tools arm embedded/5.4 2016q3/bin/../lib/gcc/arm-none-eabi/5.4.1/../../../../arm-none-eabi/lib/armv7-m\libm.a(lib_a-s_scalbn.o)
 .text          0x00000000        0x0 c:/program files (x86)/gnu tools arm embedded/5.4 2016q3/bin/../lib/gcc/arm-none-eabi/5.4.1/../../../../arm-none-eabi/lib/armv7-m\libm.a(lib_a-s_copysign.o)
 .data          0x00000000        0x0 c:/program files (x86)/gnu tools arm embedded/5.4 2016q3/bin/../lib/gcc/arm-none-eabi/5.4.1/../../../../arm-none-eabi/lib/armv7-m\libm.a(lib_a-s_copysign.o)
 .bss           0x00000000        0x0 c:/program files (x86)/gnu tools arm embedded/5.4 2016q3/bin/../lib/gcc/arm-none-eabi/5.4.1/../../../../arm-none-eabi/lib/armv7-m\libm.a(lib_a-s_copysign.o)
 .text.copysign
                0x00000000       0x10 c:/program files (x86)/gnu tools arm embedded/5.4 2016q3/bin/../lib/gcc/arm-none-eabi/5.4.1/../../../../arm-none-eabi/lib/armv7-m\libm.a(lib_a-s_copysign.o)
 .debug_frame   0x00000000       0x20 c:/program files (x86)/gnu tools arm embedded/5.4 2016q3/bin/../lib/gcc/arm-none-eabi/5.4.1/../../../../arm-none-eabi/lib/armv7-m\libm.a(lib_a-s_copysign.o)
 .ARM.attributes
                0x00000000       0x2d c:/program files (x86)/gnu tools arm embedded/5.4 2016q3/bin/../lib/gcc/arm-none-eabi/5.4.1/../../../../arm-none-eabi/lib/armv7-m\libm.a(lib_a-s_copysign.o)
 .text          0x00000000      0x370 c:/program files (x86)/gnu tools arm embedded/5.4 2016q3/bin/../lib/gcc/arm-none-eabi/5.4.1/armv7-m\libgcc.a(_arm_addsubdf3.o)
 .data          0x00000000        0x0 c:/program files (x86)/gnu tools arm embedded/5.4 2016q3/bin/../lib/gcc/arm-none-eabi/5.4.1/armv7-m\libgcc.a(_arm_addsubdf3.o)
 .bss           0x00000000        0x0 c:/program files (x86)/gnu tools arm embedded/5.4 2016q3/bin/../lib/gcc/arm-none-eabi/5.4.1/armv7-m\libgcc.a(_arm_addsubdf3.o)
 .ARM.attributes
                0x00000000       0x1d c:/program files (x86)/gnu tools arm embedded/5.4 2016q3/bin/../lib/gcc/arm-none-eabi/5.4.1/armv7-m\libgcc.a(_arm_addsubdf3.o)
 .text          0x00000000      0x424 c:/program files (x86)/gnu tools arm embedded/5.4 2016q3/bin/../lib/gcc/arm-none-eabi/5.4.1/armv7-m\libgcc.a(_arm_muldivdf3.o)
 .data          0x00000000        0x0 c:/program files (x86)/gnu tools arm embedded/5.4 2016q3/bin/../lib/gcc/arm-none-eabi/5.4.1/armv7-m\libgcc.a(_arm_muldivdf3.o)
 .bss           0x00000000        0x0 c:/program files (x86)/gnu tools arm embedded/5.4 2016q3/bin/../lib/gcc/arm-none-eabi/5.4.1/armv7-m\libgcc.a(_arm_muldivdf3.o)
 .ARM.attributes
                0x00000000       0x1d c:/program files (x86)/gnu tools arm embedded/5.4 2016q3/bin/../lib/gcc/arm-none-eabi/5.4.1/armv7-m\libgcc.a(_arm_muldivdf3.o)
 .text          0x00000000      0x110 c:/program files (x86)/gnu tools arm embedded/5.4 2016q3/bin/../lib/gcc/arm-none-eabi/5.4.1/armv7-m\libgcc.a(_arm_cmpdf2.o)
 .data          0x00000000        0x0 c:/program files (x86)/gnu tools arm embedded/5.4 2016q3/bin/../lib/gcc/arm-none-eabi/5.4.1/armv7-m\libgcc.a(_arm_cmpdf2.o)
 .bss           0x00000000        0x0 c:/program files (x86)/gnu tools arm embedded/5.4 2016q3/bin/../lib/gcc/arm-none-eabi/5.4.1/armv7-m\libgcc.a(_arm_cmpdf2.o)
 .ARM.attributes
                0x00000000       0x1d c:/program files (x86)/gnu tools arm embedded/5.4 2016q3/bin/../lib/gcc/arm-none-eabi/5.4.1/armv7-m\libgcc.a(_arm_cmpdf2.o)
 .text          0x00000000       0x2c c:/program files (x86)/gnu tools arm embedded/5.4 2016q3/bin/../lib/gcc/arm-none-eabi/5.4.1/armv7-m\libgcc.a(_arm_unorddf2.o)
 .data          0x00000000        0x0 c:/program files (x86)/gnu tools arm embedded/5.4 2016q3/bin/../lib/gcc/arm-none-eabi/5.4.1/armv7-m\libgcc.a(_arm_unorddf2.o)
 .bss           0x00000000        0x0 c:/program files (x86)/gnu tools arm embedded/5.4 2016q3/bin/../lib/gcc/arm-none-eabi/5.4.1/armv7-m\libgcc.a(_arm_unorddf2.o)
 .ARM.attributes
                0x00000000       0x1d c:/program files (x86)/gnu tools arm embedded/5.4 2016q3/bin/../lib/gcc/arm-none-eabi/5.4.1/armv7-m\libgcc.a(_arm_unorddf2.o)
 .text          0x00000000       0xa0 c:/program files (x86)/gnu tools arm embedded/5.4 2016q3/bin/../lib/gcc/arm-none-eabi/5.4.1/armv7-m\libgcc.a(_arm_truncdfsf2.o)
 .data          0x00000000        0x0 c:/program files (x86)/gnu tools arm embedded/5.4 2016q3/bin/../lib/gcc/arm-none-eabi/5.4.1/armv7-m\libgcc.a(_arm_truncdfsf2.o)
 .bss           0x00000000        0x0 c:/program files (x86)/gnu tools arm embedded/5.4 2016q3/bin/../lib/gcc/arm-none-eabi/5.4.1/armv7-m\libgcc.a(_arm_truncdfsf2.o)
 .ARM.attributes
                0x00000000       0x1d c:/program files (x86)/gnu tools arm embedded/5.4 2016q3/bin/../lib/gcc/arm-none-eabi/5.4.1/armv7-m\libgcc.a(_arm_truncdfsf2.o)
 .text          0x00000000      0x21c c:/program files (x86)/gnu tools arm embedded/5.4 2016q3/bin/../lib/gcc/arm-none-eabi/5.4.1/armv7-m\libgcc.a(_arm_addsubsf3.o)
 .data          0x00000000        0x0 c:/program files (x86)/gnu tools arm embedded/5.4 2016q3/bin/../lib/gcc/arm-none-eabi/5.4.1/armv7-m\libgcc.a(_arm_addsubsf3.o)
 .bss           0x00000000        0x0 c:/program files (x86)/gnu tools arm embedded/5.4 2016q3/bin/../lib/gcc/arm-none-eabi/5.4.1/armv7-m\libgcc.a(_arm_addsubsf3.o)
 .ARM.attributes
                0x00000000       0x1d c:/program files (x86)/gnu tools arm embedded/5.4 2016q3/bin/../lib/gcc/arm-none-eabi/5.4.1/armv7-m\libgcc.a(_arm_addsubsf3.o)
 .text          0x00000000      0x2a0 c:/program files (x86)/gnu tools arm embedded/5.4 2016q3/bin/../lib/gcc/arm-none-eabi/5.4.1/armv7-m\libgcc.a(_arm_muldivsf3.o)
 .data          0x00000000        0x0 c:/program files (x86)/gnu tools arm embedded/5.4 2016q3/bin/../lib/gcc/arm-none-eabi/5.4.1/armv7-m\libgcc.a(_arm_muldivsf3.o)
 .bss           0x00000000        0x0 c:/program files (x86)/gnu tools arm embedded/5.4 2016q3/bin/../lib/gcc/arm-none-eabi/5.4.1/armv7-m\libgcc.a(_arm_muldivsf3.o)
 .ARM.attributes
                0x00000000       0x1d c:/program files (x86)/gnu tools arm embedded/5.4 2016q3/bin/../lib/gcc/arm-none-eabi/5.4.1/armv7-m\libgcc.a(_arm_muldivsf3.o)
 .text          0x00000000       0xec c:/program files (x86)/gnu tools arm embedded/5.4 2016q3/bin/../lib/gcc/arm-none-eabi/5.4.1/armv7-m\libgcc.a(_arm_cmpsf2.o)
 .data          0x00000000        0x0 c:/program files (x86)/gnu tools arm embedded/5.4 2016q3/bin/../lib/gcc/arm-none-eabi/5.4.1/armv7-m\libgcc.a(_arm_cmpsf2.o)
 .bss           0x00000000        0x0 c:/program files (x86)/gnu tools arm embedded/5.4 2016q3/bin/../lib/gcc/arm-none-eabi/5.4.1/armv7-m\libgcc.a(_arm_cmpsf2.o)
 .ARM.attributes
                0x00000000       0x1d c:/program files (x86)/gnu tools arm embedded/5.4 2016q3/bin/../lib/gcc/arm-none-eabi/5.4.1/armv7-m\libgcc.a(_arm_cmpsf2.o)
 .text          0x00000000        0x0 c:/program files (x86)/gnu tools arm embedded/5.4 2016q3/bin/../lib/gcc/arm-none-eabi/5.4.1/../../../../arm-none-eabi/lib/armv7-m\libg.a(lib_a-errno.o)
 .data          0x00000000        0x0 c:/program files (x86)/gnu tools arm embedded/5.4 2016q3/bin/../lib/gcc/arm-none-eabi/5.4.1/../../../../arm-none-eabi/lib/armv7-m\libg.a(lib_a-errno.o)
 .bss           0x00000000        0x0 c:/program files (x86)/gnu tools arm embedded/5.4 2016q3/bin/../lib/gcc/arm-none-eabi/5.4.1/../../../../arm-none-eabi/lib/armv7-m\libg.a(lib_a-errno.o)
 .text.__errno  0x00000000        0xc c:/program files (x86)/gnu tools arm embedded/5.4 2016q3/bin/../lib/gcc/arm-none-eabi/5.4.1/../../../../arm-none-eabi/lib/armv7-m\libg.a(lib_a-errno.o)
 .debug_frame   0x00000000       0x20 c:/program files (x86)/gnu tools arm embedded/5.4 2016q3/bin/../lib/gcc/arm-none-eabi/5.4.1/../../../../arm-none-eabi/lib/armv7-m\libg.a(lib_a-errno.o)
 .ARM.attributes
                0x00000000       0x2d c:/program files (x86)/gnu tools arm embedded/5.4 2016q3/bin/../lib/gcc/arm-none-eabi/5.4.1/../../../../arm-none-eabi/lib/armv7-m\libg.a(lib_a-errno.o)
 .text          0x00000000        0x0 c:/program files (x86)/gnu tools arm embedded/5.4 2016q3/bin/../lib/gcc/arm-none-eabi/5.4.1/../../../../arm-none-eabi/lib/armv7-m\libg.a(lib_a-impure.o)
 .data          0x00000000        0x0 c:/program files (x86)/gnu tools arm embedded/5.4 2016q3/bin/../lib/gcc/arm-none-eabi/5.4.1/../../../../arm-none-eabi/lib/armv7-m\libg.a(lib_a-impure.o)
 .bss           0x00000000        0x0 c:/program files (x86)/gnu tools arm embedded/5.4 2016q3/bin/../lib/gcc/arm-none-eabi/5.4.1/../../../../arm-none-eabi/lib/armv7-m\libg.a(lib_a-impure.o)
 .data.impure_data
                0x00000000      0x428 c:/program files (x86)/gnu tools arm embedded/5.4 2016q3/bin/../lib/gcc/arm-none-eabi/5.4.1/../../../../arm-none-eabi/lib/armv7-m\libg.a(lib_a-impure.o)
 .data._impure_ptr
                0x00000000        0x4 c:/program files (x86)/gnu tools arm embedded/5.4 2016q3/bin/../lib/gcc/arm-none-eabi/5.4.1/../../../../arm-none-eabi/lib/armv7-m\libg.a(lib_a-impure.o)
 .rodata._global_impure_ptr
                0x00000000        0x4 c:/program files (x86)/gnu tools arm embedded/5.4 2016q3/bin/../lib/gcc/arm-none-eabi/5.4.1/../../../../arm-none-eabi/lib/armv7-m\libg.a(lib_a-impure.o)
 .ARM.attributes
                0x00000000       0x2d c:/program files (x86)/gnu tools arm embedded/5.4 2016q3/bin/../lib/gcc/arm-none-eabi/5.4.1/../../../../arm-none-eabi/lib/armv7-m\libg.a(lib_a-impure.o)
 .data          0x00000000        0x0 c:/program files (x86)/gnu tools arm embedded/5.4 2016q3/bin/../lib/gcc/arm-none-eabi/5.4.1/../../../../arm-none-eabi/lib/armv7-m\libg.a(lib_a-memcpy.o)
 .bss           0x00000000        0x0 c:/program files (x86)/gnu tools arm embedded/5.4 2016q3/bin/../lib/gcc/arm-none-eabi/5.4.1/../../../../arm-none-eabi/lib/armv7-m\libg.a(lib_a-memcpy.o)
 .text          0x00000000        0x0 c:/program files (x86)/gnu tools arm embedded/5.4 2016q3/bin/../lib/gcc/arm-none-eabi/5.4.1/../../../../arm-none-eabi/lib/armv7-m\libg.a(lib_a-memset.o)
 .data          0x00000000        0x0 c:/program files (x86)/gnu tools arm embedded/5.4 2016q3/bin/../lib/gcc/arm-none-eabi/5.4.1/../../../../arm-none-eabi/lib/armv7-m\libg.a(lib_a-memset.o)
 .bss           0x00000000        0x0 c:/program files (x86)/gnu tools arm embedded/5.4 2016q3/bin/../lib/gcc/arm-none-eabi/5.4.1/../../../../arm-none-eabi/lib/armv7-m\libg.a(lib_a-memset.o)
 .text.memset   0x00000000       0x9c c:/program files (x86)/gnu tools arm embedded/5.4 2016q3/bin/../lib/gcc/arm-none-eabi/5.4.1/../../../../arm-none-eabi/lib/armv7-m\libg.a(lib_a-memset.o)
 .debug_frame   0x00000000       0x34 c:/program files (x86)/gnu tools arm embedded/5.4 2016q3/bin/../lib/gcc/arm-none-eabi/5.4.1/../../../../arm-none-eabi/lib/armv7-m\libg.a(lib_a-memset.o)
 .ARM.attributes
                0x00000000       0x2d c:/program files (x86)/gnu tools arm embedded/5.4 2016q3/bin/../lib/gcc/arm-none-eabi/5.4.1/../../../../arm-none-eabi/lib/armv7-m\libg.a(lib_a-memset.o)
 .text          0x00000000        0x0 c:/program files (x86)/gnu tools arm embedded/5.4 2016q3/bin/../lib/gcc/arm-none-eabi/5.4.1/../../../../arm-none-eabi/lib/armv7-m\libg.a(lib_a-strlen-stub.o)
 .data          0x00000000        0x0 c:/program files (x86)/gnu tools arm embedded/5.4 2016q3/bin/../lib/gcc/arm-none-eabi/5.4.1/../../../../arm-none-eabi/lib/armv7-m\libg.a(lib_a-strlen-stub.o)
 .bss           0x00000000        0x0 c:/program files (x86)/gnu tools arm embedded/5.4 2016q3/bin/../lib/gcc/arm-none-eabi/5.4.1/../../../../arm-none-eabi/lib/armv7-m\libg.a(lib_a-strlen-stub.o)
 .text.strlen   0x00000000       0x5c c:/program files (x86)/gnu tools arm embedded/5.4 2016q3/bin/../lib/gcc/arm-none-eabi/5.4.1/../../../../arm-none-eabi/lib/armv7-m\libg.a(lib_a-strlen-stub.o)
 .debug_frame   0x00000000       0x20 c:/program files (x86)/gnu tools arm embedded/5.4 2016q3/bin/../lib/gcc/arm-none-eabi/5.4.1/../../../../arm-none-eabi/lib/armv7-m\libg.a(lib_a-strlen-stub.o)
 .ARM.attributes
                0x00000000       0x2d c:/program files (x86)/gnu tools arm embedded/5.4 2016q3/bin/../lib/gcc/arm-none-eabi/5.4.1/../../../../arm-none-eabi/lib/armv7-m\libg.a(lib_a-strlen-stub.o)

Memory Configuration

Name             Origin             Length             Attributes
rom              0x08000000         0x00040000         xr
ram              0x20000000         0x0000c000         xrw
*default*        0x00000000         0xffffffff

Linker script and memory map

                0x2000c000                _eram = 0x2000c000

.text           0x08000000     0x19f1
 *(.isr_vector)
 .isr_vector    0x08000000      0x134 ..\obj\startup_stm32f10x_hd.o
                0x08000000                g_pfnVectors
 *(.text*)
 .text.SystemInit
                0x08000134      0x104 ..\obj\system_stm32f10x.o
                0x08000134                SystemInit
 .text.initialise_led_gpio
                0x08000238       0x60 ..\obj\led.o
                0x08000238                initialise_led_gpio
 .text.set_led  0x08000298       0xec ..\obj\led.o
                0x08000298                set_led
 .text.set_led_win1
                0x08000384        0xc ..\obj\led.o
                0x08000384                set_led_win1
 .text.set_led_win2
                0x08000390        0xc ..\obj\led.o
                0x08000390                set_led_win2
 .text.reset_led_win1
                0x0800039c        0xc ..\obj\led.o
                0x0800039c                reset_led_win1
 .text.reset_led_win2
                0x080003a8        0xc ..\obj\led.o
                0x080003a8                reset_led_win2
 .text.Default_Handler
                0x080003b4        0x4 ..\obj\startup_stm32f10x_hd.o
                0x080003b4                EXTI2_IRQHandler
                0x080003b4                TIM8_TRG_COM_IRQHandler
                0x080003b4                TIM8_CC_IRQHandler
                0x080003b4                DebugMon_Handler
                0x080003b4                TIM1_CC_IRQHandler
                0x080003b4                HardFault_Handler
                0x080003b4                TIM6_IRQHandler
                0x080003b4                PVD_IRQHandler
                0x080003b4                SDIO_IRQHandler
                0x080003b4                PendSV_Handler
                0x080003b4                NMI_Handler
                0x080003b4                EXTI3_IRQHandler
                0x080003b4                EXTI0_IRQHandler
                0x080003b4                I2C2_EV_IRQHandler
                0x080003b4                UsageFault_Handler
                0x080003b4                ADC1_2_IRQHandler
                0x080003b4                SPI1_IRQHandler
                0x080003b4                TAMPER_IRQHandler
                0x080003b4                TIM8_UP_IRQHandler
                0x080003b4                DMA2_Channel2_IRQHandler
                0x080003b4                DMA1_Channel4_IRQHandler
                0x080003b4                RTC_IRQHandler
                0x080003b4                DMA1_Channel7_IRQHandler
                0x080003b4                CAN1_RX1_IRQHandler
                0x080003b4                UART5_IRQHandler
                0x080003b4                ADC3_IRQHandler
                0x080003b4                TIM4_IRQHandler
                0x080003b4                DMA2_Channel1_IRQHandler
                0x080003b4                I2C1_EV_IRQHandler
                0x080003b4                DMA1_Channel6_IRQHandler
                0x080003b4                TIM3_IRQHandler
                0x080003b4                RCC_IRQHandler
                0x080003b4                TIM1_TRG_COM_IRQHandler
                0x080003b4                DMA1_Channel1_IRQHandler
                0x080003b4                EXTI15_10_IRQHandler
                0x080003b4                TIM7_IRQHandler
                0x080003b4                TIM5_IRQHandler
                0x080003b4                EXTI9_5_IRQHandler
                0x080003b4                SPI2_IRQHandler
                0x080003b4                MemManage_Handler
                0x080003b4                SVC_Handler
                0x080003b4                DMA1_Channel5_IRQHandler
                0x080003b4                EXTI4_IRQHandler
                0x080003b4                USB_LP_CAN1_RX0_IRQHandler
                0x080003b4                USB_HP_CAN1_TX_IRQHandler
                0x080003b4                DMA1_Channel3_IRQHandler
                0x080003b4                FSMC_IRQHandler
                0x080003b4                TIM1_UP_IRQHandler
                0x080003b4                WWDG_IRQHandler
                0x080003b4                TIM2_IRQHandler
                0x080003b4                TIM1_BRK_IRQHandler
                0x080003b4                EXTI1_IRQHandler
                0x080003b4                RTCAlarm_IRQHandler
                0x080003b4                DMA2_Channel4_5_IRQHandler
                0x080003b4                I2C2_ER_IRQHandler
                0x080003b4                DMA1_Channel2_IRQHandler
                0x080003b4                TIM8_BRK_IRQHandler
                0x080003b4                CAN1_SCE_IRQHandler
                0x080003b4                FLASH_IRQHandler
                0x080003b4                BusFault_Handler
                0x080003b4                USART1_IRQHandler
                0x080003b4                SPI3_IRQHandler
                0x080003b4                I2C1_ER_IRQHandler
                0x080003b4                USBWakeUp_IRQHandler
                0x080003b4                DMA2_Channel3_IRQHandler
 .text.Default_Reset_Handler
                0x080003b8       0x4c ..\obj\startup_stm32f10x_hd.o
                0x080003b8                Default_Reset_Handler
                0x080003b8                Reset_Handler
 .text.GPIO_Init
                0x08000404      0x3cc ..\obj\stm32f10x_gpio.o
                0x08000404                GPIO_Init
 .text.GPIO_ReadInputDataBit
                0x080007d0        0xc ..\obj\stm32f10x_gpio.o
                0x080007d0                GPIO_ReadInputDataBit
 .text.GPIO_SetBits
                0x080007dc        0x4 ..\obj\stm32f10x_gpio.o
                0x080007dc                GPIO_SetBits
 .text.GPIO_ResetBits
                0x080007e0        0x4 ..\obj\stm32f10x_gpio.o
                0x080007e0                GPIO_ResetBits
 .text.startup.main
                0x080007e4      0x184 ..\obj\main.o
                0x080007e4                main
 .text.initialise_board
                0x08000968       0x50 ..\obj\init.o
                0x08000968                initialise_board
 .text.play_voice
                0x080009b8       0x38 ..\obj\playvoice.o
                0x080009b8                play_voice
 .text.stop_playing
                0x080009f0       0x24 ..\obj\playvoice.o
                0x080009f0                stop_playing
 .text.RCC_ADCCLKConfig
                0x08000a14       0x14 ..\obj\stm32f10x_rcc.o
                0x08000a14                RCC_ADCCLKConfig
 .text.RCC_GetClocksFreq
                0x08000a28       0x98 ..\obj\stm32f10x_rcc.o
                0x08000a28                RCC_GetClocksFreq
 .text.RCC_AHBPeriphClockCmd
                0x08000ac0       0x1c ..\obj\stm32f10x_rcc.o
                0x08000ac0                RCC_AHBPeriphClockCmd
 .text.RCC_APB2PeriphClockCmd
                0x08000adc       0x1c ..\obj\stm32f10x_rcc.o
                0x08000adc                RCC_APB2PeriphClockCmd
 .text.RCC_APB1PeriphClockCmd
                0x08000af8       0x1c ..\obj\stm32f10x_rcc.o
                0x08000af8                RCC_APB1PeriphClockCmd
 .text.THINKGEAR_initParser
                0x08000b14       0x20 ..\obj\StreamParser.o
                0x08000b14                THINKGEAR_initParser
 .text.THINKGEAR_parseByte
                0x08000b34      0x144 ..\obj\StreamParser.o
                0x08000b34                THINKGEAR_parseByte
 .text.ADC_Init
                0x08000c78       0x48 ..\obj\stm32f10x_adc.o
                0x08000c78                ADC_Init
 .text.ADC_Cmd  0x08000cc0       0x14 ..\obj\stm32f10x_adc.o
                0x08000cc0                ADC_Cmd
 .text.ADC_DMACmd
                0x08000cd4       0x14 ..\obj\stm32f10x_adc.o
                0x08000cd4                ADC_DMACmd
 .text.ADC_ResetCalibration
                0x08000ce8        0xc ..\obj\stm32f10x_adc.o
                0x08000ce8                ADC_ResetCalibration
 .text.ADC_GetResetCalibrationStatus
                0x08000cf4        0x8 ..\obj\stm32f10x_adc.o
                0x08000cf4                ADC_GetResetCalibrationStatus
 .text.ADC_StartCalibration
                0x08000cfc        0xc ..\obj\stm32f10x_adc.o
                0x08000cfc                ADC_StartCalibration
 .text.ADC_GetCalibrationStatus
                0x08000d08        0x8 ..\obj\stm32f10x_adc.o
                0x08000d08                ADC_GetCalibrationStatus
 .text.ADC_SoftwareStartConvCmd
                0x08000d10       0x14 ..\obj\stm32f10x_adc.o
                0x08000d10                ADC_SoftwareStartConvCmd
 .text.ADC_RegularChannelConfig
                0x08000d24       0x94 ..\obj\stm32f10x_adc.o
                0x08000d24                ADC_RegularChannelConfig
 .text.Key_GPIO_Config
                0x08000db8       0x30 ..\obj\key.o
                0x08000db8                Key_GPIO_Config
 .text.is_ready_pressed
                0x08000de8       0x10 ..\obj\key.o
                0x08000de8                is_ready_pressed
 .text.is_reset1_pressed
                0x08000df8       0x10 ..\obj\key.o
                0x08000df8                is_reset1_pressed
 .text.is_reset2_pressed
                0x08000e08       0x10 ..\obj\key.o
                0x08000e08                is_reset2_pressed
 .text.USART_Init
                0x08000e18       0xbc ..\obj\stm32f10x_usart.o
                0x08000e18                USART_Init
 .text.USART_Cmd
                0x08000ed4       0x1c ..\obj\stm32f10x_usart.o
                0x08000ed4                USART_Cmd
 .text.USART_ITConfig
                0x08000ef0       0x38 ..\obj\stm32f10x_usart.o
                0x08000ef0                USART_ITConfig
 .text.USART_SendData
                0x08000f28        0x8 ..\obj\stm32f10x_usart.o
                0x08000f28                USART_SendData
 .text.USART_ReceiveData
                0x08000f30        0x8 ..\obj\stm32f10x_usart.o
                0x08000f30                USART_ReceiveData
 .text.USART_GetFlagStatus
                0x08000f38        0xc ..\obj\stm32f10x_usart.o
                0x08000f38                USART_GetFlagStatus
 .text.USART_ClearFlag
                0x08000f44        0x8 ..\obj\stm32f10x_usart.o
                0x08000f44                USART_ClearFlag
 .text.USART_GetITStatus
                0x08000f4c       0x48 ..\obj\stm32f10x_usart.o
                0x08000f4c                USART_GetITStatus
 .text.systime_updata
                0x08000f94       0x70 ..\obj\schedule.o
                0x08000f94                systime_updata
 .text.should_task_run
                0x08001004       0x64 ..\obj\schedule.o
                0x08001004                should_task_run
 .text.initialise_think_data
                0x08001068       0x20 ..\obj\datalink.o
                0x08001068                initialise_think_data
 .text.get_data
                0x08001088       0x6c ..\obj\datalink.o
                0x08001088                get_data
 .text.send_value
                0x080010f4       0x30 ..\obj\datalink.o
                0x080010f4                send_value
 .text.USART2_IRQHandler
                0x08001124       0x2c ..\obj\datalink.o
                0x08001124                USART2_IRQHandler
 .text.USART3_IRQHandler
                0x08001150       0x2c ..\obj\datalink.o
                0x08001150                USART3_IRQHandler
 .text.UART4_IRQHandler
                0x0800117c       0x20 ..\obj\datalink.o
                0x0800117c                UART4_IRQHandler
 .text.initialise_adc
                0x0800119c       0xf4 ..\obj\adc.o
                0x0800119c                initialise_adc
 .text.DMA_DeInit
                0x08001290      0x128 ..\obj\stm32f10x_dma.o
                0x08001290                DMA_DeInit
 .text.DMA_Init
                0x080013b8       0x40 ..\obj\stm32f10x_dma.o
                0x080013b8                DMA_Init
 .text.DMA_Cmd  0x080013f8       0x18 ..\obj\stm32f10x_dma.o
                0x080013f8                DMA_Cmd
 .text.NVIC_PriorityGroupConfig
                0x08001410       0x14 ..\obj\misc.o
                0x08001410                NVIC_PriorityGroupConfig
 .text.NVIC_Init
                0x08001424       0x6c ..\obj\misc.o
                0x08001424                NVIC_Init
 .text.SysTick_CLKSourceConfig
                0x08001490       0x18 ..\obj\misc.o
                0x08001490                SysTick_CLKSourceConfig
 .text.ir_initialise
                0x080014a8       0x30 ..\obj\ir.o
                0x080014a8                ir_initialise
 .text.who_win  0x080014d8       0x5c ..\obj\ir.o
                0x080014d8                who_win
 .text.initialise_systick
                0x08001534       0x44 ..\obj\systick.o
                0x08001534                initialise_systick
 .text.SysTick_Handler
                0x08001578       0x10 ..\obj\systick.o
                0x08001578                SysTick_Handler
 .text.initialise_usart1
                0x08001588       0x84 ..\obj\usart.o
                0x08001588                initialise_usart1
 .text.initialise_usart2
                0x0800160c       0xb4 ..\obj\usart.o
                0x0800160c                initialise_usart2
 .text.initialise_usart3
                0x080016c0       0xbc ..\obj\usart.o
                0x080016c0                initialise_usart3
 .text.initialise_uart4
                0x0800177c       0xbc ..\obj\usart.o
                0x0800177c                initialise_uart4
 .text.initialise_uart5
                0x08001838       0x8c ..\obj\usart.o
                0x08001838                initialise_uart5
 .text.usart_send_array
                0x080018c4       0x2c ..\obj\usart.o
                0x080018c4                usart_send_array
 .text          0x080018f0       0xec c:/program files (x86)/gnu tools arm embedded/5.4 2016q3/bin/../lib/gcc/arm-none-eabi/5.4.1/../../../../arm-none-eabi/lib/armv7-m\libg.a(lib_a-memcpy.o)
                0x080018f0                memcpy
 *(.init)
 *(.fini)
 *crtbegin.o(.ctors)
 *crtbegin?.o(.ctors)
 *(EXCLUDE_FILE(*crtend.o *crtend?.o) .ctors)
 *(SORT(.ctors.*))
 *(.ctors)
 *crtbegin.o(.dtors)
 *crtbegin?.o(.dtors)
 *(EXCLUDE_FILE(*crtend.o *crtend?.o) .dtors)
 *(SORT(.dtors.*))
 *(.dtors)
 *(.rodata*)
 .rodata        0x080019dc       0x10 ..\obj\playvoice.o
 .rodata        0x080019ec        0x5 ..\obj\datalink.o
 *(.eh_fram e*)

.glue_7         0x080019f4        0x0
 .glue_7        0x080019f4        0x0 linker stubs

.glue_7t        0x080019f4        0x0
 .glue_7t       0x080019f4        0x0 linker stubs

.vfp11_veneer   0x080019f4        0x0
 .vfp11_veneer  0x080019f4        0x0 linker stubs

.v4_bx          0x080019f4        0x0
 .v4_bx         0x080019f4        0x0 linker stubs

.iplt           0x080019f4        0x0
 .iplt          0x080019f4        0x0 ..\obj\system_stm32f10x.o

.rel.dyn        0x080019f4        0x0
 .rel.iplt      0x080019f4        0x0 ..\obj\system_stm32f10x.o

.ARM.extab
 *(.ARM.extab* .gnu.linkonce.armextab.*)
                0x080019f4                __exidx_start = .

.ARM.exidx
 *(.ARM.exidx* .gnu.linkonce.armexidx.*)
                0x080019f4                __exidx_end = .
                0x080019f4                __etext = .
                0x080019f1                _sidata = __etext

.data           0x20000000       0x14 load address 0x080019f1
                0x20000000                __data_start__ = .
                0x20000000                _sdata = __data_start__
 *(vtable)
 *(.data*)
 .data          0x20000000       0x14 ..\obj\stm32f10x_rcc.o
                0x20000014                . = ALIGN (0x4)
                [!provide]                PROVIDE (__preinit_array_start, .)
 *(.preinit_array)
                [!provide]                PROVIDE (__preinit_array_end, .)
                0x20000014                . = ALIGN (0x4)
                [!provide]                PROVIDE (__init_array_start, .)
 *(SORT(.init_array.*))
 *(.init_array)
                [!provide]                PROVIDE (__init_array_end, .)
                0x20000014                . = ALIGN (0x4)
                [!provide]                PROVIDE (__fini_array_start, .)
 *(SORT(.fini_array.*))
 *(.fini_array)
                [!provide]                PROVIDE (__fini_array_end, .)
 *(.jcr*)
                0x20000014                . = ALIGN (0x4)
                0x20000014                __data_end__ = .
                0x20000014                _edata = __data_end__

.igot.plt       0x20000014        0x0 load address 0x08001a08
 .igot.plt      0x20000014        0x0 ..\obj\system_stm32f10x.o

.bss            0x20000014       0xf8 load address 0x08001a08
                0x20000014                . = ALIGN (0x4)
                0x20000014                __bss_start__ = .
                0x20000014                _sbss = __bss_start__
 *(.bss*)
 .bss           0x20000014        0x4 ..\obj\schedule.o
                0x20000014                cnt_1ms
                0x20000016                cnt_1s
 .bss           0x20000018        0x1 ..\obj\systick.o
                0x20000018                systime_cnt
 *(COMMON)
 *fill*         0x20000019        0x1 
 COMMON         0x2000001a        0xa ..\obj\schedule.o
                0x2000001a                task_100ms
                0x2000001c                task_30s
                0x2000001e                task_1s
                0x20000020                task_10ms
                0x20000022                task_1ms
 COMMON         0x20000024       0xe5 ..\obj\datalink.o
                0x20000024                parser2
                0x20000098                parser1
 *fill*         0x20000109        0x1 
 COMMON         0x2000010a        0x2 ..\obj\adc.o
                0x2000010a                adc_converted_value
                0x2000010c                . = ALIGN (0x4)
                0x2000010c                __bss_end__ = .
                0x2000010c                _ebss = __bss_end__

.heap           0x2000010c        0x0
                0x2000010c                __end__ = .
                0x2000010c                _end = __end__
                0x2000010c                end = __end__
 *(.heap*)
                0x2000010c                __HeapLimit = .

.co_stack       0x2000010c      0x404 load address 0x08001b00
                0x20000110                . = ALIGN (0x8)
 *fill*         0x2000010c        0x4 
 *(.co_stack .co_stack.*)
 .co_stack      0x20000110      0x400 ..\obj\startup_stm32f10x_hd.o
                0x20000110                pulStack
                0x2000c000                __StackTop = (ORIGIN (ram) + LENGTH (ram))
                0x2000bbfc                __StackLimit = (__StackTop - SIZEOF (.co_stack))
                [!provide]                PROVIDE (__stack, __StackTop)
                0x00000001                ASSERT ((__StackLimit >= __HeapLimit), region ram  overflowed with stack)
LOAD ..\obj\system_stm32f10x.o
LOAD ..\obj\led.o
LOAD ..\obj\startup_stm32f10x_hd.o
LOAD ..\obj\stm32f10x_gpio.o
LOAD ..\obj\main.o
LOAD ..\obj\init.o
LOAD ..\obj\playvoice.o
LOAD ..\obj\printf.o
LOAD ..\obj\stm32f10x_rcc.o
LOAD ..\obj\StreamParser.o
LOAD ..\obj\stm32f10x_adc.o
LOAD ..\obj\key.o
LOAD ..\obj\stm32f10x_usart.o
LOAD ..\obj\schedule.o
LOAD ..\obj\datalink.o
LOAD ..\obj\syscalls.o
LOAD ..\obj\adc.o
LOAD ..\obj\stm32f10x_dma.o
LOAD ..\obj\nvic.o
LOAD ..\obj\ano_protocol.o
LOAD ..\obj\misc.o
LOAD ..\obj\ir.o
LOAD ..\obj\filter.o
LOAD ..\obj\systick.o
LOAD ..\obj\pid.o
LOAD ..\obj\usart.o
LOAD c:/program files (x86)/gnu tools arm embedded/5.4 2016q3/bin/../lib/gcc/arm-none-eabi/5.4.1/../../../../arm-none-eabi/lib/armv7-m\libm.a
START GROUP
LOAD c:/program files (x86)/gnu tools arm embedded/5.4 2016q3/bin/../lib/gcc/arm-none-eabi/5.4.1/armv7-m\libgcc.a
LOAD c:/program files (x86)/gnu tools arm embedded/5.4 2016q3/bin/../lib/gcc/arm-none-eabi/5.4.1/../../../../arm-none-eabi/lib/armv7-m\libg.a
LOAD c:/program files (x86)/gnu tools arm embedded/5.4 2016q3/bin/../lib/gcc/arm-none-eabi/5.4.1/../../../../arm-none-eabi/lib/armv7-m\libc.a
END GROUP
OUTPUT(ht.elf elf32-littlearm)

.debug_info     0x00000000     0x7712
 .debug_info    0x00000000      0x4c4 ..\obj\system_stm32f10x.o
 .debug_info    0x000004c4      0x5fd ..\obj\led.o
 .debug_info    0x00000ac1      0x122 ..\obj\startup_stm32f10x_hd.o
 .debug_info    0x00000be3      0x88f ..\obj\stm32f10x_gpio.o
 .debug_info    0x00001472      0x54c ..\obj\main.o
 .debug_info    0x000019be      0x1fc ..\obj\init.o
 .debug_info    0x00001bba      0x2b9 ..\obj\playvoice.o
 .debug_info    0x00001e73      0x942 ..\obj\stm32f10x_rcc.o
 .debug_info    0x000027b5      0x312 ..\obj\StreamParser.o
 .debug_info    0x00002ac7      0xc27 ..\obj\stm32f10x_adc.o
 .debug_info    0x000036ee      0x332 ..\obj\key.o
 .debug_info    0x00003a20      0xb26 ..\obj\stm32f10x_usart.o
 .debug_info    0x00004546      0x1c6 ..\obj\schedule.o
 .debug_info    0x0000470c      0x58f ..\obj\datalink.o
 .debug_info    0x00004c9b      0x81a ..\obj\adc.o
 .debug_info    0x000054b5      0x426 ..\obj\stm32f10x_dma.o
 .debug_info    0x000058db      0x55c ..\obj\misc.o
 .debug_info    0x00005e37      0x35a ..\obj\ir.o
 .debug_info    0x00006191      0x768 ..\obj\systick.o
 .debug_info    0x000068f9      0xe19 ..\obj\usart.o

.debug_abbrev   0x00000000     0x1f19
 .debug_abbrev  0x00000000      0x16e ..\obj\system_stm32f10x.o
 .debug_abbrev  0x0000016e      0x19f ..\obj\led.o
 .debug_abbrev  0x0000030d       0xdf ..\obj\startup_stm32f10x_hd.o
 .debug_abbrev  0x000003ec      0x200 ..\obj\stm32f10x_gpio.o
 .debug_abbrev  0x000005ec       0xfa ..\obj\main.o
 .debug_abbrev  0x000006e6       0xa8 ..\obj\init.o
 .debug_abbrev  0x0000078e      0x11c ..\obj\playvoice.o
 .debug_abbrev  0x000008aa      0x26e ..\obj\stm32f10x_rcc.o
 .debug_abbrev  0x00000b18      0x162 ..\obj\StreamParser.o
 .debug_abbrev  0x00000c7a      0x1e6 ..\obj\stm32f10x_adc.o
 .debug_abbrev  0x00000e60      0x15d ..\obj\key.o
 .debug_abbrev  0x00000fbd      0x1e4 ..\obj\stm32f10x_usart.o
 .debug_abbrev  0x000011a1       0xc6 ..\obj\schedule.o
 .debug_abbrev  0x00001267      0x1c7 ..\obj\datalink.o
 .debug_abbrev  0x0000142e      0x1de ..\obj\adc.o
 .debug_abbrev  0x0000160c      0x1c6 ..\obj\stm32f10x_dma.o
 .debug_abbrev  0x000017d2      0x156 ..\obj\misc.o
 .debug_abbrev  0x00001928      0x14f ..\obj\ir.o
 .debug_abbrev  0x00001a77      0x24d ..\obj\systick.o
 .debug_abbrev  0x00001cc4      0x255 ..\obj\usart.o

.debug_loc      0x00000000     0x3da8
 .debug_loc     0x00000000       0xbc ..\obj\system_stm32f10x.o
 .debug_loc     0x000000bc      0x1ba ..\obj\led.o
 .debug_loc     0x00000276     0x1532 ..\obj\stm32f10x_gpio.o
 .debug_loc     0x000017a8      0x1c6 ..\obj\main.o
 .debug_loc     0x0000196e       0x21 ..\obj\playvoice.o
 .debug_loc     0x0000198f      0x739 ..\obj\stm32f10x_rcc.o
 .debug_loc     0x000020c8      0x351 ..\obj\StreamParser.o
 .debug_loc     0x00002419      0x9cd ..\obj\stm32f10x_adc.o
 .debug_loc     0x00002de6      0x84f ..\obj\stm32f10x_usart.o
 .debug_loc     0x00003635       0x85 ..\obj\schedule.o
 .debug_loc     0x000036ba      0x10f ..\obj\datalink.o
 .debug_loc     0x000037c9       0xfe ..\obj\stm32f10x_dma.o
 .debug_loc     0x000038c7      0x193 ..\obj\misc.o
 .debug_loc     0x00003a5a       0x86 ..\obj\systick.o
 .debug_loc     0x00003ae0      0x2c8 ..\obj\usart.o

.debug_aranges  0x00000000      0x750
 .debug_aranges
                0x00000000       0x28 ..\obj\system_stm32f10x.o
 .debug_aranges
                0x00000028       0x48 ..\obj\led.o
 .debug_aranges
                0x00000070       0x28 ..\obj\startup_stm32f10x_hd.o
 .debug_aranges
                0x00000098       0xa8 ..\obj\stm32f10x_gpio.o
 .debug_aranges
                0x00000140       0x20 ..\obj\main.o
 .debug_aranges
                0x00000160       0x20 ..\obj\init.o
 .debug_aranges
                0x00000180       0x28 ..\obj\playvoice.o
 .debug_aranges
                0x000001a8      0x118 ..\obj\stm32f10x_rcc.o
 .debug_aranges
                0x000002c0       0x30 ..\obj\StreamParser.o
 .debug_aranges
                0x000002f0      0x138 ..\obj\stm32f10x_adc.o
 .debug_aranges
                0x00000428       0x38 ..\obj\key.o
 .debug_aranges
                0x00000460      0x100 ..\obj\stm32f10x_usart.o
 .debug_aranges
                0x00000560       0x28 ..\obj\schedule.o
 .debug_aranges
                0x00000588       0x48 ..\obj\datalink.o
 .debug_aranges
                0x000005d0       0x30 ..\obj\adc.o
 .debug_aranges
                0x00000600       0x60 ..\obj\stm32f10x_dma.o
 .debug_aranges
                0x00000660       0x40 ..\obj\misc.o
 .debug_aranges
                0x000006a0       0x28 ..\obj\ir.o
 .debug_aranges
                0x000006c8       0x30 ..\obj\systick.o
 .debug_aranges
                0x000006f8       0x58 ..\obj\usart.o

.debug_ranges   0x00000000      0x6f8
 .debug_ranges  0x00000000       0x40 ..\obj\system_stm32f10x.o
 .debug_ranges  0x00000040       0x50 ..\obj\led.o
 .debug_ranges  0x00000090       0x18 ..\obj\startup_stm32f10x_hd.o
 .debug_ranges  0x000000a8       0x98 ..\obj\stm32f10x_gpio.o
 .debug_ranges  0x00000140       0x30 ..\obj\main.o
 .debug_ranges  0x00000170       0x10 ..\obj\init.o
 .debug_ranges  0x00000180       0x18 ..\obj\playvoice.o
 .debug_ranges  0x00000198      0x128 ..\obj\stm32f10x_rcc.o
 .debug_ranges  0x000002c0       0x38 ..\obj\StreamParser.o
 .debug_ranges  0x000002f8      0x128 ..\obj\stm32f10x_adc.o
 .debug_ranges  0x00000420       0x28 ..\obj\key.o
 .debug_ranges  0x00000448       0xf0 ..\obj\stm32f10x_usart.o
 .debug_ranges  0x00000538       0x18 ..\obj\schedule.o
 .debug_ranges  0x00000550       0x38 ..\obj\datalink.o
 .debug_ranges  0x00000588       0x38 ..\obj\adc.o
 .debug_ranges  0x000005c0       0x50 ..\obj\stm32f10x_dma.o
 .debug_ranges  0x00000610       0x30 ..\obj\misc.o
 .debug_ranges  0x00000640       0x18 ..\obj\ir.o
 .debug_ranges  0x00000658       0x58 ..\obj\systick.o
 .debug_ranges  0x000006b0       0x48 ..\obj\usart.o

.debug_line     0x00000000     0x3a28
 .debug_line    0x00000000      0x1fc ..\obj\system_stm32f10x.o
 .debug_line    0x000001fc      0x292 ..\obj\led.o
 .debug_line    0x0000048e       0x91 ..\obj\startup_stm32f10x_hd.o
 .debug_line    0x0000051f      0x4b6 ..\obj\stm32f10x_gpio.o
 .debug_line    0x000009d5      0x30e ..\obj\main.o
 .debug_line    0x00000ce3      0x299 ..\obj\init.o
 .debug_line    0x00000f7c      0x1fa ..\obj\playvoice.o
 .debug_line    0x00001176      0x4c1 ..\obj\stm32f10x_rcc.o
 .debug_line    0x00001637      0x2b0 ..\obj\StreamParser.o
 .debug_line    0x000018e7      0x53d ..\obj\stm32f10x_adc.o
 .debug_line    0x00001e24      0x219 ..\obj\key.o
 .debug_line    0x0000203d      0x4b2 ..\obj\stm32f10x_usart.o
 .debug_line    0x000024ef      0x203 ..\obj\schedule.o
 .debug_line    0x000026f2      0x2da ..\obj\datalink.o
 .debug_line    0x000029cc      0x2de ..\obj\adc.o
 .debug_line    0x00002caa      0x2db ..\obj\stm32f10x_dma.o
 .debug_line    0x00002f85      0x241 ..\obj\misc.o
 .debug_line    0x000031c6      0x201 ..\obj\ir.o
 .debug_line    0x000033c7      0x26c ..\obj\systick.o
 .debug_line    0x00003633      0x3f5 ..\obj\usart.o

.debug_str      0x00000000     0x2427
 .debug_str     0x00000000      0x282 ..\obj\system_stm32f10x.o
                                0x2f1 (size before relaxing)
 .debug_str     0x00000282      0x20a ..\obj\led.o
                                0x37c (size before relaxing)
 .debug_str     0x0000048c       0xb6 ..\obj\startup_stm32f10x_hd.o
                                0x158 (size before relaxing)
 .debug_str     0x00000542      0x274 ..\obj\stm32f10x_gpio.o
                                0x532 (size before relaxing)
 .debug_str     0x000007b6      0x1a5 ..\obj\main.o
                                0x351 (size before relaxing)
 .debug_str     0x0000095b       0xf2 ..\obj\init.o
                                0x253 (size before relaxing)
 .debug_str     0x00000a4d       0xc3 ..\obj\playvoice.o
                                0x270 (size before relaxing)
 .debug_str     0x00000b10      0x3b4 ..\obj\stm32f10x_rcc.o
                                0x61c (size before relaxing)
 .debug_str     0x00000ec4      0x15f ..\obj\StreamParser.o
                                0x2fc (size before relaxing)
 .debug_str     0x00001023      0x533 ..\obj\stm32f10x_adc.o
                                0x714 (size before relaxing)
 .debug_str     0x00001556       0x25 ..\obj\key.o
                                0x342 (size before relaxing)
 .debug_str     0x0000157b      0x408 ..\obj\stm32f10x_usart.o
                                0x6d2 (size before relaxing)
 .debug_str     0x00001983       0x95 ..\obj\schedule.o
                                0x222 (size before relaxing)
 .debug_str     0x00001a18       0x9d ..\obj\datalink.o
                                0x3ed (size before relaxing)
 .debug_str     0x00001ab5      0x198 ..\obj\adc.o
                                0x63a (size before relaxing)
 .debug_str     0x00001c4d       0xf3 ..\obj\stm32f10x_dma.o
                                0x384 (size before relaxing)
 .debug_str     0x00001d40      0x1a4 ..\obj\misc.o
                                0x3c0 (size before relaxing)
 .debug_str     0x00001ee4       0x24 ..\obj\ir.o
                                0x312 (size before relaxing)
 .debug_str     0x00001f08      0x445 ..\obj\systick.o
                                0x72a (size before relaxing)
 .debug_str     0x0000234d       0xda ..\obj\usart.o
                                0x9e6 (size before relaxing)

.comment        0x00000000       0x6e
 .comment       0x00000000       0x6e ..\obj\system_stm32f10x.o
                                 0x6f (size before relaxing)
 .comment       0x0000006e       0x6f ..\obj\led.o
 .comment       0x0000006e       0x6f ..\obj\startup_stm32f10x_hd.o
 .comment       0x0000006e       0x6f ..\obj\stm32f10x_gpio.o
 .comment       0x0000006e       0x6f ..\obj\main.o
 .comment       0x0000006e       0x6f ..\obj\init.o
 .comment       0x0000006e       0x6f ..\obj\playvoice.o
 .comment       0x0000006e       0x6f ..\obj\stm32f10x_rcc.o
 .comment       0x0000006e       0x6f ..\obj\StreamParser.o
 .comment       0x0000006e       0x6f ..\obj\stm32f10x_adc.o
 .comment       0x0000006e       0x6f ..\obj\key.o
 .comment       0x0000006e       0x6f ..\obj\stm32f10x_usart.o
 .comment       0x0000006e       0x6f ..\obj\schedule.o
 .comment       0x0000006e       0x6f ..\obj\datalink.o
 .comment       0x0000006e       0x6f ..\obj\adc.o
 .comment       0x0000006e       0x6f ..\obj\stm32f10x_dma.o
 .comment       0x0000006e       0x6f ..\obj\misc.o
 .comment       0x0000006e       0x6f ..\obj\ir.o
 .comment       0x0000006e       0x6f ..\obj\systick.o
 .comment       0x0000006e       0x6f ..\obj\usart.o

.ARM.attributes
                0x00000000       0x31
 .ARM.attributes
                0x00000000       0x33 ..\obj\system_stm32f10x.o
 .ARM.attributes
                0x00000033       0x33 ..\obj\led.o
 .ARM.attributes
                0x00000066       0x33 ..\obj\startup_stm32f10x_hd.o
 .ARM.attributes
                0x00000099       0x33 ..\obj\stm32f10x_gpio.o
 .ARM.attributes
                0x000000cc       0x33 ..\obj\main.o
 .ARM.attributes
                0x000000ff       0x33 ..\obj\init.o
 .ARM.attributes
                0x00000132       0x33 ..\obj\playvoice.o
 .ARM.attributes
                0x00000165       0x33 ..\obj\stm32f10x_rcc.o
 .ARM.attributes
                0x00000198       0x33 ..\obj\StreamParser.o
 .ARM.attributes
                0x000001cb       0x33 ..\obj\stm32f10x_adc.o
 .ARM.attributes
                0x000001fe       0x33 ..\obj\key.o
 .ARM.attributes
                0x00000231       0x33 ..\obj\stm32f10x_usart.o
 .ARM.attributes
                0x00000264       0x33 ..\obj\schedule.o
 .ARM.attributes
                0x00000297       0x33 ..\obj\datalink.o
 .ARM.attributes
                0x000002ca       0x33 ..\obj\adc.o
 .ARM.attributes
                0x000002fd       0x33 ..\obj\stm32f10x_dma.o
 .ARM.attributes
                0x00000330       0x33 ..\obj\misc.o
 .ARM.attributes
                0x00000363       0x33 ..\obj\ir.o
 .ARM.attributes
                0x00000396       0x33 ..\obj\systick.o
 .ARM.attributes
                0x000003c9       0x33 ..\obj\usart.o
 .ARM.attributes
                0x000003fc       0x1b c:/program files (x86)/gnu tools arm embedded/5.4 2016q3/bin/../lib/gcc/arm-none-eabi/5.4.1/../../../../arm-none-eabi/lib/armv7-m\libg.a(lib_a-memcpy.o)

.debug_frame    0x00000000      0xff4
 .debug_frame   0x00000000       0x48 ..\obj\system_stm32f10x.o
 .debug_frame   0x00000048       0xac ..\obj\led.o
 .debug_frame   0x000000f4       0x3c ..\obj\startup_stm32f10x_hd.o
 .debug_frame   0x00000130      0x1b0 ..\obj\stm32f10x_gpio.o
 .debug_frame   0x000002e0       0x30 ..\obj\main.o
 .debug_frame   0x00000310       0x2c ..\obj\init.o
 .debug_frame   0x0000033c       0x4c ..\obj\playvoice.o
 .debug_frame   0x00000388      0x224 ..\obj\stm32f10x_rcc.o
 .debug_frame   0x000005ac       0x60 ..\obj\StreamParser.o
 .debug_frame   0x0000060c      0x2c0 ..\obj\stm32f10x_adc.o
 .debug_frame   0x000008cc       0x60 ..\obj\key.o
 .debug_frame   0x0000092c      0x258 ..\obj\stm32f10x_usart.o
 .debug_frame   0x00000b84       0x58 ..\obj\schedule.o
 .debug_frame   0x00000bdc       0xb0 ..\obj\datalink.o
 .debug_frame   0x00000c8c       0x64 ..\obj\adc.o
 .debug_frame   0x00000cf0       0xd0 ..\obj\stm32f10x_dma.o
 .debug_frame   0x00000dc0       0x6c ..\obj\misc.o
 .debug_frame   0x00000e2c       0x48 ..\obj\ir.o
 .debug_frame   0x00000e74       0x60 ..\obj\systick.o
 .debug_frame   0x00000ed4      0x120 ..\obj\usart.o
