Archive member included to satisfy reference by file (symbol)

c:/program files (x86)/gnu tools arm embedded/5.4 2016q3/bin/../lib/gcc/arm-none-eabi/5.4.1/../../../../arm-none-eabi/lib/armv7-m\libg.a(lib_a-impure.o)
                              ..\obj\printf.o (_impure_ptr)
c:/program files (x86)/gnu tools arm embedded/5.4 2016q3/bin/../lib/gcc/arm-none-eabi/5.4.1/../../../../arm-none-eabi/lib/armv7-m\libg.a(lib_a-memcpy.o)
                              ..\obj\startup_stm32f10x_hd.o (memcpy)
c:/program files (x86)/gnu tools arm embedded/5.4 2016q3/bin/../lib/gcc/arm-none-eabi/5.4.1/../../../../arm-none-eabi/lib/armv7-m\libg.a(lib_a-memset.o)
                              ..\obj\printf.o (memset)
c:/program files (x86)/gnu tools arm embedded/5.4 2016q3/bin/../lib/gcc/arm-none-eabi/5.4.1/../../../../arm-none-eabi/lib/armv7-m\libg.a(lib_a-strlen-stub.o)
                              ..\obj\usart.o (strlen)

Discarded input sections

 .text          0x00000000        0x0 ..\obj\system_stm32f10x.o
 .data          0x00000000       0x14 ..\obj\system_stm32f10x.o
 .bss           0x00000000        0x0 ..\obj\system_stm32f10x.o
 .text.SystemCoreClockUpdate
                0x00000000       0x58 ..\obj\system_stm32f10x.o
 .text          0x00000000        0x0 ..\obj\startup_stm32f10x_hd.o
 .data          0x00000000        0x0 ..\obj\startup_stm32f10x_hd.o
 .bss           0x00000000        0x0 ..\obj\startup_stm32f10x_hd.o
 .text          0x00000000        0x0 ..\obj\stm32f10x_gpio.o
 .data          0x00000000        0x0 ..\obj\stm32f10x_gpio.o
 .bss           0x00000000        0x0 ..\obj\stm32f10x_gpio.o
 .text.GPIO_DeInit
                0x00000000       0xdc ..\obj\stm32f10x_gpio.o
 .text.GPIO_AFIODeInit
                0x00000000       0x18 ..\obj\stm32f10x_gpio.o
 .text.GPIO_StructInit
                0x00000000       0x10 ..\obj\stm32f10x_gpio.o
 .text.GPIO_ReadInputDataBit
                0x00000000        0xc ..\obj\stm32f10x_gpio.o
 .text.GPIO_ReadInputData
                0x00000000        0x8 ..\obj\stm32f10x_gpio.o
 .text.GPIO_ReadOutputDataBit
                0x00000000        0xc ..\obj\stm32f10x_gpio.o
 .text.GPIO_ReadOutputData
                0x00000000        0x8 ..\obj\stm32f10x_gpio.o
 .text.GPIO_SetBits
                0x00000000        0x4 ..\obj\stm32f10x_gpio.o
 .text.GPIO_ResetBits
                0x00000000        0x4 ..\obj\stm32f10x_gpio.o
 .text.GPIO_WriteBit
                0x00000000        0xc ..\obj\stm32f10x_gpio.o
 .text.GPIO_Write
                0x00000000        0x4 ..\obj\stm32f10x_gpio.o
 .text.GPIO_PinLockConfig
                0x00000000       0x10 ..\obj\stm32f10x_gpio.o
 .text.GPIO_EventOutputConfig
                0x00000000       0x1c ..\obj\stm32f10x_gpio.o
 .text.GPIO_EventOutputCmd
                0x00000000        0xc ..\obj\stm32f10x_gpio.o
 .text.GPIO_PinRemapConfig
                0x00000000       0x6c ..\obj\stm32f10x_gpio.o
 .text.GPIO_EXTILineConfig
                0x00000000       0x2c ..\obj\stm32f10x_gpio.o
 .text.GPIO_ETH_MediaInterfaceConfig
                0x00000000        0xc ..\obj\stm32f10x_gpio.o
 .text          0x00000000        0x0 ..\obj\main.o
 .data          0x00000000        0x0 ..\obj\main.o
 .bss           0x00000000        0x0 ..\obj\main.o
 .text          0x00000000        0x0 ..\obj\init.o
 .data          0x00000000        0x0 ..\obj\init.o
 .bss           0x00000000        0x0 ..\obj\init.o
 .text          0x00000000        0x0 ..\obj\playvoice.o
 .data          0x00000000        0x0 ..\obj\playvoice.o
 .bss           0x00000000        0x0 ..\obj\playvoice.o
 .text.play_voice
                0x00000000       0x38 ..\obj\playvoice.o
 .rodata        0x00000000        0x9 ..\obj\playvoice.o
 .debug_info    0x00000000      0x261 ..\obj\playvoice.o
 .debug_abbrev  0x00000000      0x11c ..\obj\playvoice.o
 .debug_loc     0x00000000       0x21 ..\obj\playvoice.o
 .debug_aranges
                0x00000000       0x20 ..\obj\playvoice.o
 .debug_ranges  0x00000000       0x10 ..\obj\playvoice.o
 .debug_line    0x00000000      0x1e4 ..\obj\playvoice.o
 .debug_str     0x00000000      0x261 ..\obj\playvoice.o
 .comment       0x00000000       0x6f ..\obj\playvoice.o
 .debug_frame   0x00000000       0x30 ..\obj\playvoice.o
 .ARM.attributes
                0x00000000       0x33 ..\obj\playvoice.o
 .text          0x00000000        0x0 ..\obj\printf.o
 .data          0x00000000      0x428 ..\obj\printf.o
 .bss           0x00000000        0x0 ..\obj\printf.o
 .text.PrintChar
                0x00000000        0xc ..\obj\printf.o
 .text.PutChar  0x00000000        0x8 ..\obj\printf.o
 .text.PutString
                0x00000000       0x20 ..\obj\printf.o
 .text.snprintf
                0x00000000       0x20 ..\obj\printf.o
 .text.vsprintf
                0x00000000        0xc ..\obj\printf.o
 .text.vprintf  0x00000000       0xa0 ..\obj\printf.o
 .text.fprintf  0x00000000       0xb0 ..\obj\printf.o
 .text.sprintf  0x00000000       0x20 ..\obj\printf.o
 .text.puts     0x00000000       0x44 ..\obj\printf.o
 .text.fputc    0x00000000       0x30 ..\obj\printf.o
 .text.fputs    0x00000000       0x44 ..\obj\printf.o
 .text          0x00000000        0x0 ..\obj\stm32f10x_rcc.o
 .bss           0x00000000        0x0 ..\obj\stm32f10x_rcc.o
 .text.RCC_DeInit
                0x00000000       0x40 ..\obj\stm32f10x_rcc.o
 .text.RCC_HSEConfig
                0x00000000       0x38 ..\obj\stm32f10x_rcc.o
 .text.RCC_WaitForHSEStartUp
                0x00000000       0x34 ..\obj\stm32f10x_rcc.o
 .text.RCC_AdjustHSICalibrationValue
                0x00000000       0x14 ..\obj\stm32f10x_rcc.o
 .text.RCC_HSICmd
                0x00000000        0xc ..\obj\stm32f10x_rcc.o
 .text.RCC_PLLConfig
                0x00000000       0x14 ..\obj\stm32f10x_rcc.o
 .text.RCC_PLLCmd
                0x00000000        0xc ..\obj\stm32f10x_rcc.o
 .text.RCC_SYSCLKConfig
                0x00000000       0x14 ..\obj\stm32f10x_rcc.o
 .text.RCC_GetSYSCLKSource
                0x00000000       0x10 ..\obj\stm32f10x_rcc.o
 .text.RCC_HCLKConfig
                0x00000000       0x14 ..\obj\stm32f10x_rcc.o
 .text.RCC_PCLK1Config
                0x00000000       0x14 ..\obj\stm32f10x_rcc.o
 .text.RCC_PCLK2Config
                0x00000000       0x14 ..\obj\stm32f10x_rcc.o
 .text.RCC_ITConfig
                0x00000000       0x1c ..\obj\stm32f10x_rcc.o
 .text.RCC_USBCLKConfig
                0x00000000        0xc ..\obj\stm32f10x_rcc.o
 .text.RCC_ADCCLKConfig
                0x00000000       0x14 ..\obj\stm32f10x_rcc.o
 .text.RCC_LSEConfig
                0x00000000       0x20 ..\obj\stm32f10x_rcc.o
 .text.RCC_LSICmd
                0x00000000        0xc ..\obj\stm32f10x_rcc.o
 .text.RCC_RTCCLKConfig
                0x00000000       0x10 ..\obj\stm32f10x_rcc.o
 .text.RCC_RTCCLKCmd
                0x00000000        0xc ..\obj\stm32f10x_rcc.o
 .text.RCC_AHBPeriphClockCmd
                0x00000000       0x1c ..\obj\stm32f10x_rcc.o
 .text.RCC_APB2PeriphResetCmd
                0x00000000       0x1c ..\obj\stm32f10x_rcc.o
 .text.RCC_APB1PeriphResetCmd
                0x00000000       0x1c ..\obj\stm32f10x_rcc.o
 .text.RCC_BackupResetCmd
                0x00000000        0xc ..\obj\stm32f10x_rcc.o
 .text.RCC_ClockSecuritySystemCmd
                0x00000000        0xc ..\obj\stm32f10x_rcc.o
 .text.RCC_MCOConfig
                0x00000000        0xc ..\obj\stm32f10x_rcc.o
 .text.RCC_GetFlagStatus
                0x00000000       0x34 ..\obj\stm32f10x_rcc.o
 .text.RCC_ClearFlag
                0x00000000       0x10 ..\obj\stm32f10x_rcc.o
 .text.RCC_GetITStatus
                0x00000000       0x14 ..\obj\stm32f10x_rcc.o
 .text.RCC_ClearITPendingBit
                0x00000000        0xc ..\obj\stm32f10x_rcc.o
 .text          0x00000000        0x0 ..\obj\StreamParser.o
 .data          0x00000000        0x0 ..\obj\StreamParser.o
 .bss           0x00000000        0x0 ..\obj\StreamParser.o
 .text.Data_Receive_judge
                0x00000000       0x64 ..\obj\StreamParser.o
 .text          0x00000000        0x0 ..\obj\stm32f10x_usart.o
 .data          0x00000000        0x0 ..\obj\stm32f10x_usart.o
 .bss           0x00000000        0x0 ..\obj\stm32f10x_usart.o
 .text.USART_DeInit
                0x00000000       0xb0 ..\obj\stm32f10x_usart.o
 .text.USART_StructInit
                0x00000000       0x18 ..\obj\stm32f10x_usart.o
 .text.USART_ClockInit
                0x00000000       0x24 ..\obj\stm32f10x_usart.o
 .text.USART_ClockStructInit
                0x00000000        0xc ..\obj\stm32f10x_usart.o
 .text.USART_DMACmd
                0x00000000       0x14 ..\obj\stm32f10x_usart.o
 .text.USART_SetAddress
                0x00000000       0x18 ..\obj\stm32f10x_usart.o
 .text.USART_WakeUpConfig
                0x00000000       0x18 ..\obj\stm32f10x_usart.o
 .text.USART_ReceiverWakeUpCmd
                0x00000000       0x1c ..\obj\stm32f10x_usart.o
 .text.USART_LINBreakDetectLengthConfig
                0x00000000       0x18 ..\obj\stm32f10x_usart.o
 .text.USART_LINCmd
                0x00000000       0x1c ..\obj\stm32f10x_usart.o
 .text.USART_SendBreak
                0x00000000        0xc ..\obj\stm32f10x_usart.o
 .text.USART_SetGuardTime
                0x00000000       0x14 ..\obj\stm32f10x_usart.o
 .text.USART_SetPrescaler
                0x00000000       0x14 ..\obj\stm32f10x_usart.o
 .text.USART_SmartCardCmd
                0x00000000       0x1c ..\obj\stm32f10x_usart.o
 .text.USART_SmartCardNACKCmd
                0x00000000       0x1c ..\obj\stm32f10x_usart.o
 .text.USART_HalfDuplexCmd
                0x00000000       0x1c ..\obj\stm32f10x_usart.o
 .text.USART_OverSampling8Cmd
                0x00000000       0x1c ..\obj\stm32f10x_usart.o
 .text.USART_OneBitMethodCmd
                0x00000000       0x1c ..\obj\stm32f10x_usart.o
 .text.USART_IrDAConfig
                0x00000000       0x18 ..\obj\stm32f10x_usart.o
 .text.USART_IrDACmd
                0x00000000       0x1c ..\obj\stm32f10x_usart.o
 .text.USART_ClearITPendingBit
                0x00000000       0x10 ..\obj\stm32f10x_usart.o
 .text          0x00000000        0x0 ..\obj\datalink.o
 .data          0x00000000        0x0 ..\obj\datalink.o
 .text.get_attention1
                0x00000000        0xc ..\obj\datalink.o
 .text.get_attention2
                0x00000000        0xc ..\obj\datalink.o
 .text.get_meditation1
                0x00000000        0xc ..\obj\datalink.o
 .text.get_meditation2
                0x00000000        0xc ..\obj\datalink.o
 .text          0x00000000        0x0 ..\obj\misc.o
 .data          0x00000000        0x0 ..\obj\misc.o
 .bss           0x00000000        0x0 ..\obj\misc.o
 .text.NVIC_SetVectorTable
                0x00000000       0x14 ..\obj\misc.o
 .text.NVIC_SystemLPConfig
                0x00000000       0x18 ..\obj\misc.o
 .text.SysTick_CLKSourceConfig
                0x00000000       0x18 ..\obj\misc.o
 .text          0x00000000        0x0 ..\obj\usart.o
 .data          0x00000000        0x0 ..\obj\usart.o
 .bss           0x00000000        0x0 ..\obj\usart.o
 .text.usart_send_string
                0x00000000       0x38 ..\obj\usart.o
 .text.usart_send_array
                0x00000000       0x2c ..\obj\usart.o
 .text          0x00000000        0x0 c:/program files (x86)/gnu tools arm embedded/5.4 2016q3/bin/../lib/gcc/arm-none-eabi/5.4.1/../../../../arm-none-eabi/lib/armv7-m\libg.a(lib_a-impure.o)
 .data          0x00000000        0x0 c:/program files (x86)/gnu tools arm embedded/5.4 2016q3/bin/../lib/gcc/arm-none-eabi/5.4.1/../../../../arm-none-eabi/lib/armv7-m\libg.a(lib_a-impure.o)
 .bss           0x00000000        0x0 c:/program files (x86)/gnu tools arm embedded/5.4 2016q3/bin/../lib/gcc/arm-none-eabi/5.4.1/../../../../arm-none-eabi/lib/armv7-m\libg.a(lib_a-impure.o)
 .rodata._global_impure_ptr
                0x00000000        0x4 c:/program files (x86)/gnu tools arm embedded/5.4 2016q3/bin/../lib/gcc/arm-none-eabi/5.4.1/../../../../arm-none-eabi/lib/armv7-m\libg.a(lib_a-impure.o)
 .data          0x00000000        0x0 c:/program files (x86)/gnu tools arm embedded/5.4 2016q3/bin/../lib/gcc/arm-none-eabi/5.4.1/../../../../arm-none-eabi/lib/armv7-m\libg.a(lib_a-memcpy.o)
 .bss           0x00000000        0x0 c:/program files (x86)/gnu tools arm embedded/5.4 2016q3/bin/../lib/gcc/arm-none-eabi/5.4.1/../../../../arm-none-eabi/lib/armv7-m\libg.a(lib_a-memcpy.o)
 .text          0x00000000        0x0 c:/program files (x86)/gnu tools arm embedded/5.4 2016q3/bin/../lib/gcc/arm-none-eabi/5.4.1/../../../../arm-none-eabi/lib/armv7-m\libg.a(lib_a-memset.o)
 .data          0x00000000        0x0 c:/program files (x86)/gnu tools arm embedded/5.4 2016q3/bin/../lib/gcc/arm-none-eabi/5.4.1/../../../../arm-none-eabi/lib/armv7-m\libg.a(lib_a-memset.o)
 .bss           0x00000000        0x0 c:/program files (x86)/gnu tools arm embedded/5.4 2016q3/bin/../lib/gcc/arm-none-eabi/5.4.1/../../../../arm-none-eabi/lib/armv7-m\libg.a(lib_a-memset.o)
 .text          0x00000000        0x0 c:/program files (x86)/gnu tools arm embedded/5.4 2016q3/bin/../lib/gcc/arm-none-eabi/5.4.1/../../../../arm-none-eabi/lib/armv7-m\libg.a(lib_a-strlen-stub.o)
 .data          0x00000000        0x0 c:/program files (x86)/gnu tools arm embedded/5.4 2016q3/bin/../lib/gcc/arm-none-eabi/5.4.1/../../../../arm-none-eabi/lib/armv7-m\libg.a(lib_a-strlen-stub.o)
 .bss           0x00000000        0x0 c:/program files (x86)/gnu tools arm embedded/5.4 2016q3/bin/../lib/gcc/arm-none-eabi/5.4.1/../../../../arm-none-eabi/lib/armv7-m\libg.a(lib_a-strlen-stub.o)
 .text.strlen   0x00000000       0x5c c:/program files (x86)/gnu tools arm embedded/5.4 2016q3/bin/../lib/gcc/arm-none-eabi/5.4.1/../../../../arm-none-eabi/lib/armv7-m\libg.a(lib_a-strlen-stub.o)
 .debug_frame   0x00000000       0x20 c:/program files (x86)/gnu tools arm embedded/5.4 2016q3/bin/../lib/gcc/arm-none-eabi/5.4.1/../../../../arm-none-eabi/lib/armv7-m\libg.a(lib_a-strlen-stub.o)
 .ARM.attributes
                0x00000000       0x2d c:/program files (x86)/gnu tools arm embedded/5.4 2016q3/bin/../lib/gcc/arm-none-eabi/5.4.1/../../../../arm-none-eabi/lib/armv7-m\libg.a(lib_a-strlen-stub.o)

Memory Configuration

Name             Origin             Length             Attributes
rom              0x08000000         0x00040000         xr
ram              0x20000000         0x0000c000         xrw
*default*        0x00000000         0xffffffff

Linker script and memory map

                0x2000c000                _eram = 0x2000c000

.text           0x08000000     0x18f8
 *(.isr_vector)
 .isr_vector    0x08000000      0x134 ..\obj\startup_stm32f10x_hd.o
                0x08000000                g_pfnVectors
 *(.text*)
 .text.SystemInit
                0x08000134      0x104 ..\obj\system_stm32f10x.o
                0x08000134                SystemInit
 .text.Default_Handler
                0x08000238        0x4 ..\obj\startup_stm32f10x_hd.o
                0x08000238                EXTI2_IRQHandler
                0x08000238                TIM8_TRG_COM_IRQHandler
                0x08000238                TIM8_CC_IRQHandler
                0x08000238                DebugMon_Handler
                0x08000238                TIM1_CC_IRQHandler
                0x08000238                HardFault_Handler
                0x08000238                TIM6_IRQHandler
                0x08000238                SysTick_Handler
                0x08000238                PVD_IRQHandler
                0x08000238                SDIO_IRQHandler
                0x08000238                PendSV_Handler
                0x08000238                NMI_Handler
                0x08000238                EXTI3_IRQHandler
                0x08000238                EXTI0_IRQHandler
                0x08000238                I2C2_EV_IRQHandler
                0x08000238                UsageFault_Handler
                0x08000238                ADC1_2_IRQHandler
                0x08000238                SPI1_IRQHandler
                0x08000238                TAMPER_IRQHandler
                0x08000238                TIM8_UP_IRQHandler
                0x08000238                DMA2_Channel2_IRQHandler
                0x08000238                DMA1_Channel4_IRQHandler
                0x08000238                RTC_IRQHandler
                0x08000238                DMA1_Channel7_IRQHandler
                0x08000238                CAN1_RX1_IRQHandler
                0x08000238                UART5_IRQHandler
                0x08000238                ADC3_IRQHandler
                0x08000238                TIM4_IRQHandler
                0x08000238                DMA2_Channel1_IRQHandler
                0x08000238                I2C1_EV_IRQHandler
                0x08000238                DMA1_Channel6_IRQHandler
                0x08000238                TIM3_IRQHandler
                0x08000238                RCC_IRQHandler
                0x08000238                TIM1_TRG_COM_IRQHandler
                0x08000238                DMA1_Channel1_IRQHandler
                0x08000238                EXTI15_10_IRQHandler
                0x08000238                TIM7_IRQHandler
                0x08000238                TIM5_IRQHandler
                0x08000238                EXTI9_5_IRQHandler
                0x08000238                SPI2_IRQHandler
                0x08000238                MemManage_Handler
                0x08000238                SVC_Handler
                0x08000238                DMA1_Channel5_IRQHandler
                0x08000238                EXTI4_IRQHandler
                0x08000238                USB_LP_CAN1_RX0_IRQHandler
                0x08000238                USB_HP_CAN1_TX_IRQHandler
                0x08000238                DMA1_Channel3_IRQHandler
                0x08000238                FSMC_IRQHandler
                0x08000238                TIM1_UP_IRQHandler
                0x08000238                WWDG_IRQHandler
                0x08000238                TIM2_IRQHandler
                0x08000238                TIM1_BRK_IRQHandler
                0x08000238                EXTI1_IRQHandler
                0x08000238                RTCAlarm_IRQHandler
                0x08000238                DMA2_Channel4_5_IRQHandler
                0x08000238                I2C2_ER_IRQHandler
                0x08000238                DMA1_Channel2_IRQHandler
                0x08000238                TIM8_BRK_IRQHandler
                0x08000238                CAN1_SCE_IRQHandler
                0x08000238                FLASH_IRQHandler
                0x08000238                BusFault_Handler
                0x08000238                USART1_IRQHandler
                0x08000238                SPI3_IRQHandler
                0x08000238                I2C1_ER_IRQHandler
                0x08000238                USBWakeUp_IRQHandler
                0x08000238                DMA2_Channel3_IRQHandler
 .text.Default_Reset_Handler
                0x0800023c       0x4c ..\obj\startup_stm32f10x_hd.o
                0x0800023c                Default_Reset_Handler
                0x0800023c                Reset_Handler
 .text.GPIO_Init
                0x08000288      0x3cc ..\obj\stm32f10x_gpio.o
                0x08000288                GPIO_Init
 .text.startup.main
                0x08000654        0x8 ..\obj\main.o
                0x08000654                main
 .text.initialise_board
                0x0800065c       0x34 ..\obj\init.o
                0x0800065c                initialise_board
 .text.PutUnsignedInt
                0x08000690       0xa4 ..\obj\printf.o
                0x08000690                PutUnsignedInt
 .text.PutSignedInt
                0x08000734      0x174 ..\obj\printf.o
                0x08000734                PutSignedInt
 .text.PutHexa  0x080008a8       0xb4 ..\obj\printf.o
                0x080008a8                PutHexa
 .text.vsnprintf
                0x0800095c      0x51c ..\obj\printf.o
                0x0800095c                vsnprintf
 .text.vfprintf
                0x08000e78       0xa0 ..\obj\printf.o
                0x08000e78                vfprintf
 .text.printf   0x08000f18       0x28 ..\obj\printf.o
                0x08000f18                printf
 .text.RCC_GetClocksFreq
                0x08000f40       0x98 ..\obj\stm32f10x_rcc.o
                0x08000f40                RCC_GetClocksFreq
 .text.RCC_APB2PeriphClockCmd
                0x08000fd8       0x1c ..\obj\stm32f10x_rcc.o
                0x08000fd8                RCC_APB2PeriphClockCmd
 .text.RCC_APB1PeriphClockCmd
                0x08000ff4       0x1c ..\obj\stm32f10x_rcc.o
                0x08000ff4                RCC_APB1PeriphClockCmd
 .text.THINKGEAR_initParser
                0x08001010       0x20 ..\obj\StreamParser.o
                0x08001010                THINKGEAR_initParser
 .text.parsePacketPayload
                0x08001030       0xb8 ..\obj\StreamParser.o
                0x08001030                parsePacketPayload
 .text.THINKGEAR_parseByte
                0x080010e8       0xc0 ..\obj\StreamParser.o
                0x080010e8                THINKGEAR_parseByte
 .text.USART_Init
                0x080011a8       0xbc ..\obj\stm32f10x_usart.o
                0x080011a8                USART_Init
 .text.USART_Cmd
                0x08001264       0x1c ..\obj\stm32f10x_usart.o
                0x08001264                USART_Cmd
 .text.USART_ITConfig
                0x08001280       0x38 ..\obj\stm32f10x_usart.o
                0x08001280                USART_ITConfig
 .text.USART_SendData
                0x080012b8        0x8 ..\obj\stm32f10x_usart.o
                0x080012b8                USART_SendData
 .text.USART_ReceiveData
                0x080012c0        0x8 ..\obj\stm32f10x_usart.o
                0x080012c0                USART_ReceiveData
 .text.USART_GetFlagStatus
                0x080012c8        0xc ..\obj\stm32f10x_usart.o
                0x080012c8                USART_GetFlagStatus
 .text.USART_ClearFlag
                0x080012d4        0x8 ..\obj\stm32f10x_usart.o
                0x080012d4                USART_ClearFlag
 .text.USART_GetITStatus
                0x080012dc       0x48 ..\obj\stm32f10x_usart.o
                0x080012dc                USART_GetITStatus
 .text.initialise_think_data
                0x08001324       0x20 ..\obj\datalink.o
                0x08001324                initialise_think_data
 .text.USART2_IRQHandler
                0x08001344       0x2c ..\obj\datalink.o
                0x08001344                USART2_IRQHandler
 .text.USART3_IRQHandler
                0x08001370       0x2c ..\obj\datalink.o
                0x08001370                USART3_IRQHandler
 .text.UART4_IRQHandler
                0x0800139c       0x20 ..\obj\datalink.o
                0x0800139c                UART4_IRQHandler
 .text.NVIC_PriorityGroupConfig
                0x080013bc       0x14 ..\obj\misc.o
                0x080013bc                NVIC_PriorityGroupConfig
 .text.NVIC_Init
                0x080013d0       0x6c ..\obj\misc.o
                0x080013d0                NVIC_Init
 .text.initialise_usart1
                0x0800143c       0x84 ..\obj\usart.o
                0x0800143c                initialise_usart1
 .text.initialise_usart2
                0x080014c0       0xb4 ..\obj\usart.o
                0x080014c0                initialise_usart2
 .text.initialise_usart3
                0x08001574       0xbc ..\obj\usart.o
                0x08001574                initialise_usart3
 .text.initialise_uart4
                0x08001630       0xbc ..\obj\usart.o
                0x08001630                initialise_uart4
 .text.usart_send_byte
                0x080016ec       0x18 ..\obj\usart.o
                0x080016ec                usart_send_byte
 .text          0x08001704       0xec c:/program files (x86)/gnu tools arm embedded/5.4 2016q3/bin/../lib/gcc/arm-none-eabi/5.4.1/../../../../arm-none-eabi/lib/armv7-m\libg.a(lib_a-memcpy.o)
                0x08001704                memcpy
 .text.memset   0x080017f0       0x9c c:/program files (x86)/gnu tools arm embedded/5.4 2016q3/bin/../lib/gcc/arm-none-eabi/5.4.1/../../../../arm-none-eabi/lib/armv7-m\libg.a(lib_a-memset.o)
                0x080017f0                memset
 *(.init)
 *(.fini)
 *crtbegin.o(.ctors)
 *crtbegin?.o(.ctors)
 *(EXCLUDE_FILE(*crtend.o *crtend?.o) .ctors)
 *(SORT(.ctors.*))
 *(.ctors)
 *crtbegin.o(.dtors)
 *crtbegin?.o(.dtors)
 *(EXCLUDE_FILE(*crtend.o *crtend?.o) .dtors)
 *(SORT(.dtors.*))
 *(.dtors)
 *(.rodata*)
 .rodata.str1.4
                0x0800188c       0x24 ..\obj\printf.o
 .rodata.str1.4
                0x080018b0       0x48 ..\obj\StreamParser.o
                                 0x45 (size before relaxing)
 *(.eh_fram e*)

.glue_7         0x080018f8        0x0
 .glue_7        0x080018f8        0x0 linker stubs

.glue_7t        0x080018f8        0x0
 .glue_7t       0x080018f8        0x0 linker stubs

.vfp11_veneer   0x080018f8        0x0
 .vfp11_veneer  0x080018f8        0x0 linker stubs

.v4_bx          0x080018f8        0x0
 .v4_bx         0x080018f8        0x0 linker stubs

.iplt           0x080018f8        0x0
 .iplt          0x080018f8        0x0 ..\obj\system_stm32f10x.o

.rel.dyn        0x080018f8        0x0
 .rel.iplt      0x080018f8        0x0 ..\obj\system_stm32f10x.o

.ARM.extab
 *(.ARM.extab* .gnu.linkonce.armextab.*)
                0x080018f8                __exidx_start = .

.ARM.exidx
 *(.ARM.exidx* .gnu.linkonce.armexidx.*)
                0x080018f8                __exidx_end = .
                0x080018f8                __etext = .
                0x080018f8                _sidata = __etext

.data           0x20000000      0x444 load address 0x080018f8
                0x20000000                __data_start__ = .
                0x20000000                _sdata = __data_start__
 *(vtable)
 *(.data*)
 .data          0x20000000       0x14 ..\obj\stm32f10x_rcc.o
 *fill*         0x20000014        0x4 
 .data.impure_data
                0x20000018      0x428 c:/program files (x86)/gnu tools arm embedded/5.4 2016q3/bin/../lib/gcc/arm-none-eabi/5.4.1/../../../../arm-none-eabi/lib/armv7-m\libg.a(lib_a-impure.o)
 .data._impure_ptr
                0x20000440        0x4 c:/program files (x86)/gnu tools arm embedded/5.4 2016q3/bin/../lib/gcc/arm-none-eabi/5.4.1/../../../../arm-none-eabi/lib/armv7-m\libg.a(lib_a-impure.o)
                0x20000440                _impure_ptr
                0x20000444                . = ALIGN (0x4)
                [!provide]                PROVIDE (__preinit_array_start, .)
 *(.preinit_array)
                [!provide]                PROVIDE (__preinit_array_end, .)
                0x20000444                . = ALIGN (0x4)
                [!provide]                PROVIDE (__init_array_start, .)
 *(SORT(.init_array.*))
 *(.init_array)
                [!provide]                PROVIDE (__init_array_end, .)
                0x20000444                . = ALIGN (0x4)
                [!provide]                PROVIDE (__fini_array_start, .)
 *(SORT(.fini_array.*))
 *(.fini_array)
                [!provide]                PROVIDE (__fini_array_end, .)
 *(.jcr*)
                0x20000444                . = ALIGN (0x4)
                0x20000444                __data_end__ = .
                0x20000444                _edata = __data_end__

.igot.plt       0x20000444        0x0 load address 0x08001d3c
 .igot.plt      0x20000444        0x0 ..\obj\system_stm32f10x.o

.bss            0x20000444       0xe0 load address 0x08001d3c
                0x20000444                . = ALIGN (0x4)
                0x20000444                __bss_start__ = .
                0x20000444                _sbss = __bss_start__
 *(.bss*)
 .bss           0x20000444       0xdf ..\obj\datalink.o
 *(COMMON)
                0x20000524                . = ALIGN (0x4)
 *fill*         0x20000523        0x1 
                0x20000524                __bss_end__ = .
                0x20000524                _ebss = __bss_end__

.heap           0x20000524        0x0
                0x20000524                __end__ = .
                0x20000524                _end = __end__
                0x20000524                end = __end__
 *(.heap*)
                0x20000524                __HeapLimit = .

.co_stack       0x20000524      0x404 load address 0x08001e1c
                0x20000528                . = ALIGN (0x8)
 *fill*         0x20000524        0x4 
 *(.co_stack .co_stack.*)
 .co_stack      0x20000528      0x400 ..\obj\startup_stm32f10x_hd.o
                0x20000528                pulStack
                0x2000c000                __StackTop = (ORIGIN (ram) + LENGTH (ram))
                0x2000bbfc                __StackLimit = (__StackTop - SIZEOF (.co_stack))
                [!provide]                PROVIDE (__stack, __StackTop)
                0x00000001                ASSERT ((__StackLimit >= __HeapLimit), region ram  overflowed with stack)
LOAD ..\obj\system_stm32f10x.o
LOAD ..\obj\startup_stm32f10x_hd.o
LOAD ..\obj\stm32f10x_gpio.o
LOAD ..\obj\main.o
LOAD ..\obj\init.o
LOAD ..\obj\playvoice.o
LOAD ..\obj\printf.o
LOAD ..\obj\stm32f10x_rcc.o
LOAD ..\obj\StreamParser.o
LOAD ..\obj\stm32f10x_usart.o
LOAD ..\obj\datalink.o
LOAD ..\obj\misc.o
LOAD ..\obj\usart.o
START GROUP
LOAD c:/program files (x86)/gnu tools arm embedded/5.4 2016q3/bin/../lib/gcc/arm-none-eabi/5.4.1/armv7-m\libgcc.a
LOAD c:/program files (x86)/gnu tools arm embedded/5.4 2016q3/bin/../lib/gcc/arm-none-eabi/5.4.1/../../../../arm-none-eabi/lib/armv7-m\libg.a
LOAD c:/program files (x86)/gnu tools arm embedded/5.4 2016q3/bin/../lib/gcc/arm-none-eabi/5.4.1/../../../../arm-none-eabi/lib/armv7-m\libc.a
END GROUP
OUTPUT(holtek.elf elf32-littlearm)

.debug_info     0x00000000     0x6397
 .debug_info    0x00000000      0x4c4 ..\obj\system_stm32f10x.o
 .debug_info    0x000004c4      0x122 ..\obj\startup_stm32f10x_hd.o
 .debug_info    0x000005e6      0x88f ..\obj\stm32f10x_gpio.o
 .debug_info    0x00000e75       0xc4 ..\obj\main.o
 .debug_info    0x00000f39      0x177 ..\obj\init.o
 .debug_info    0x000010b0     0x23d1 ..\obj\printf.o
 .debug_info    0x00003481      0x942 ..\obj\stm32f10x_rcc.o
 .debug_info    0x00003dc3      0x387 ..\obj\StreamParser.o
 .debug_info    0x0000414a      0xb26 ..\obj\stm32f10x_usart.o
 .debug_info    0x00004c70      0x4b4 ..\obj\datalink.o
 .debug_info    0x00005124      0x55c ..\obj\misc.o
 .debug_info    0x00005680      0xd17 ..\obj\usart.o

.debug_abbrev   0x00000000     0x13f4
 .debug_abbrev  0x00000000      0x16e ..\obj\system_stm32f10x.o
 .debug_abbrev  0x0000016e       0xdf ..\obj\startup_stm32f10x_hd.o
 .debug_abbrev  0x0000024d      0x200 ..\obj\stm32f10x_gpio.o
 .debug_abbrev  0x0000044d       0x88 ..\obj\main.o
 .debug_abbrev  0x000004d5       0x9d ..\obj\init.o
 .debug_abbrev  0x00000572      0x3da ..\obj\printf.o
 .debug_abbrev  0x0000094c      0x26e ..\obj\stm32f10x_rcc.o
 .debug_abbrev  0x00000bba      0x15a ..\obj\StreamParser.o
 .debug_abbrev  0x00000d14      0x1e4 ..\obj\stm32f10x_usart.o
 .debug_abbrev  0x00000ef8      0x18b ..\obj\datalink.o
 .debug_abbrev  0x00001083      0x156 ..\obj\misc.o
 .debug_abbrev  0x000011d9      0x21b ..\obj\usart.o

.debug_loc      0x00000000     0x64db
 .debug_loc     0x00000000       0xbc ..\obj\system_stm32f10x.o
 .debug_loc     0x000000bc     0x1532 ..\obj\stm32f10x_gpio.o
 .debug_loc     0x000015ee     0x35f7 ..\obj\printf.o
 .debug_loc     0x00004be5      0x739 ..\obj\stm32f10x_rcc.o
 .debug_loc     0x0000531e      0x503 ..\obj\StreamParser.o
 .debug_loc     0x00005821      0x84f ..\obj\stm32f10x_usart.o
 .debug_loc     0x00006070       0x3c ..\obj\datalink.o
 .debug_loc     0x000060ac      0x193 ..\obj\misc.o
 .debug_loc     0x0000623f      0x29c ..\obj\usart.o

.debug_aranges  0x00000000      0x510
 .debug_aranges
                0x00000000       0x28 ..\obj\system_stm32f10x.o
 .debug_aranges
                0x00000028       0x28 ..\obj\startup_stm32f10x_hd.o
 .debug_aranges
                0x00000050       0xa8 ..\obj\stm32f10x_gpio.o
 .debug_aranges
                0x000000f8       0x20 ..\obj\main.o
 .debug_aranges
                0x00000118       0x20 ..\obj\init.o
 .debug_aranges
                0x00000138       0xa0 ..\obj\printf.o
 .debug_aranges
                0x000001d8      0x118 ..\obj\stm32f10x_rcc.o
 .debug_aranges
                0x000002f0       0x38 ..\obj\StreamParser.o
 .debug_aranges
                0x00000328      0x100 ..\obj\stm32f10x_usart.o
 .debug_aranges
                0x00000428       0x58 ..\obj\datalink.o
 .debug_aranges
                0x00000480       0x40 ..\obj\misc.o
 .debug_aranges
                0x000004c0       0x50 ..\obj\usart.o

.debug_ranges   0x00000000      0xa90
 .debug_ranges  0x00000000       0x40 ..\obj\system_stm32f10x.o
 .debug_ranges  0x00000040       0x18 ..\obj\startup_stm32f10x_hd.o
 .debug_ranges  0x00000058       0x98 ..\obj\stm32f10x_gpio.o
 .debug_ranges  0x000000f0       0x10 ..\obj\main.o
 .debug_ranges  0x00000100       0x10 ..\obj\init.o
 .debug_ranges  0x00000110      0x688 ..\obj\printf.o
 .debug_ranges  0x00000798      0x128 ..\obj\stm32f10x_rcc.o
 .debug_ranges  0x000008c0       0x28 ..\obj\StreamParser.o
 .debug_ranges  0x000008e8       0xf0 ..\obj\stm32f10x_usart.o
 .debug_ranges  0x000009d8       0x48 ..\obj\datalink.o
 .debug_ranges  0x00000a20       0x30 ..\obj\misc.o
 .debug_ranges  0x00000a50       0x40 ..\obj\usart.o

.debug_line     0x00000000     0x27ab
 .debug_line    0x00000000      0x1fc ..\obj\system_stm32f10x.o
 .debug_line    0x000001fc       0x91 ..\obj\startup_stm32f10x_hd.o
 .debug_line    0x0000028d      0x4b6 ..\obj\stm32f10x_gpio.o
 .debug_line    0x00000743      0x180 ..\obj\main.o
 .debug_line    0x000008c3      0x1f8 ..\obj\init.o
 .debug_line    0x00000abb      0x7ba ..\obj\printf.o
 .debug_line    0x00001275      0x4c1 ..\obj\stm32f10x_rcc.o
 .debug_line    0x00001736      0x32c ..\obj\StreamParser.o
 .debug_line    0x00001a62      0x4b2 ..\obj\stm32f10x_usart.o
 .debug_line    0x00001f14      0x297 ..\obj\datalink.o
 .debug_line    0x000021ab      0x241 ..\obj\misc.o
 .debug_line    0x000023ec      0x3bf ..\obj\usart.o

.debug_str      0x00000000     0x1dae
 .debug_str     0x00000000      0x282 ..\obj\system_stm32f10x.o
                                0x2f1 (size before relaxing)
 .debug_str     0x00000282       0xb6 ..\obj\startup_stm32f10x_hd.o
                                0x158 (size before relaxing)
 .debug_str     0x00000338      0x3c6 ..\obj\stm32f10x_gpio.o
                                0x532 (size before relaxing)
 .debug_str     0x000006fe       0x37 ..\obj\main.o
                                0x164 (size before relaxing)
 .debug_str     0x00000735       0xa1 ..\obj\init.o
                                0x1ee (size before relaxing)
 .debug_str     0x000007d6      0x56f ..\obj\printf.o
                                0x72c (size before relaxing)
 .debug_str     0x00000d45      0x3cb ..\obj\stm32f10x_rcc.o
                                0x61c (size before relaxing)
 .debug_str     0x00001110      0x19e ..\obj\StreamParser.o
                                0x346 (size before relaxing)
 .debug_str     0x000012ae      0x40f ..\obj\stm32f10x_usart.o
                                0x6d2 (size before relaxing)
 .debug_str     0x000016bd       0xb6 ..\obj\datalink.o
                                0x38d (size before relaxing)
 .debug_str     0x00001773      0x1ab ..\obj\misc.o
                                0x3c0 (size before relaxing)
 .debug_str     0x0000191e      0x490 ..\obj\usart.o
                                0x9d9 (size before relaxing)

.comment        0x00000000       0x6e
 .comment       0x00000000       0x6e ..\obj\system_stm32f10x.o
                                 0x6f (size before relaxing)
 .comment       0x0000006e       0x6f ..\obj\startup_stm32f10x_hd.o
 .comment       0x0000006e       0x6f ..\obj\stm32f10x_gpio.o
 .comment       0x0000006e       0x6f ..\obj\main.o
 .comment       0x0000006e       0x6f ..\obj\init.o
 .comment       0x0000006e       0x6f ..\obj\printf.o
 .comment       0x0000006e       0x6f ..\obj\stm32f10x_rcc.o
 .comment       0x0000006e       0x6f ..\obj\StreamParser.o
 .comment       0x0000006e       0x6f ..\obj\stm32f10x_usart.o
 .comment       0x0000006e       0x6f ..\obj\datalink.o
 .comment       0x0000006e       0x6f ..\obj\misc.o
 .comment       0x0000006e       0x6f ..\obj\usart.o

.ARM.attributes
                0x00000000       0x31
 .ARM.attributes
                0x00000000       0x33 ..\obj\system_stm32f10x.o
 .ARM.attributes
                0x00000033       0x33 ..\obj\startup_stm32f10x_hd.o
 .ARM.attributes
                0x00000066       0x33 ..\obj\stm32f10x_gpio.o
 .ARM.attributes
                0x00000099       0x33 ..\obj\main.o
 .ARM.attributes
                0x000000cc       0x33 ..\obj\init.o
 .ARM.attributes
                0x000000ff       0x33 ..\obj\printf.o
 .ARM.attributes
                0x00000132       0x33 ..\obj\stm32f10x_rcc.o
 .ARM.attributes
                0x00000165       0x33 ..\obj\StreamParser.o
 .ARM.attributes
                0x00000198       0x33 ..\obj\stm32f10x_usart.o
 .ARM.attributes
                0x000001cb       0x33 ..\obj\datalink.o
 .ARM.attributes
                0x000001fe       0x33 ..\obj\misc.o
 .ARM.attributes
                0x00000231       0x33 ..\obj\usart.o
 .ARM.attributes
                0x00000264       0x2d c:/program files (x86)/gnu tools arm embedded/5.4 2016q3/bin/../lib/gcc/arm-none-eabi/5.4.1/../../../../arm-none-eabi/lib/armv7-m\libg.a(lib_a-impure.o)
 .ARM.attributes
                0x00000291       0x1b c:/program files (x86)/gnu tools arm embedded/5.4 2016q3/bin/../lib/gcc/arm-none-eabi/5.4.1/../../../../arm-none-eabi/lib/armv7-m\libg.a(lib_a-memcpy.o)
 .ARM.attributes
                0x000002ac       0x2d c:/program files (x86)/gnu tools arm embedded/5.4 2016q3/bin/../lib/gcc/arm-none-eabi/5.4.1/../../../../arm-none-eabi/lib/armv7-m\libg.a(lib_a-memset.o)

.debug_frame    0x00000000      0xc90
 .debug_frame   0x00000000       0x48 ..\obj\system_stm32f10x.o
 .debug_frame   0x00000048       0x3c ..\obj\startup_stm32f10x_hd.o
 .debug_frame   0x00000084      0x1b0 ..\obj\stm32f10x_gpio.o
 .debug_frame   0x00000234       0x28 ..\obj\main.o
 .debug_frame   0x0000025c       0x2c ..\obj\init.o
 .debug_frame   0x00000288      0x2b0 ..\obj\printf.o
 .debug_frame   0x00000538      0x224 ..\obj\stm32f10x_rcc.o
 .debug_frame   0x0000075c       0x80 ..\obj\StreamParser.o
 .debug_frame   0x000007dc      0x258 ..\obj\stm32f10x_usart.o
 .debug_frame   0x00000a34       0xc0 ..\obj\datalink.o
 .debug_frame   0x00000af4       0x6c ..\obj\misc.o
 .debug_frame   0x00000b60       0xfc ..\obj\usart.o
 .debug_frame   0x00000c5c       0x34 c:/program files (x86)/gnu tools arm embedded/5.4 2016q3/bin/../lib/gcc/arm-none-eabi/5.4.1/../../../../arm-none-eabi/lib/armv7-m\libg.a(lib_a-memset.o)
